Component: ARM Compiler 5.05 update 1 (build 106) Tool: armlink [4d0efa]

==============================================================================

Section Cross References

    delay.o(.text) refers to misc.o(.text) for SysTick_CLKSourceConfig
    delay.o(.text) refers to delay.o(.data) for .data
    flash_spi.o(.text) refers to stm32f4xx_gpio.o(.text) for GPIO_ResetBits
    main.o(.text) refers to memcpya.o(.text) for __aeabi_memcpy4
    main.o(.text) refers to w25q128.o(.text) for W25QXX_Write
    main.o(.text) refers to wizchip_conf.o(.text) for ctlnetwork
    main.o(.text) refers to socket.o(.text) for socket
    main.o(.text) refers to spi.o(.text) for SPI_Configuration
    main.o(.text) refers to delay.o(.text) for delay_init
    main.o(.text) refers to sample.o(.text) for light_Configration
    main.o(.text) refers to portserial.o(.text) for xMBPortSerialInit
    main.o(.text) refers to stm32f4xx_gpio.o(.text) for GPIO_ResetBits
    main.o(.text) refers to demo.o(.text) for eMBPoll_TCP
    main.o(.text) refers to main.o(.constdata) for .constdata
    main.o(.text) refers to demo.o(.bss) for databuffer
    main.o(.text) refers to main.o(.data) for .data
    sample.o(.text) refers to stm32f4xx_rcc.o(.text) for RCC_AHB1PeriphClockCmd
    sample.o(.text) refers to stm32f4xx_gpio.o(.text) for GPIO_Init
    sample.o(.text) refers to stm32f4xx_tim.o(.text) for TIM_TimeBaseStructInit
    sample.o(.text) refers to misc.o(.text) for NVIC_PriorityGroupConfig
    sample.o(.text) refers to stm32f4xx_dma.o(.text) for DMA_DeInit
    sample.o(.text) refers to stm32f4xx_adc.o(.text) for ADC_DeInit
    sample.o(.text) refers to sample.o(.bss) for .bss
    sample.o(.text) refers to sample.o(.data) for .data
    w25q128.o(.text) refers to stm32f4xx_gpio.o(.text) for GPIO_ResetBits
    w25q128.o(.text) refers to flash_spi.o(.text) for SPI1_ReadWriteByte
    w25q128.o(.text) refers to stm32f4xx_rcc.o(.text) for RCC_AHB1PeriphClockCmd
    w25q128.o(.text) refers to delay.o(.text) for delay_us
    w25q128.o(.text) refers to w25q128.o(.data) for .data
    w25q128.o(.text) refers to w25q128.o(.bss) for .bss
    inforchange.o(.text) refers to memseta.o(.text) for __aeabi_memclr4
    inforchange.o(.text) refers to w25q128.o(.text) for W25QXX_Write
    inforchange.o(.text) refers to socket.o(.text) for send
    inforchange.o(.text) refers to demo.o(.bss) for usRegHoldingBuf
    startup_stm32f4xx.o(RESET) refers to startup_stm32f4xx.o(STACK) for __initial_sp
    startup_stm32f4xx.o(RESET) refers to startup_stm32f4xx.o(.text) for Reset_Handler
    startup_stm32f4xx.o(RESET) refers to stm32f4xx_it.o(.text) for NMI_Handler
    startup_stm32f4xx.o(RESET) refers to porttimer.o(.text) for TIM4_IRQHandler
    startup_stm32f4xx.o(RESET) refers to portserial.o(.text) for USART1_IRQHandler
    startup_stm32f4xx.o(RESET) refers to sample.o(.text) for DMA2_Stream0_IRQHandler
    startup_stm32f4xx.o(.text) refers to system_stm32f4xx.o(.text) for SystemInit
    startup_stm32f4xx.o(.text) refers to entry.o(.ARM.Collect$$$$00000000) for __main
    stm32f4xx_adc.o(.text) refers to stm32f4xx_rcc.o(.text) for RCC_APB2PeriphResetCmd
    stm32f4xx_gpio.o(.text) refers to stm32f4xx_rcc.o(.text) for RCC_AHB1PeriphResetCmd
    stm32f4xx_rcc.o(.text) refers to stm32f4xx_rcc.o(.data) for .data
    stm32f4xx_usart.o(.text) refers to stm32f4xx_rcc.o(.text) for RCC_APB2PeriphResetCmd
    stm32f4xx_spi.o(.text) refers to stm32f4xx_rcc.o(.text) for RCC_APB2PeriphResetCmd
    stm32f4xx_tim.o(.text) refers to stm32f4xx_rcc.o(.text) for RCC_APB2PeriphResetCmd
    system_stm32f4xx.o(.text) refers to system_stm32f4xx.o(.data) for .data
    socket.o(.text) refers to w5500.o(.text) for WIZCHIP_WRITE
    socket.o(.text) refers to socket.o(.data) for .data
    socket.o(.text) refers to socket.o(.bss) for .bss
    spi.o(.text) refers to stm32f4xx_rcc.o(.text) for RCC_AHB1PeriphClockCmd
    spi.o(.text) refers to stm32f4xx_gpio.o(.text) for GPIO_PinAFConfig
    spi.o(.text) refers to stm32f4xx_spi.o(.text) for SPI_Init
    wizchip_conf.o(.text) refers to w5500.o(.text) for WIZCHIP_READ
    wizchip_conf.o(.text) refers to wizchip_conf.o(.data) for .data
    wizchip_conf.o(.data) refers to wizchip_conf.o(.text) for wizchip_cris_enter
    w5500.o(.text) refers to wizchip_conf.o(.data) for WIZCHIP
    dns.o(.text) refers to strcpy.o(.text) for strcpy
    dns.o(.text) refers to strlen.o(.text) for strlen
    dns.o(.text) refers to strchr.o(.text) for strchr
    dns.o(.text) refers to strncpy.o(.text) for strncpy
    dns.o(.text) refers to socket.o(.text) for socket
    dns.o(.text) refers to w5500.o(.text) for getSn_RX_RSR
    dns.o(.text) refers to dns.o(.data) for .data
    dhcp.o(.text) refers to w5500.o(.text) for WIZCHIP_WRITE_BUF
    dhcp.o(.text) refers to socket.o(.text) for sendto
    dhcp.o(.text) refers to dhcp.o(.data) for .data
    dhcp.o(.data) refers to dhcp.o(.text) for default_ip_assign
[...]
    ..\Libraries\STM32F4xx_StdPeriph_Driver\src\misc.c 0x00000000   Number         0  misc.o ABSOLUTE
    ..\Libraries\STM32F4xx_StdPeriph_Driver\src\stm32f4xx_adc.c 0x00000000   Number         0  stm32f4xx_adc.o ABSOLUTE
    ..\Libraries\STM32F4xx_StdPeriph_Driver\src\stm32f4xx_dma.c 0x00000000   Number         0  stm32f4xx_dma.o ABSOLUTE
    ..\Libraries\STM32F4xx_StdPeriph_Driver\src\stm32f4xx_gpio.c 0x00000000   Number         0  stm32f4xx_gpio.o ABSOLUTE
    ..\Libraries\STM32F4xx_StdPeriph_Driver\src\stm32f4xx_rcc.c 0x00000000   Number         0  stm32f4xx_rcc.o ABSOLUTE
    ..\Libraries\STM32F4xx_StdPeriph_Driver\src\stm32f4xx_spi.c 0x00000000   Number         0  stm32f4xx_spi.o ABSOLUTE
    ..\Libraries\STM32F4xx_StdPeriph_Driver\src\stm32f4xx_tim.c 0x00000000   Number         0  stm32f4xx_tim.o ABSOLUTE
    ..\Libraries\STM32F4xx_StdPeriph_Driver\src\stm32f4xx_usart.c 0x00000000   Number         0  stm32f4xx_usart.o ABSOLUTE
    ..\User\Ethernet\W5500\w5500.c           0x00000000   Number         0  w5500.o ABSOLUTE
    ..\User\Ethernet\socket.c                0x00000000   Number         0  socket.o ABSOLUTE
    ..\User\Ethernet\spi.c                   0x00000000   Number         0  spi.o ABSOLUTE
    ..\User\Ethernet\wizchip_conf.c          0x00000000   Number         0  wizchip_conf.o ABSOLUTE
    ..\User\Inforchange.c                    0x00000000   Number         0  inforchange.o ABSOLUTE
    ..\User\Internet\DHCP\dhcp.c             0x00000000   Number         0  dhcp.o ABSOLUTE
    ..\User\Internet\DNS\dns.c               0x00000000   Number         0  dns.o ABSOLUTE
    ..\User\delay.c                          0x00000000   Number         0  delay.o ABSOLUTE
    ..\User\flash_spi.c                      0x00000000   Number         0  flash_spi.o ABSOLUTE
    ..\User\main.c                           0x00000000   Number         0  main.o ABSOLUTE
    ..\User\modbus_Driver\ascii\mbascii.c    0x00000000   Number         0  mbascii.o ABSOLUTE
    ..\User\modbus_Driver\functions\mbfunccoils.c 0x00000000   Number         0  mbfunccoils.o ABSOLUTE
    ..\User\modbus_Driver\functions\mbfuncdiag.c 0x00000000   Number         0  mbfuncdiag.o ABSOLUTE
    ..\User\modbus_Driver\functions\mbfuncdisc.c 0x00000000   Number         0  mbfuncdisc.o ABSOLUTE
    ..\User\modbus_Driver\functions\mbfuncholding.c 0x00000000   Number         0  mbfuncholding.o ABSOLUTE
    ..\User\modbus_Driver\functions\mbfuncinput.c 0x00000000   Number         0  mbfuncinput.o ABSOLUTE
    ..\User\modbus_Driver\functions\mbfuncother.c 0x00000000   Number         0  mbfuncother.o ABSOLUTE
    ..\User\modbus_Driver\functions\mbutils.c 0x00000000   Number         0  mbutils.o ABSOLUTE
    ..\User\modbus_Driver\mb.c               0x00000000   Number         0  mb.o ABSOLUTE
    ..\User\modbus_Driver\rtu\mbcrc.c        0x00000000   Number         0  mbcrc.o ABSOLUTE
    ..\User\modbus_Driver\rtu\mbrtu.c        0x00000000   Number         0  mbrtu.o ABSOLUTE
    ..\User\modbus_Driver\tcp\mbtcp.c        0x00000000   Number         0  mbtcp.o ABSOLUTE
    ..\User\modbus_user\demo.c               0x00000000   Number         0  demo.o ABSOLUTE
    ..\User\modbus_user\port\portevent.c     0x00000000   Number         0  portevent.o ABSOLUTE
    ..\User\modbus_user\port\portserial.c    0x00000000   Number         0  portserial.o ABSOLUTE
    ..\User\modbus_user\port\porttimer.c     0x00000000   Number         0  porttimer.o ABSOLUTE
    ..\User\sample.c                         0x00000000   Number         0  sample.o ABSOLUTE
    ..\User\stm32f4xx_it.c                   0x00000000   Number         0  stm32f4xx_it.o ABSOLUTE
    ..\User\w25q128.c                        0x00000000   Number         0  w25q128.o ABSOLUTE
    ..\\Libraries\\CMSIS\\Device\\ST\\STM32F4xx\\Source\\Templates\\system_stm32f4xx.c 0x00000000   Number         0  system_stm32f4xx.o ABSOLUTE
    ..\\Libraries\\STM32F4xx_StdPeriph_Driver\\src\\misc.c 0x00000000   Number         0  misc.o ABSOLUTE
    ..\\Libraries\\STM32F4xx_StdPeriph_Driver\\src\\stm32f4xx_adc.c 0x00000000   Number         0  stm32f4xx_adc.o ABSOLUTE
    ..\\Libraries\\STM32F4xx_StdPeriph_Driver\\src\\stm32f4xx_dma.c 0x00000000   Number         0  stm32f4xx_dma.o ABSOLUTE
    ..\\Libraries\\STM32F4xx_StdPeriph_Driver\\src\\stm32f4xx_gpio.c 0x00000000   Number         0  stm32f4xx_gpio.o ABSOLUTE
    ..\\Libraries\\STM32F4xx_StdPeriph_Driver\\src\\stm32f4xx_rcc.c 0x00000000   Number         0  stm32f4xx_rcc.o ABSOLUTE
    ..\\Libraries\\STM32F4xx_StdPeriph_Driver\\src\\stm32f4xx_spi.c 0x00000000   Number         0  stm32f4xx_spi.o ABSOLUTE
    ..\\Libraries\\STM32F4xx_StdPeriph_Driver\\src\\stm32f4xx_tim.c 0x00000000   Number         0  stm32f4xx_tim.o ABSOLUTE
    ..\\Libraries\\STM32F4xx_StdPeriph_Driver\\src\\stm32f4xx_usart.c 0x00000000   Number         0  stm32f4xx_usart.o ABSOLUTE
    ..\\User\\Ethernet\\spi.c                0x00000000   Number         0  spi.o ABSOLUTE
    ..\\User\\Inforchange.c                  0x00000000   Number         0  inforchange.o ABSOLUTE
    ..\\User\\delay.c                        0x00000000   Number         0  delay.o ABSOLUTE
    ..\\User\\flash_spi.c                    0x00000000   Number         0  flash_spi.o ABSOLUTE
    ..\\User\\main.c                         0x00000000   Number         0  main.o ABSOLUTE
    ..\\User\\modbus_user\\demo.c            0x00000000   Number         0  demo.o ABSOLUTE
    ..\\User\\modbus_user\\port\\portserial.c 0x00000000   Number         0  portserial.o ABSOLUTE
    ..\\User\\modbus_user\\port\\porttimer.c 0x00000000   Number         0  porttimer.o ABSOLUTE
    ..\\User\\sample.c                       0x00000000   Number         0  sample.o ABSOLUTE
    ..\\User\\stm32f4xx_it.c                 0x00000000   Number         0  stm32f4xx_it.o ABSOLUTE
    ..\\User\\w25q128.c                      0x00000000   Number         0  w25q128.o ABSOLUTE
    cdrcmple.s                               0x00000000   Number         0  cdrcmple.o ABSOLUTE
    dc.s                                     0x00000000   Number         0  dc.o ABSOLUTE
    handlers.s                               0x00000000   Number         0  handlers.o ABSOLUTE
    init.s                                   0x00000000   Number         0  init.o ABSOLUTE
    RESET                                    0x08000000   Section      392  startup_stm32f4xx.o(RESET)
    .ARM.Collect$$$$00000000                 0x08000188   Section        0  entry.o(.ARM.Collect$$$$00000000)
    .ARM.Collect$$$$00000001                 0x08000188   Section        4  entry2.o(.ARM.Collect$$$$00000001)
    .ARM.Collect$$$$00000004                 0x0800018c   Section        4  entry5.o(.ARM.Collect$$$$00000004)
    .ARM.Collect$$$$00000008                 0x08000190   Section        0  entry7b.o(.ARM.Collect$$$$00000008)
    .ARM.Collect$$$$0000000A                 0x08000190   Section        0  entry8b.o(.ARM.Collect$$$$0000000A)
    .ARM.Collect$$$$0000000B                 0x08000190   Section        8  entry9a.o(.ARM.Collect$$$$0000000B)
    .ARM.Collect$$$$0000000D                 0x08000198   Section        0  entry10a.o(.ARM.Collect$$$$0000000D)
    .ARM.Collect$$$$0000000F                 0x08000198   Section        0  entry11a.o(.ARM.Collect$$$$0000000F)
    .ARM.Collect$$$$00002712                 0x08000198   Section        4  entry2.o(.ARM.Collect$$$$00002712)
    __lit__00000000                          0x08000198   Data           4  entry2.o(.ARM.Collect$$$$00002712)
    .text                                    0x0800019c   Section        0  stm32f4xx_it.o(.text)
    .text                                    0x080001ac   Section        0  delay.o(.text)
    .text                                    0x08000264   Section        0  flash_spi.o(.text)
    .text                                    0x080002cc   Section        0  main.o(.text)
    .text                                    0x0800061c   Section        0  sample.o(.text)
    .text                                    0x08000860   Section        0  w25q128.o(.text)
    .text                                    0x08000c04   Section        0  inforchange.o(.text)
    .text                                    0x08000d18   Section       36  startup_stm32f4xx.o(.text)
    $v0                                      0x08000d18   Number         0  startup_stm32f4xx.o(.text)
    .text                                    0x08000d3c   Section        0  misc.o(.text)
    .text                                    0x08000dec   Section        0  stm32f4xx_adc.o(.text)
    .text                                    0x08001140   Section        0  stm32f4xx_gpio.o(.text)
    .text                                    0x08001358   Section        0  stm32f4xx_rcc.o(.text)
    .text                                    0x08001728   Section        0  stm32f4xx_usart.o(.text)
    .text                                    0x08001a60   Section        0  stm32f4xx_spi.o(.text)
    .text                                    0x08001d50   Section        0  stm32f4xx_dma.o(.text)
    .text                                    0x08002070   Section        0  stm32f4xx_tim.o(.text)
    TI2_Config                               0x080026bb   Thumb Code    54  stm32f4xx_tim.o(.text)
    TI1_Config                               0x08002a1f   Thumb Code    46  stm32f4xx_tim.o(.text)
    .text                                    0x08002a4c   Section        0  system_stm32f4xx.o(.text)
    SetSysClock                              0x08002a4d   Thumb Code   162  system_stm32f4xx.o(.text)
    .text                                    0x08002bc8   Section        0  socket.o(.text)
    .text                                    0x080036f0   Section        0  spi.o(.text)
    .text                                    0x0800382c   Section        0  wizchip_conf.o(.text)
    .text                                    0x08003dc0   Section        0  w5500.o(.text)
    .text                                    0x08004060   Section        0  mbfunccoils.o(.text)
    .text                                    0x0800418c   Section        0  mbfuncdisc.o(.text)
    .text                                    0x080041fe   Section        0  mbfuncholding.o(.text)
    .text                                    0x08004378   Section        0  mbfuncinput.o(.text)
    .text                                    0x080043f0   Section        0  mbfuncother.o(.text)
    .text                                    0x08004450   Section        0  mbutils.o(.text)
    .text                                    0x080044bc   Section        0  mbcrc.o(.text)
    .text                                    0x080044e8   Section        0  mbrtu.o(.text)
    .text                                    0x080046dc   Section        0  portevent.o(.text)
    .text                                    0x08004710   Section        0  portserial.o(.text)
    .text                                    0x08004894   Section        0  porttimer.o(.text)
    .text                                    0x08004944   Section        0  demo.o(.text)
    .text                                    0x08004f70   Section        0  mb.o(.text)
    .text                                    0x08005194   Section        0  mbascii.o(.text)
    prvucMBLRC                               0x08005423   Thumb Code    26  mbascii.o(.text)
    prvucMBBIN2CHAR                          0x0800543d   Thumb Code    28  mbascii.o(.text)
    .text                                    0x0800545c   Section        0  memcpya.o(.text)
    .text                                    0x08005480   Section        0  memseta.o(.text)
    .text                                    0x080054a4   Section        0  uidiv.o(.text)
    .text                                    0x080054d0   Section       36  init.o(.text)
    .text                                    0x080054f4   Section        0  __dczerorl2.o(.text)
    i.__0printf$1                            0x0800554c   Section        0  printf1.o(i.__0printf$1)
    i.__scatterload_copy                     0x0800556c   Section       14  handlers.o(i.__scatterload_copy)
    i.__scatterload_null                     0x0800557a   Section        2  handlers.o(i.__scatterload_null)
    i.__scatterload_zeroinit                 0x0800557c   Section       14  handlers.o(i.__scatterload_zeroinit)
    i._printf_core                           0x0800558c   Section        0  printf1.o(i._printf_core)
    _printf_core                             0x0800558d   Thumb Code   336  printf1.o(i._printf_core)
    i.free                                   0x080056e0   Section        0  malloc.o(i.free)
    i.malloc                                 0x08005730   Section        0  malloc.o(i.malloc)
    i.vMBPortTimersDisable                   0x0800579c   Section        0  porttimer.o(i.vMBPortTimersDisable)
    i.vMBPortTimersEnable                    0x080057cc   Section        0  porttimer.o(i.vMBPortTimersEnable)
    .constdata                               0x080057fc   Section       39  main.o(.constdata)
    .constdata                               0x08005823   Section      512  mbcrc.o(.constdata)
    aucCRCHi                                 0x08005823   Data         256  mbcrc.o(.constdata)
    aucCRCLo                                 0x08005923   Data         256  mbcrc.o(.constdata)
    .constdata                               0x08005a24   Section        2  demo.o(.constdata)
    .data                                    0x20000000   Section        4  delay.o(.data)
    fac_us                                   0x20000000   Data           1  delay.o(.data)
    fac_ms                                   0x20000002   Data           2  delay.o(.data)
    .data                                    0x20000004   Section        1  main.o(.data)
    .data                                    0x20000005   Section        1  sample.o(.data)
    .data                                    0x20000006   Section        2  w25q128.o(.data)
    .data                                    0x20000008   Section       16  stm32f4xx_rcc.o(.data)
    APBAHBPrescTable                         0x20000008   Data          16  stm32f4xx_rcc.o(.data)
    .data                                    0x20000018   Section       20  system_stm32f4xx.o(.data)
    .data                                    0x2000002c   Section       14  socket.o(.data)
    sock_any_port                            0x2000002c   Data           2  socket.o(.data)
    sock_io_mode                             0x2000002e   Data           2  socket.o(.data)
    sock_is_sending                          0x20000030   Data           2  socket.o(.data)
    sock_pack_info                           0x20000032   Data           8  socket.o(.data)
    .data                                    0x2000003c   Section       40  wizchip_conf.o(.data)
    _DHCP_                                   0x2000003c   Data           1  wizchip_conf.o(.data)
    _DNS_                                    0x2000003d   Data           4  wizchip_conf.o(.data)
    .data                                    0x20000064   Section        2  mbfuncother.o(.data)
    usMBSlaveIDLen                           0x20000064   Data           2  mbfuncother.o(.data)
    .data                                    0x20000068   Section       12  mbrtu.o(.data)
    eSndState                                0x20000068   Data           1  mbrtu.o(.data)
    eRcvState                                0x20000069   Data           1  mbrtu.o(.data)
    usSndBufferCount                         0x2000006a   Data           2  mbrtu.o(.data)
    usRcvBufferPos                           0x2000006c   Data           2  mbrtu.o(.data)
    pucSndBufferCur                          0x20000070   Data           4  mbrtu.o(.data)
    .data                                    0x20000074   Section        2  portevent.o(.data)
    eQueuedEvent                             0x20000074   Data           1  portevent.o(.data)
    xEventInQueue                            0x20000075   Data           1  portevent.o(.data)
    .data                                    0x20000076   Section        8  demo.o(.data)
    .data                                    0x20000080   Section      172  mb.o(.data)
    eMBState                                 0x20000080   Data           1  mb.o(.data)
    ucRcvAddress                             0x20000081   Data           1  mb.o(.data)
    ucFunctionCode                           0x20000082   Data           1  mb.o(.data)
    eException                               0x20000083   Data           1  mb.o(.data)
    ucMBAddress                              0x20000084   Data           1  mb.o(.data)
    eMBCurrentMode                           0x20000085   Data           1  mb.o(.data)
    usLength                                 0x20000086   Data           2  mb.o(.data)
    ucMBFrame                                0x20000088   Data           4  mb.o(.data)
    peMBFrameSendCur                         0x2000008c   Data           4  mb.o(.data)
    pvMBFrameStartCur                        0x20000090   Data           4  mb.o(.data)
    pvMBFrameStopCur                         0x20000094   Data           4  mb.o(.data)
    peMBFrameReceiveCur                      0x20000098   Data           4  mb.o(.data)
    pvMBFrameCloseCur                        0x2000009c   Data           4  mb.o(.data)
    xFuncHandlers                            0x200000ac   Data         128  mb.o(.data)
    .data                                    0x2000012c   Section       16  mbascii.o(.data)
    eSndState                                0x2000012c   Data           1  mbascii.o(.data)
    eRcvState                                0x2000012d   Data           1  mbascii.o(.data)
    eBytePos                                 0x2000012e   Data           1  mbascii.o(.data)
    ucMBLFCharacter                          0x2000012f   Data           1  mbascii.o(.data)
    usRcvBufferPos                           0x20000130   Data           2  mbascii.o(.data)
    usSndBufferCount                         0x20000132   Data           2  mbascii.o(.data)
    ucASCIIBuf                               0x20000134   Data           4  mbascii.o(.data)
    pucSndBufferCur                          0x20000138   Data           4  mbascii.o(.data)
    .data                                    0x2000013c   Section        4  stdout.o(.data)
    .data                                    0x20000140   Section        4  mvars.o(.data)
    .data                                    0x20000144   Section        4  mvars.o(.data)
    .bss                                     0x20000148   Section    20000  sample.o(.bss)
    .bss                                     0x20004f68   Section     4096  w25q128.o(.bss)
    .bss                                     0x20005f68   Section       16  socket.o(.bss)
    sock_remained_size                       0x20005f68   Data          16  socket.o(.bss)
    .bss                                     0x20005f78   Section       32  mbfuncother.o(.bss)
    ucMBSlaveID                              0x20005f78   Data          32  mbfuncother.o(.bss)
    .bss                                     0x20005f98   Section      256  mbrtu.o(.bss)
    .bss                                     0x20006098   Section      320  demo.o(.bss)
    HEAP                                     0x200061d8   Section    12288  startup_stm32f4xx.o(HEAP)
    STACK                                    0x200091d8   Section    69632  startup_stm32f4xx.o(STACK)

    Global Symbols

    Symbol Name                              Value     Ov Type        Size  Object(Section)

    BuildAttributes$$THM_ISAv4$E$P$D$K$B$S$7EM$VFPi3$EXTD16$VFPS$VFMA$PE$A:L22UL41UL21$X:L11$S22US41US21$IEEE1$IW$USESV6$~STKCKD$USESV7$~SHL$OSPACE$ROPI$EBA8$MICROLIB$REQ8$PRES8$EABIv2 0x00000000   Number         0  anon$$obj.o ABSOLUTE
    __ARM_use_no_argv                        0x00000000   Number         0  main.o ABSOLUTE
    _printf_a                                0x00000000   Number         0  stubs.o ABSOLUTE
    _printf_c                                0x00000000   Number         0  stubs.o ABSOLUTE
    _printf_charcount                        0x00000000   Number         0  stubs.o ABSOLUTE
    _printf_d                                0x00000000   Number         0  stubs.o ABSOLUTE
    _printf_e                                0x00000000   Number         0  stubs.o ABSOLUTE
    _printf_f                                0x00000000   Number         0  stubs.o ABSOLUTE
    _printf_flags                            0x00000000   Number         0  stubs.o ABSOLUTE
    _printf_fp_dec                           0x00000000   Number         0  stubs.o ABSOLUTE
    _printf_fp_hex                           0x00000000   Number         0  stubs.o ABSOLUTE
    _printf_g                                0x00000000   Number         0  stubs.o ABSOLUTE
    _printf_i                                0x00000000   Number         0  stubs.o ABSOLUTE
    _printf_int_dec                          0x00000000   Number         0  stubs.o ABSOLUTE
    _printf_l                                0x00000000   Number         0  stubs.o ABSOLUTE
    _printf_lc                               0x00000000   Number         0  stubs.o ABSOLUTE
    _printf_ll                               0x00000000   Number         0  stubs.o ABSOLUTE
    _printf_lld                              0x00000000   Number         0  stubs.o ABSOLUTE
    _printf_lli                              0x00000000   Number         0  stubs.o ABSOLUTE
    _printf_llo                              0x00000000   Number         0  stubs.o ABSOLUTE
    _printf_llu                              0x00000000   Number         0  stubs.o ABSOLUTE
    _printf_llx                              0x00000000   Number         0  stubs.o ABSOLUTE
    _printf_longlong_dec                     0x00000000   Number         0  stubs.o ABSOLUTE
    _printf_longlong_hex                     0x00000000   Number         0  stubs.o ABSOLUTE
    _printf_longlong_oct                     0x00000000   Number         0  stubs.o ABSOLUTE
    _printf_ls                               0x00000000   Number         0  stubs.o ABSOLUTE
    _printf_mbtowc                           0x00000000   Number         0  stubs.o ABSOLUTE
    _printf_n                                0x00000000   Number         0  stubs.o ABSOLUTE
    _printf_o                                0x00000000   Number         0  stubs.o ABSOLUTE
    _printf_p                                0x00000000   Number         0  stubs.o ABSOLUTE
    _printf_percent                          0x00000000   Number         0  stubs.o ABSOLUTE
    _printf_pre_padding                      0x00000000   Number         0  stubs.o ABSOLUTE
    _printf_return_value                     0x00000000   Number         0  stubs.o ABSOLUTE
    _printf_s                                0x00000000   Number         0  stubs.o ABSOLUTE
    _printf_sizespec                         0x00000000   Number         0  stubs.o ABSOLUTE
    _printf_str                              0x00000000   Number         0  stubs.o ABSOLUTE
    _printf_truncate_signed                  0x00000000   Number         0  stubs.o ABSOLUTE
    _printf_truncate_unsigned                0x00000000   Number         0  stubs.o ABSOLUTE
    _printf_u                                0x00000000   Number         0  stubs.o ABSOLUTE
    _printf_wc                               0x00000000   Number         0  stubs.o ABSOLUTE
    _printf_wctomb                           0x00000000   Number         0  stubs.o ABSOLUTE
    _printf_widthprec                        0x00000000   Number         0  stubs.o ABSOLUTE
    _printf_x                                0x00000000   Number         0  stubs.o ABSOLUTE
    __cpp_initialize__aeabi_                  - Undefined Weak Reference
    __cxa_finalize                            - Undefined Weak Reference
    _clock_init                               - Undefined Weak Reference
    _microlib_exit                            - Undefined Weak Reference
    __Vectors_Size                           0x00000188   Number         0  startup_stm32f4xx.o ABSOLUTE
    __Vectors                                0x08000000   Data           4  startup_stm32f4xx.o(RESET)
    __Vectors_End                            0x08000188   Data           0  startup_stm32f4xx.o(RESET)
    __main                                   0x08000189   Thumb Code     0  entry.o(.ARM.Collect$$$$00000000)
    _main_stk                                0x08000189   Thumb Code     0  entry2.o(.ARM.Collect$$$$00000001)
    _main_scatterload                        0x0800018d   Thumb Code     0  entry5.o(.ARM.Collect$$$$00000004)
    __main_after_scatterload                 0x08000191   Thumb Code     0  entry5.o(.ARM.Collect$$$$00000004)
    _main_clock                              0x08000191   Thumb Code     0  entry7b.o(.ARM.Collect$$$$00000008)
    _main_cpp_init                           0x08000191   Thumb Code     0  entry8b.o(.ARM.Collect$$$$0000000A)
    _main_init                               0x08000191   Thumb Code     0  entry9a.o(.ARM.Collect$$$$0000000B)
    __rt_final_cpp                           0x08000199   Thumb Code     0  entry10a.o(.ARM.Collect$$$$0000000D)
    __rt_final_exit                          0x08000199   Thumb Code     0  entry11a.o(.ARM.Collect$$$$0000000F)
    NMI_Handler                              0x0800019d   Thumb Code     2  stm32f4xx_it.o(.text)
    HardFault_Handler                        0x0800019f   Thumb Code     2  stm32f4xx_it.o(.text)
    MemManage_Handler                        0x080001a1   Thumb Code     2  stm32f4xx_it.o(.text)
    BusFault_Handler                         0x080001a3   Thumb Code     2  stm32f4xx_it.o(.text)
    UsageFault_Handler                       0x080001a5   Thumb Code     2  stm32f4xx_it.o(.text)
    SVC_Handler                              0x080001a7   Thumb Code     2  stm32f4xx_it.o(.text)
    DebugMon_Handler                         0x080001a9   Thumb Code     2  stm32f4xx_it.o(.text)
    PendSV_Handler                           0x080001ab   Thumb Code     2  stm32f4xx_it.o(.text)
    delay_init                               0x080001ad   Thumb Code    38  delay.o(.text)
    delay_us                                 0x080001d3   Thumb Code    46  delay.o(.text)
    delay_xms                                0x08000201   Thumb Code    46  delay.o(.text)
    delay_ms                                 0x0800022f   Thumb Code    50  delay.o(.text)
    SPI1_ReadWriteByte                       0x08000265   Thumb Code   100  flash_spi.o(.text)
    Init_Information                         0x080002cd   Thumb Code    52  main.o(.text)
    network_init                             0x08000301   Thumb Code   304  main.o(.text)
    platform_init                            0x08000431   Thumb Code    84  main.o(.text)
    main                                     0x08000485   Thumb Code   318  main.o(.text)
    light_Configration                       0x0800061d   Thumb Code    76  sample.o(.text)
    TIM3_Configration                        0x08000669   Thumb Code    86  sample.o(.text)
    NVIC_Configration                        0x080006bf   Thumb Code    40  sample.o(.text)
    DMA_Configration                         0x080006e7   Thumb Code   142  sample.o(.text)
    DMA2_Stream0_IRQHandler                  0x08000775   Thumb Code    34  sample.o(.text)
    ADC_Configration                         0x08000797   Thumb Code   166  sample.o(.text)
    W25QXX_ReadID                            0x08000861   Thumb Code    72  w25q128.o(.text)
    W25QXX_Init                              0x080008a9   Thumb Code   100  w25q128.o(.text)
    W25QXX_ReadSR                            0x0800090d   Thumb Code    42  w25q128.o(.text)
    W25QXX_Write_SR                          0x08000937   Thumb Code    42  w25q128.o(.text)
    W25QXX_Write_Enable                      0x08000961   Thumb Code    34  w25q128.o(.text)
    W25QXX_Write_Disable                     0x08000983   Thumb Code    34  w25q128.o(.text)
    W25QXX_Read                              0x080009a5   Thumb Code    86  w25q128.o(.text)
    W25QXX_Wait_Busy                         0x080009fb   Thumb Code    12  w25q128.o(.text)
    W25QXX_Write_Page                        0x08000a07   Thumb Code    90  w25q128.o(.text)
    W25QXX_Write_NoCheck                     0x08000a61   Thumb Code    62  w25q128.o(.text)
    W25QXX_Erase_Sector                      0x08000a9f   Thumb Code    68  w25q128.o(.text)
    W25QXX_Write                             0x08000ae3   Thumb Code   154  w25q128.o(.text)
    W25QXX_Erase_Chip                        0x08000b7d   Thumb Code    44  w25q128.o(.text)
    W25QXX_PowerDown                         0x08000ba9   Thumb Code    40  w25q128.o(.text)
    W25QXX_WAKEUP                            0x08000bd1   Thumb Code    40  w25q128.o(.text)
    DeviceInformation_Change                 0x08000c05   Thumb Code   242  inforchange.o(.text)
    READ_Device_Information                  0x08000cf7   Thumb Code    30  inforchange.o(.text)
    Reset_Handler                            0x08000d19   Thumb Code     8  startup_stm32f4xx.o(.text)
    SysTick_Handler                          0x08000d31   Thumb Code     2  startup_stm32f4xx.o(.text)
    ADC_IRQHandler                           0x08000d33   Thumb Code     0  startup_stm32f4xx.o(.text)
    CAN1_RX0_IRQHandler                      0x08000d33   Thumb Code     0  startup_stm32f4xx.o(.text)
    CAN1_RX1_IRQHandler                      0x08000d33   Thumb Code     0  startup_stm32f4xx.o(.text)
    CAN1_SCE_IRQHandler                      0x08000d33   Thumb Code     0  startup_stm32f4xx.o(.text)
    CAN1_TX_IRQHandler                       0x08000d33   Thumb Code     0  startup_stm32f4xx.o(.text)
    CAN2_RX0_IRQHandler                      0x08000d33   Thumb Code     0  startup_stm32f4xx.o(.text)
    CAN2_RX1_IRQHandler                      0x08000d33   Thumb Code     0  startup_stm32f4xx.o(.text)
    CAN2_SCE_IRQHandler                      0x08000d33   Thumb Code     0  startup_stm32f4xx.o(.text)
    CAN2_TX_IRQHandler                       0x08000d33   Thumb Code     0  startup_stm32f4xx.o(.text)
    CRYP_IRQHandler                          0x08000d33   Thumb Code     0  startup_stm32f4xx.o(.text)
    DCMI_IRQHandler                          0x08000d33   Thumb Code     0  startup_stm32f4xx.o(.text)
    DMA1_Stream0_IRQHandler                  0x08000d33   Thumb Code     0  startup_stm32f4xx.o(.text)
    DMA1_Stream1_IRQHandler                  0x08000d33   Thumb Code     0  startup_stm32f4xx.o(.text)
    DMA1_Stream2_IRQHandler                  0x08000d33   Thumb Code     0  startup_stm32f4xx.o(.text)
    DMA1_Stream3_IRQHandler                  0x08000d33   Thumb Code     0  startup_stm32f4xx.o(.text)
    DMA1_Stream4_IRQHandler                  0x08000d33   Thumb Code     0  startup_stm32f4xx.o(.text)
    DMA1_Stream5_IRQHandler                  0x08000d33   Thumb Code     0  startup_stm32f4xx.o(.text)
    DMA1_Stream6_IRQHandler                  0x08000d33   Thumb Code     0  startup_stm32f4xx.o(.text)
    DMA1_Stream7_IRQHandler                  0x08000d33   Thumb Code     0  startup_stm32f4xx.o(.text)
    DMA2_Stream1_IRQHandler                  0x08000d33   Thumb Code     0  startup_stm32f4xx.o(.text)
    DMA2_Stream2_IRQHandler                  0x08000d33   Thumb Code     0  startup_stm32f4xx.o(.text)
    DMA2_Stream3_IRQHandler                  0x08000d33   Thumb Code     0  startup_stm32f4xx.o(.text)
    DMA2_Stream4_IRQHandler                  0x08000d33   Thumb Code     0  startup_stm32f4xx.o(.text)
    DMA2_Stream5_IRQHandler                  0x08000d33   Thumb Code     0  startup_stm32f4xx.o(.text)
    DMA2_Stream6_IRQHandler                  0x08000d33   Thumb Code     0  startup_stm32f4xx.o(.text)
    DMA2_Stream7_IRQHandler                  0x08000d33   Thumb Code     0  startup_stm32f4xx.o(.text)
    ETH_IRQHandler                           0x08000d33   Thumb Code     0  startup_stm32f4xx.o(.text)
    ETH_WKUP_IRQHandler                      0x08000d33   Thumb Code     0  startup_stm32f4xx.o(.text)
    EXTI0_IRQHandler                         0x08000d33   Thumb Code     0  startup_stm32f4xx.o(.text)
    EXTI15_10_IRQHandler                     0x08000d33   Thumb Code     0  startup_stm32f4xx.o(.text)
    EXTI1_IRQHandler                         0x08000d33   Thumb Code     0  startup_stm32f4xx.o(.text)
    EXTI2_IRQHandler                         0x08000d33   Thumb Code     0  startup_stm32f4xx.o(.text)
    EXTI3_IRQHandler                         0x08000d33   Thumb Code     0  startup_stm32f4xx.o(.text)
    EXTI4_IRQHandler                         0x08000d33   Thumb Code     0  startup_stm32f4xx.o(.text)
    EXTI9_5_IRQHandler                       0x08000d33   Thumb Code     0  startup_stm32f4xx.o(.text)
    FLASH_IRQHandler                         0x08000d33   Thumb Code     0  startup_stm32f4xx.o(.text)
    FPU_IRQHandler                           0x08000d33   Thumb Code     0  startup_stm32f4xx.o(.text)
    FSMC_IRQHandler                          0x08000d33   Thumb Code     0  startup_stm32f4xx.o(.text)
    HASH_RNG_IRQHandler                      0x08000d33   Thumb Code     0  startup_stm32f4xx.o(.text)
    I2C1_ER_IRQHandler                       0x08000d33   Thumb Code     0  startup_stm32f4xx.o(.text)
    I2C1_EV_IRQHandler                       0x08000d33   Thumb Code     0  startup_stm32f4xx.o(.text)
    I2C2_ER_IRQHandler                       0x08000d33   Thumb Code     0  startup_stm32f4xx.o(.text)
    I2C2_EV_IRQHandler                       0x08000d33   Thumb Code     0  startup_stm32f4xx.o(.text)
    I2C3_ER_IRQHandler                       0x08000d33   Thumb Code     0  startup_stm32f4xx.o(.text)
    I2C3_EV_IRQHandler                       0x08000d33   Thumb Code     0  startup_stm32f4xx.o(.text)
    OTG_FS_IRQHandler                        0x08000d33   Thumb Code     0  startup_stm32f4xx.o(.text)
    OTG_FS_WKUP_IRQHandler                   0x08000d33   Thumb Code     0  startup_stm32f4xx.o(.text)
    OTG_HS_EP1_IN_IRQHandler                 0x08000d33   Thumb Code     0  startup_stm32f4xx.o(.text)
    OTG_HS_EP1_OUT_IRQHandler                0x08000d33   Thumb Code     0  startup_stm32f4xx.o(.text)
    OTG_HS_IRQHandler                        0x08000d33   Thumb Code     0  startup_stm32f4xx.o(.text)
    OTG_HS_WKUP_IRQHandler                   0x08000d33   Thumb Code     0  startup_stm32f4xx.o(.text)
    PVD_IRQHandler                           0x08000d33   Thumb Code     0  startup_stm32f4xx.o(.text)
    RCC_IRQHandler                           0x08000d33   Thumb Code     0  startup_stm32f4xx.o(.text)
    RTC_Alarm_IRQHandler                     0x08000d33   Thumb Code     0  startup_stm32f4xx.o(.text)
    RTC_WKUP_IRQHandler                      0x08000d33   Thumb Code     0  startup_stm32f4xx.o(.text)
    SDIO_IRQHandler                          0x08000d33   Thumb Code     0  startup_stm32f4xx.o(.text)
    SPI1_IRQHandler                          0x08000d33   Thumb Code     0  startup_stm32f4xx.o(.text)
    SPI2_IRQHandler                          0x08000d33   Thumb Code     0  startup_stm32f4xx.o(.text)
    SPI3_IRQHandler                          0x08000d33   Thumb Code     0  startup_stm32f4xx.o(.text)
    TAMP_STAMP_IRQHandler                    0x08000d33   Thumb Code     0  startup_stm32f4xx.o(.text)
    TIM1_BRK_TIM9_IRQHandler                 0x08000d33   Thumb Code     0  startup_stm32f4xx.o(.text)
    TIM1_CC_IRQHandler                       0x08000d33   Thumb Code     0  startup_stm32f4xx.o(.text)
    TIM1_TRG_COM_TIM11_IRQHandler            0x08000d33   Thumb Code     0  startup_stm32f4xx.o(.text)
    TIM1_UP_TIM10_IRQHandler                 0x08000d33   Thumb Code     0  startup_stm32f4xx.o(.text)
    TIM2_IRQHandler                          0x08000d33   Thumb Code     0  startup_stm32f4xx.o(.text)
    TIM3_IRQHandler                          0x08000d33   Thumb Code     0  startup_stm32f4xx.o(.text)
    TIM5_IRQHandler                          0x08000d33   Thumb Code     0  startup_stm32f4xx.o(.text)
    TIM6_DAC_IRQHandler                      0x08000d33   Thumb Code     0  startup_stm32f4xx.o(.text)
    TIM7_IRQHandler                          0x08000d33   Thumb Code     0  startup_stm32f4xx.o(.text)
    TIM8_BRK_TIM12_IRQHandler                0x08000d33   Thumb Code     0  startup_stm32f4xx.o(.text)
    TIM8_CC_IRQHandler                       0x08000d33   Thumb Code     0  startup_stm32f4xx.o(.text)
    TIM8_TRG_COM_TIM14_IRQHandler            0x08000d33   Thumb Code     0  startup_stm32f4xx.o(.text)
    TIM8_UP_TIM13_IRQHandler                 0x08000d33   Thumb Code     0  startup_stm32f4xx.o(.text)
    UART4_IRQHandler                         0x08000d33   Thumb Code     0  startup_stm32f4xx.o(.text)
    UART5_IRQHandler                         0x08000d33   Thumb Code     0  startup_stm32f4xx.o(.text)
    USART2_IRQHandler                        0x08000d33   Thumb Code     0  startup_stm32f4xx.o(.text)
    USART3_IRQHandler                        0x08000d33   Thumb Code     0  startup_stm32f4xx.o(.text)
    USART6_IRQHandler                        0x08000d33   Thumb Code     0  startup_stm32f4xx.o(.text)
    WWDG_IRQHandler                          0x08000d33   Thumb Code     0  startup_stm32f4xx.o(.text)
    NVIC_PriorityGroupConfig                 0x08000d3d   Thumb Code    10  misc.o(.text)
    NVIC_Init                                0x08000d47   Thumb Code    96  misc.o(.text)
    NVIC_SetVectorTable                      0x08000da7   Thumb Code    14  misc.o(.text)
    NVIC_SystemLPConfig                      0x08000db5   Thumb Code    20  misc.o(.text)
    SysTick_CLKSourceConfig                  0x08000dc9   Thumb Code    24  misc.o(.text)
    ADC_DeInit                               0x08000ded   Thumb Code    24  stm32f4xx_adc.o(.text)
    ADC_Init                                 0x08000e05   Thumb Code    66  stm32f4xx_adc.o(.text)
    ADC_StructInit                           0x08000e47   Thumb Code    20  stm32f4xx_adc.o(.text)
    ADC_CommonInit                           0x08000e5b   Thumb Code    34  stm32f4xx_adc.o(.text)
    ADC_CommonStructInit                     0x08000e7d   Thumb Code    12  stm32f4xx_adc.o(.text)
    ADC_Cmd                                  0x08000e89   Thumb Code    20  stm32f4xx_adc.o(.text)
    ADC_AnalogWatchdogCmd                    0x08000e9d   Thumb Code    12  stm32f4xx_adc.o(.text)
    ADC_AnalogWatchdogThresholdsConfig       0x08000ea9   Thumb Code     6  stm32f4xx_adc.o(.text)
    ADC_AnalogWatchdogSingleChannelConfig    0x08000eaf   Thumb Code    12  stm32f4xx_adc.o(.text)
    ADC_TempSensorVrefintCmd                 0x08000ebb   Thumb Code    26  stm32f4xx_adc.o(.text)
    ADC_VBATCmd                              0x08000ed5   Thumb Code    26  stm32f4xx_adc.o(.text)
    ADC_RegularChannelConfig                 0x08000eef   Thumb Code   116  stm32f4xx_adc.o(.text)
    ADC_SoftwareStartConv                    0x08000f63   Thumb Code    10  stm32f4xx_adc.o(.text)
    ADC_GetSoftwareStartConvStatus           0x08000f6d   Thumb Code    14  stm32f4xx_adc.o(.text)
    ADC_EOCOnEachRegularChannelCmd           0x08000f7b   Thumb Code    20  stm32f4xx_adc.o(.text)
    ADC_ContinuousModeCmd                    0x08000f8f   Thumb Code    20  stm32f4xx_adc.o(.text)
    ADC_DiscModeChannelCountConfig           0x08000fa3   Thumb Code    16  stm32f4xx_adc.o(.text)
    ADC_DiscModeCmd                          0x08000fb3   Thumb Code    20  stm32f4xx_adc.o(.text)
    ADC_GetConversionValue                   0x08000fc7   Thumb Code     6  stm32f4xx_adc.o(.text)
    ADC_GetMultiModeConversionValue          0x08000fcd   Thumb Code     8  stm32f4xx_adc.o(.text)
    ADC_DMACmd                               0x08000fd5   Thumb Code    20  stm32f4xx_adc.o(.text)
    ADC_DMARequestAfterLastTransferCmd       0x08000fe9   Thumb Code    20  stm32f4xx_adc.o(.text)
    ADC_MultiModeDMARequestAfterLastTransferCmd 0x08000ffd   Thumb Code    26  stm32f4xx_adc.o(.text)
    ADC_InjectedChannelConfig                0x08001017   Thumb Code    74  stm32f4xx_adc.o(.text)
    ADC_InjectedSequencerLengthConfig        0x08001061   Thumb Code    16  stm32f4xx_adc.o(.text)
    ADC_SetInjectedOffset                    0x08001071   Thumb Code    10  stm32f4xx_adc.o(.text)
    ADC_ExternalTrigInjectedConvConfig       0x0800107b   Thumb Code    12  stm32f4xx_adc.o(.text)
    ADC_ExternalTrigInjectedConvEdgeConfig   0x08001087   Thumb Code    12  stm32f4xx_adc.o(.text)
    ADC_SoftwareStartInjectedConv            0x08001093   Thumb Code    10  stm32f4xx_adc.o(.text)
    ADC_GetSoftwareStartInjectedConvCmdStatus 0x0800109d   Thumb Code    14  stm32f4xx_adc.o(.text)
    ADC_AutoInjectedConvCmd                  0x080010ab   Thumb Code    20  stm32f4xx_adc.o(.text)
    ADC_InjectedDiscModeCmd                  0x080010bf   Thumb Code    20  stm32f4xx_adc.o(.text)
    ADC_GetInjectedConversionValue           0x080010d3   Thumb Code    14  stm32f4xx_adc.o(.text)
    ADC_ITConfig                             0x080010e1   Thumb Code    18  stm32f4xx_adc.o(.text)
    ADC_GetFlagStatus                        0x080010f3   Thumb Code    14  stm32f4xx_adc.o(.text)
    ADC_ClearFlag                            0x08001101   Thumb Code     6  stm32f4xx_adc.o(.text)
    ADC_GetITStatus                          0x08001107   Thumb Code    30  stm32f4xx_adc.o(.text)
    ADC_ClearITPendingBit                    0x08001125   Thumb Code     8  stm32f4xx_adc.o(.text)
    GPIO_DeInit                              0x08001141   Thumb Code   192  stm32f4xx_gpio.o(.text)
    GPIO_Init                                0x08001201   Thumb Code   162  stm32f4xx_gpio.o(.text)
    GPIO_StructInit                          0x080012a3   Thumb Code    18  stm32f4xx_gpio.o(.text)
    GPIO_PinLockConfig                       0x080012b5   Thumb Code    24  stm32f4xx_gpio.o(.text)
    GPIO_ReadInputDataBit                    0x080012cd   Thumb Code    14  stm32f4xx_gpio.o(.text)
    GPIO_ReadInputData                       0x080012db   Thumb Code     6  stm32f4xx_gpio.o(.text)
    GPIO_ReadOutputDataBit                   0x080012e1   Thumb Code    14  stm32f4xx_gpio.o(.text)
    GPIO_ReadOutputData                      0x080012ef   Thumb Code     6  stm32f4xx_gpio.o(.text)
    GPIO_SetBits                             0x080012f5   Thumb Code     4  stm32f4xx_gpio.o(.text)
    GPIO_ResetBits                           0x080012f9   Thumb Code     4  stm32f4xx_gpio.o(.text)
    GPIO_WriteBit                            0x080012fd   Thumb Code    10  stm32f4xx_gpio.o(.text)
    GPIO_Write                               0x08001307   Thumb Code     4  stm32f4xx_gpio.o(.text)
    GPIO_ToggleBits                          0x0800130b   Thumb Code     8  stm32f4xx_gpio.o(.text)
    GPIO_PinAFConfig                         0x08001313   Thumb Code    32  stm32f4xx_gpio.o(.text)
    RCC_DeInit                               0x08001359   Thumb Code    48  stm32f4xx_rcc.o(.text)
    RCC_HSEConfig                            0x08001389   Thumb Code    12  stm32f4xx_rcc.o(.text)
    RCC_GetFlagStatus                        0x08001395   Thumb Code    46  stm32f4xx_rcc.o(.text)
    RCC_WaitForHSEStartUp                    0x080013c3   Thumb Code    44  stm32f4xx_rcc.o(.text)
    RCC_AdjustHSICalibrationValue            0x080013ef   Thumb Code    16  stm32f4xx_rcc.o(.text)
    RCC_HSICmd                               0x080013ff   Thumb Code     6  stm32f4xx_rcc.o(.text)
    RCC_LSEConfig                            0x08001405   Thumb Code    24  stm32f4xx_rcc.o(.text)
    RCC_LSICmd                               0x0800141d   Thumb Code     6  stm32f4xx_rcc.o(.text)
    RCC_PLLConfig                            0x08001423   Thumb Code    32  stm32f4xx_rcc.o(.text)
    RCC_PLLCmd                               0x08001443   Thumb Code     6  stm32f4xx_rcc.o(.text)
    RCC_PLLI2SConfig                         0x08001449   Thumb Code    14  stm32f4xx_rcc.o(.text)
    RCC_PLLI2SCmd                            0x08001457   Thumb Code     6  stm32f4xx_rcc.o(.text)
    RCC_ClockSecuritySystemCmd               0x0800145d   Thumb Code     6  stm32f4xx_rcc.o(.text)
    RCC_MCO1Config                           0x08001463   Thumb Code    18  stm32f4xx_rcc.o(.text)
    RCC_MCO2Config                           0x08001475   Thumb Code    18  stm32f4xx_rcc.o(.text)
    RCC_SYSCLKConfig                         0x08001487   Thumb Code    16  stm32f4xx_rcc.o(.text)
    RCC_GetSYSCLKSource                      0x08001497   Thumb Code    12  stm32f4xx_rcc.o(.text)
    RCC_HCLKConfig                           0x080014a3   Thumb Code    16  stm32f4xx_rcc.o(.text)
    RCC_PCLK1Config                          0x080014b3   Thumb Code    16  stm32f4xx_rcc.o(.text)
    RCC_PCLK2Config                          0x080014c3   Thumb Code    18  stm32f4xx_rcc.o(.text)
    RCC_GetClocksFreq                        0x080014d5   Thumb Code   134  stm32f4xx_rcc.o(.text)
    RCC_RTCCLKConfig                         0x0800155b   Thumb Code    42  stm32f4xx_rcc.o(.text)
    RCC_RTCCLKCmd                            0x08001585   Thumb Code     8  stm32f4xx_rcc.o(.text)
    RCC_BackupResetCmd                       0x0800158d   Thumb Code     8  stm32f4xx_rcc.o(.text)
    RCC_I2SCLKConfig                         0x08001595   Thumb Code     8  stm32f4xx_rcc.o(.text)
    RCC_AHB1PeriphClockCmd                   0x0800159d   Thumb Code    20  stm32f4xx_rcc.o(.text)
    RCC_AHB2PeriphClockCmd                   0x080015b1   Thumb Code    20  stm32f4xx_rcc.o(.text)
    RCC_AHB3PeriphClockCmd                   0x080015c5   Thumb Code    20  stm32f4xx_rcc.o(.text)
    RCC_APB1PeriphClockCmd                   0x080015d9   Thumb Code    20  stm32f4xx_rcc.o(.text)
    RCC_APB2PeriphClockCmd                   0x080015ed   Thumb Code    20  stm32f4xx_rcc.o(.text)
    RCC_AHB1PeriphResetCmd                   0x08001601   Thumb Code    20  stm32f4xx_rcc.o(.text)
    RCC_AHB2PeriphResetCmd                   0x08001615   Thumb Code    20  stm32f4xx_rcc.o(.text)
    RCC_AHB3PeriphResetCmd                   0x08001629   Thumb Code    20  stm32f4xx_rcc.o(.text)
    RCC_APB1PeriphResetCmd                   0x0800163d   Thumb Code    20  stm32f4xx_rcc.o(.text)
    RCC_APB2PeriphResetCmd                   0x08001651   Thumb Code    20  stm32f4xx_rcc.o(.text)
    RCC_AHB1PeriphClockLPModeCmd             0x08001665   Thumb Code    20  stm32f4xx_rcc.o(.text)
    RCC_AHB2PeriphClockLPModeCmd             0x08001679   Thumb Code    20  stm32f4xx_rcc.o(.text)
    RCC_AHB3PeriphClockLPModeCmd             0x0800168d   Thumb Code    20  stm32f4xx_rcc.o(.text)
    RCC_APB1PeriphClockLPModeCmd             0x080016a1   Thumb Code    20  stm32f4xx_rcc.o(.text)
    RCC_APB2PeriphClockLPModeCmd             0x080016b5   Thumb Code    20  stm32f4xx_rcc.o(.text)
    RCC_ITConfig                             0x080016c9   Thumb Code    20  stm32f4xx_rcc.o(.text)
    RCC_ClearFlag                            0x080016dd   Thumb Code    14  stm32f4xx_rcc.o(.text)
    RCC_GetITStatus                          0x080016eb   Thumb Code    18  stm32f4xx_rcc.o(.text)
    RCC_ClearITPendingBit                    0x080016fd   Thumb Code     8  stm32f4xx_rcc.o(.text)
    USART_DeInit                             0x08001729   Thumb Code   114  stm32f4xx_usart.o(.text)
    USART_Init                               0x0800179b   Thumb Code   164  stm32f4xx_usart.o(.text)
    USART_StructInit                         0x0800183f   Thumb Code    22  stm32f4xx_usart.o(.text)
    USART_ClockInit                          0x08001855   Thumb Code    28  stm32f4xx_usart.o(.text)
    USART_ClockStructInit                    0x08001871   Thumb Code    12  stm32f4xx_usart.o(.text)
    USART_Cmd                                0x0800187d   Thumb Code    20  stm32f4xx_usart.o(.text)
    USART_SetPrescaler                       0x08001891   Thumb Code    16  stm32f4xx_usart.o(.text)
    USART_OverSampling8Cmd                   0x080018a1   Thumb Code    20  stm32f4xx_usart.o(.text)
    USART_OneBitMethodCmd                    0x080018b5   Thumb Code    20  stm32f4xx_usart.o(.text)
    USART_SendData                           0x080018c9   Thumb Code     8  stm32f4xx_usart.o(.text)
    USART_ReceiveData                        0x080018d1   Thumb Code     8  stm32f4xx_usart.o(.text)
    USART_SetAddress                         0x080018d9   Thumb Code    16  stm32f4xx_usart.o(.text)
    USART_ReceiverWakeUpCmd                  0x080018e9   Thumb Code    20  stm32f4xx_usart.o(.text)
    USART_WakeUpConfig                       0x080018fd   Thumb Code    16  stm32f4xx_usart.o(.text)
    USART_LINBreakDetectLengthConfig         0x0800190d   Thumb Code    16  stm32f4xx_usart.o(.text)
    USART_LINCmd                             0x0800191d   Thumb Code    20  stm32f4xx_usart.o(.text)
    USART_SendBreak                          0x08001931   Thumb Code    10  stm32f4xx_usart.o(.text)
    USART_HalfDuplexCmd                      0x0800193b   Thumb Code    20  stm32f4xx_usart.o(.text)
    USART_SetGuardTime                       0x0800194f   Thumb Code    16  stm32f4xx_usart.o(.text)
    USART_SmartCardCmd                       0x0800195f   Thumb Code    20  stm32f4xx_usart.o(.text)
    USART_SmartCardNACKCmd                   0x08001973   Thumb Code    20  stm32f4xx_usart.o(.text)
    USART_IrDAConfig                         0x08001987   Thumb Code    16  stm32f4xx_usart.o(.text)
    USART_IrDACmd                            0x08001997   Thumb Code    20  stm32f4xx_usart.o(.text)
    USART_DMACmd                             0x080019ab   Thumb Code    16  stm32f4xx_usart.o(.text)
    USART_ITConfig                           0x080019bb   Thumb Code    48  stm32f4xx_usart.o(.text)
    USART_GetFlagStatus                      0x080019eb   Thumb Code    14  stm32f4xx_usart.o(.text)
    USART_ClearFlag                          0x080019f9   Thumb Code     6  stm32f4xx_usart.o(.text)
    USART_GetITStatus                        0x080019ff   Thumb Code    62  stm32f4xx_usart.o(.text)
    USART_ClearITPendingBit                  0x08001a3d   Thumb Code    12  stm32f4xx_usart.o(.text)
    SPI_I2S_DeInit                           0x08001a61   Thumb Code    72  stm32f4xx_spi.o(.text)
    SPI_Init                                 0x08001aa9   Thumb Code    56  stm32f4xx_spi.o(.text)
    I2S_Init                                 0x08001ae1   Thumb Code   190  stm32f4xx_spi.o(.text)
    SPI_StructInit                           0x08001b9f   Thumb Code    24  stm32f4xx_spi.o(.text)
    I2S_StructInit                           0x08001bb7   Thumb Code    18  stm32f4xx_spi.o(.text)
    SPI_Cmd                                  0x08001bc9   Thumb Code    20  stm32f4xx_spi.o(.text)
    I2S_Cmd                                  0x08001bdd   Thumb Code    20  stm32f4xx_spi.o(.text)
    SPI_DataSizeConfig                       0x08001bf1   Thumb Code    16  stm32f4xx_spi.o(.text)
    SPI_BiDirectionalLineConfig              0x08001c01   Thumb Code    22  stm32f4xx_spi.o(.text)
    SPI_NSSInternalSoftwareConfig            0x08001c17   Thumb Code    24  stm32f4xx_spi.o(.text)
    SPI_SSOutputCmd                          0x08001c2f   Thumb Code    20  stm32f4xx_spi.o(.text)
    SPI_TIModeCmd                            0x08001c43   Thumb Code    20  stm32f4xx_spi.o(.text)
    I2S_FullDuplexConfig                     0x08001c57   Thumb Code    58  stm32f4xx_spi.o(.text)
    SPI_I2S_ReceiveData                      0x08001c91   Thumb Code     4  stm32f4xx_spi.o(.text)
    SPI_I2S_SendData                         0x08001c95   Thumb Code     4  stm32f4xx_spi.o(.text)
    SPI_CalculateCRC                         0x08001c99   Thumb Code    20  stm32f4xx_spi.o(.text)
    SPI_TransmitCRC                          0x08001cad   Thumb Code    10  stm32f4xx_spi.o(.text)
    SPI_GetCRC                               0x08001cb7   Thumb Code    12  stm32f4xx_spi.o(.text)
    SPI_GetCRCPolynomial                     0x08001cc3   Thumb Code     4  stm32f4xx_spi.o(.text)
    SPI_I2S_DMACmd                           0x08001cc7   Thumb Code    16  stm32f4xx_spi.o(.text)
    SPI_I2S_ITConfig                         0x08001cd7   Thumb Code    24  stm32f4xx_spi.o(.text)
    SPI_I2S_GetFlagStatus                    0x08001cef   Thumb Code    14  stm32f4xx_spi.o(.text)
    SPI_I2S_ClearFlag                        0x08001cfd   Thumb Code     6  stm32f4xx_spi.o(.text)
    SPI_I2S_GetITStatus                      0x08001d03   Thumb Code    42  stm32f4xx_spi.o(.text)
    SPI_I2S_ClearITPendingBit                0x08001d2d   Thumb Code    14  stm32f4xx_spi.o(.text)
    DMA_DeInit                               0x08001d51   Thumb Code   272  stm32f4xx_dma.o(.text)
    DMA_Init                                 0x08001e61   Thumb Code    80  stm32f4xx_dma.o(.text)
    DMA_StructInit                           0x08001eb1   Thumb Code    34  stm32f4xx_dma.o(.text)
    DMA_Cmd                                  0x08001ed3   Thumb Code    20  stm32f4xx_dma.o(.text)
    DMA_PeriphIncOffsetSizeConfig            0x08001ee7   Thumb Code    20  stm32f4xx_dma.o(.text)
    DMA_FlowControllerConfig                 0x08001efb   Thumb Code    20  stm32f4xx_dma.o(.text)
    DMA_SetCurrDataCounter                   0x08001f0f   Thumb Code     4  stm32f4xx_dma.o(.text)
    DMA_GetCurrDataCounter                   0x08001f13   Thumb Code     6  stm32f4xx_dma.o(.text)
    DMA_DoubleBufferModeConfig               0x08001f19   Thumb Code    22  stm32f4xx_dma.o(.text)
    DMA_DoubleBufferModeCmd                  0x08001f2f   Thumb Code    20  stm32f4xx_dma.o(.text)
    DMA_MemoryTargetConfig                   0x08001f43   Thumb Code    10  stm32f4xx_dma.o(.text)
    DMA_GetCurrentMemoryTarget               0x08001f4d   Thumb Code    14  stm32f4xx_dma.o(.text)
    DMA_GetCmdStatus                         0x08001f5b   Thumb Code    14  stm32f4xx_dma.o(.text)
    DMA_GetFIFOStatus                        0x08001f69   Thumb Code     8  stm32f4xx_dma.o(.text)
    DMA_GetFlagStatus                        0x08001f71   Thumb Code    42  stm32f4xx_dma.o(.text)
    DMA_ClearFlag                            0x08001f9b   Thumb Code    34  stm32f4xx_dma.o(.text)
    DMA_ITConfig                             0x08001fbd   Thumb Code    44  stm32f4xx_dma.o(.text)
    DMA_GetITStatus                          0x08001fe9   Thumb Code    70  stm32f4xx_dma.o(.text)
    DMA_ClearITPendingBit                    0x0800202f   Thumb Code    34  stm32f4xx_dma.o(.text)
    TIM_DeInit                               0x08002071   Thumb Code   284  stm32f4xx_tim.o(.text)
    TIM_TimeBaseInit                         0x0800218d   Thumb Code    96  stm32f4xx_tim.o(.text)
    TIM_TimeBaseStructInit                   0x080021ed   Thumb Code    18  stm32f4xx_tim.o(.text)
    TIM_PrescalerConfig                      0x080021ff   Thumb Code     6  stm32f4xx_tim.o(.text)
    TIM_CounterModeConfig                    0x08002205   Thumb Code    12  stm32f4xx_tim.o(.text)
    TIM_SetCounter                           0x08002211   Thumb Code     4  stm32f4xx_tim.o(.text)
    TIM_SetAutoreload                        0x08002215   Thumb Code     4  stm32f4xx_tim.o(.text)
    TIM_GetCounter                           0x08002219   Thumb Code     4  stm32f4xx_tim.o(.text)
    TIM_GetPrescaler                         0x0800221d   Thumb Code     4  stm32f4xx_tim.o(.text)
    TIM_UpdateDisableConfig                  0x08002221   Thumb Code    20  stm32f4xx_tim.o(.text)
    TIM_UpdateRequestConfig                  0x08002235   Thumb Code    20  stm32f4xx_tim.o(.text)
    TIM_ARRPreloadConfig                     0x08002249   Thumb Code    20  stm32f4xx_tim.o(.text)
    TIM_SelectOnePulseMode                   0x0800225d   Thumb Code    16  stm32f4xx_tim.o(.text)
    TIM_SetClockDivision                     0x0800226d   Thumb Code    16  stm32f4xx_tim.o(.text)
    TIM_Cmd                                  0x0800227d   Thumb Code    20  stm32f4xx_tim.o(.text)
    TIM_OC1Init                              0x08002291   Thumb Code    88  stm32f4xx_tim.o(.text)
    TIM_OC2Init                              0x080022e9   Thumb Code   120  stm32f4xx_tim.o(.text)
    TIM_OC3Init                              0x08002361   Thumb Code   116  stm32f4xx_tim.o(.text)
    TIM_OC4Init                              0x080023d5   Thumb Code    88  stm32f4xx_tim.o(.text)
    TIM_OCStructInit                         0x0800242d   Thumb Code    20  stm32f4xx_tim.o(.text)
    TIM_SelectOCxM                           0x08002441   Thumb Code   130  stm32f4xx_tim.o(.text)
    TIM_SetCompare1                          0x080024c3   Thumb Code     4  stm32f4xx_tim.o(.text)
    TIM_SetCompare2                          0x080024c7   Thumb Code     4  stm32f4xx_tim.o(.text)
    TIM_SetCompare3                          0x080024cb   Thumb Code     4  stm32f4xx_tim.o(.text)
    TIM_SetCompare4                          0x080024cf   Thumb Code     4  stm32f4xx_tim.o(.text)
    TIM_ForcedOC1Config                      0x080024d3   Thumb Code    12  stm32f4xx_tim.o(.text)
    TIM_ForcedOC2Config                      0x080024df   Thumb Code    20  stm32f4xx_tim.o(.text)
    TIM_ForcedOC3Config                      0x080024f3   Thumb Code    12  stm32f4xx_tim.o(.text)
    TIM_ForcedOC4Config                      0x080024ff   Thumb Code    20  stm32f4xx_tim.o(.text)
    TIM_OC1PreloadConfig                     0x08002513   Thumb Code    12  stm32f4xx_tim.o(.text)
    TIM_OC2PreloadConfig                     0x0800251f   Thumb Code    20  stm32f4xx_tim.o(.text)
    TIM_OC3PreloadConfig                     0x08002533   Thumb Code    12  stm32f4xx_tim.o(.text)
    TIM_OC4PreloadConfig                     0x0800253f   Thumb Code    20  stm32f4xx_tim.o(.text)
    TIM_OC1FastConfig                        0x08002553   Thumb Code    12  stm32f4xx_tim.o(.text)
    TIM_OC2FastConfig                        0x0800255f   Thumb Code    20  stm32f4xx_tim.o(.text)
    TIM_OC3FastConfig                        0x08002573   Thumb Code    12  stm32f4xx_tim.o(.text)
    TIM_OC4FastConfig                        0x0800257f   Thumb Code    20  stm32f4xx_tim.o(.text)
    TIM_ClearOC1Ref                          0x08002593   Thumb Code    12  stm32f4xx_tim.o(.text)
    TIM_ClearOC2Ref                          0x0800259f   Thumb Code    20  stm32f4xx_tim.o(.text)
    TIM_ClearOC3Ref                          0x080025b3   Thumb Code    12  stm32f4xx_tim.o(.text)
    TIM_ClearOC4Ref                          0x080025bf   Thumb Code    20  stm32f4xx_tim.o(.text)
    TIM_OC1PolarityConfig                    0x080025d3   Thumb Code    12  stm32f4xx_tim.o(.text)
    TIM_OC1NPolarityConfig                   0x080025df   Thumb Code    12  stm32f4xx_tim.o(.text)
    TIM_OC2PolarityConfig                    0x080025eb   Thumb Code    20  stm32f4xx_tim.o(.text)
    TIM_OC2NPolarityConfig                   0x080025ff   Thumb Code    20  stm32f4xx_tim.o(.text)
    TIM_OC3PolarityConfig                    0x08002613   Thumb Code    20  stm32f4xx_tim.o(.text)
    TIM_OC3NPolarityConfig                   0x08002627   Thumb Code    20  stm32f4xx_tim.o(.text)
    TIM_OC4PolarityConfig                    0x0800263b   Thumb Code    20  stm32f4xx_tim.o(.text)
    TIM_CCxCmd                               0x0800264f   Thumb Code    22  stm32f4xx_tim.o(.text)
    TIM_CCxNCmd                              0x08002665   Thumb Code    22  stm32f4xx_tim.o(.text)
    TIM_SetIC4Prescaler                      0x0800267b   Thumb Code    24  stm32f4xx_tim.o(.text)
    TIM_SetIC3Prescaler                      0x08002693   Thumb Code    16  stm32f4xx_tim.o(.text)
    TIM_SetIC2Prescaler                      0x080026a3   Thumb Code    24  stm32f4xx_tim.o(.text)
    TIM_SetIC1Prescaler                      0x080026f1   Thumb Code    16  stm32f4xx_tim.o(.text)
    TIM_ICInit                               0x08002701   Thumb Code   164  stm32f4xx_tim.o(.text)
    TIM_ICStructInit                         0x080027a5   Thumb Code    16  stm32f4xx_tim.o(.text)
    TIM_PWMIConfig                           0x080027b5   Thumb Code   104  stm32f4xx_tim.o(.text)
    TIM_GetCapture1                          0x0800281d   Thumb Code     4  stm32f4xx_tim.o(.text)
    TIM_GetCapture2                          0x08002821   Thumb Code     4  stm32f4xx_tim.o(.text)
    TIM_GetCapture3                          0x08002825   Thumb Code     4  stm32f4xx_tim.o(.text)
    TIM_GetCapture4                          0x08002829   Thumb Code     4  stm32f4xx_tim.o(.text)
    TIM_BDTRConfig                           0x0800282d   Thumb Code    34  stm32f4xx_tim.o(.text)
    TIM_BDTRStructInit                       0x0800284f   Thumb Code    18  stm32f4xx_tim.o(.text)
    TIM_CtrlPWMOutputs                       0x08002861   Thumb Code    22  stm32f4xx_tim.o(.text)
    TIM_SelectCOM                            0x08002877   Thumb Code    20  stm32f4xx_tim.o(.text)
    TIM_CCPreloadControl                     0x0800288b   Thumb Code    20  stm32f4xx_tim.o(.text)
    TIM_ITConfig                             0x0800289f   Thumb Code    16  stm32f4xx_tim.o(.text)
    TIM_GenerateEvent                        0x080028af   Thumb Code     4  stm32f4xx_tim.o(.text)
    TIM_GetFlagStatus                        0x080028b3   Thumb Code    14  stm32f4xx_tim.o(.text)
    TIM_ClearFlag                            0x080028c1   Thumb Code     6  stm32f4xx_tim.o(.text)
    TIM_GetITStatus                          0x080028c7   Thumb Code    24  stm32f4xx_tim.o(.text)
    TIM_ClearITPendingBit                    0x080028df   Thumb Code     6  stm32f4xx_tim.o(.text)
    TIM_DMAConfig                            0x080028e5   Thumb Code     8  stm32f4xx_tim.o(.text)
    TIM_DMACmd                               0x080028ed   Thumb Code    16  stm32f4xx_tim.o(.text)
    TIM_SelectCCDMA                          0x080028fd   Thumb Code    20  stm32f4xx_tim.o(.text)
    TIM_InternalClockConfig                  0x08002911   Thumb Code    10  stm32f4xx_tim.o(.text)
    TIM_SelectInputTrigger                   0x0800291b   Thumb Code    12  stm32f4xx_tim.o(.text)
    TIM_ITRxExternalClockConfig              0x08002927   Thumb Code    18  stm32f4xx_tim.o(.text)
    TIM_TIxExternalClockConfig               0x08002939   Thumb Code    46  stm32f4xx_tim.o(.text)
    TIM_ETRConfig                            0x08002967   Thumb Code    24  stm32f4xx_tim.o(.text)
    TIM_ETRClockMode1Config                  0x0800297f   Thumb Code    18  stm32f4xx_tim.o(.text)
    TIM_ETRClockMode2Config                  0x08002991   Thumb Code    18  stm32f4xx_tim.o(.text)
    TIM_SelectOutputTrigger                  0x080029a3   Thumb Code    16  stm32f4xx_tim.o(.text)
    TIM_SelectSlaveMode                      0x080029b3   Thumb Code    16  stm32f4xx_tim.o(.text)
    TIM_SelectMasterSlaveMode                0x080029c3   Thumb Code    16  stm32f4xx_tim.o(.text)
    TIM_EncoderInterfaceConfig               0x080029d3   Thumb Code    50  stm32f4xx_tim.o(.text)
    TIM_SelectHallSensor                     0x08002a05   Thumb Code    20  stm32f4xx_tim.o(.text)
    TIM_RemapConfig                          0x08002a19   Thumb Code     6  stm32f4xx_tim.o(.text)
    SystemInit                               0x08002aef   Thumb Code    74  system_stm32f4xx.o(.text)
    SystemCoreClockUpdate                    0x08002b39   Thumb Code   108  system_stm32f4xx.o(.text)
    close                                    0x08002bc9   Thumb Code   102  socket.o(.text)
    socket                                   0x08002c2f   Thumb Code   250  socket.o(.text)
    listen                                   0x08002d29   Thumb Code   122  socket.o(.text)
    connect                                  0x08002da3   Thumb Code   240  socket.o(.text)
    disconnect                               0x08002e93   Thumb Code   134  socket.o(.text)
    send                                     0x08002f19   Thumb Code   286  socket.o(.text)
    recv                                     0x08003037   Thumb Code   224  socket.o(.text)
    sendto                                   0x08003117   Thumb Code   320  socket.o(.text)
    recvfrom                                 0x08003257   Thumb Code   444  socket.o(.text)
    ctlsocket                                0x08003413   Thumb Code   190  socket.o(.text)
    setsockopt                               0x080034d1   Thumb Code   258  socket.o(.text)
    getsockopt                               0x080035d3   Thumb Code   276  socket.o(.text)
    SPI_Configuration                        0x080036f1   Thumb Code   206  spi.o(.text)
    SPI_WriteByte                            0x080037bf   Thumb Code    26  spi.o(.text)
    SPI_ReadByte                             0x080037d9   Thumb Code    30  spi.o(.text)
    SPI_CrisEnter                            0x080037f7   Thumb Code     8  spi.o(.text)
    SPI_CrisExit                             0x080037ff   Thumb Code     8  spi.o(.text)
    SPI_CS_Select                            0x08003807   Thumb Code    10  spi.o(.text)
    SPI_CS_Deselect                          0x08003811   Thumb Code    10  spi.o(.text)
    wizchip_cris_enter                       0x0800382d   Thumb Code     2  wizchip_conf.o(.text)
    wizchip_cris_exit                        0x0800382f   Thumb Code     2  wizchip_conf.o(.text)
    wizchip_cs_select                        0x08003831   Thumb Code     2  wizchip_conf.o(.text)
    wizchip_cs_deselect                      0x08003833   Thumb Code     2  wizchip_conf.o(.text)
    wizchip_bus_readbyte                     0x08003835   Thumb Code     4  wizchip_conf.o(.text)
    wizchip_bus_writebyte                    0x08003839   Thumb Code     4  wizchip_conf.o(.text)
    wizchip_spi_readbyte                     0x0800383d   Thumb Code     4  wizchip_conf.o(.text)
    wizchip_spi_writebyte                    0x08003841   Thumb Code     2  wizchip_conf.o(.text)
    reg_wizchip_cris_cbfunc                  0x08003843   Thumb Code    26  wizchip_conf.o(.text)
    reg_wizchip_cs_cbfunc                    0x0800385d   Thumb Code    26  wizchip_conf.o(.text)
    reg_wizchip_bus_cbfunc                   0x08003877   Thumb Code    34  wizchip_conf.o(.text)
    reg_wizchip_spi_cbfunc                   0x08003899   Thumb Code    34  wizchip_conf.o(.text)
    wizphy_getphylink                        0x080038bb   Thumb Code    18  wizchip_conf.o(.text)
    wizphy_getphypmode                       0x080038cd   Thumb Code    24  wizchip_conf.o(.text)
    wizphy_reset                             0x080038e5   Thumb Code    42  wizchip_conf.o(.text)
    wizphy_setphypmode                       0x0800390f   Thumb Code    80  wizchip_conf.o(.text)
    wizphy_getphyconf                        0x0800395f   Thumb Code    78  wizchip_conf.o(.text)
    wizphy_setphyconf                        0x080039ad   Thumb Code    72  wizchip_conf.o(.text)
    wizchip_getinterruptmask                 0x080039f5   Thumb Code    28  wizchip_conf.o(.text)
    wizchip_setinterruptmask                 0x08003a11   Thumb Code    28  wizchip_conf.o(.text)
    wizchip_getinterrupt                     0x08003a2d   Thumb Code    30  wizchip_conf.o(.text)
    wizchip_clrinterrupt                     0x08003a4b   Thumb Code    30  wizchip_conf.o(.text)
    wizchip_sw_reset                         0x08003a69   Thumb Code   116  wizchip_conf.o(.text)
    wizchip_init                             0x08003add   Thumb Code   122  wizchip_conf.o(.text)
    ctlwizchip                               0x08003b57   Thumb Code   226  wizchip_conf.o(.text)
    wizchip_gettimeout                       0x08003c39   Thumb Code    40  wizchip_conf.o(.text)
    wizchip_settimeout                       0x08003c61   Thumb Code    40  wizchip_conf.o(.text)
    wizchip_getnetmode                       0x08003c89   Thumb Code     6  wizchip_conf.o(.text)
    wizchip_setnetmode                       0x08003c8f   Thumb Code    36  wizchip_conf.o(.text)
    wizchip_getnetinfo                       0x08003cb3   Thumb Code    82  wizchip_conf.o(.text)
    wizchip_setnetinfo                       0x08003d05   Thumb Code    82  wizchip_conf.o(.text)
    ctlnetwork                               0x08003d57   Thumb Code    74  wizchip_conf.o(.text)
    wizphy_getphystat                        0x08003da1   Thumb Code    26  wizchip_conf.o(.text)
    WIZCHIP_READ                             0x08003dc1   Thumb Code    54  w5500.o(.text)
    WIZCHIP_WRITE                            0x08003df7   Thumb Code    60  w5500.o(.text)
    WIZCHIP_READ_BUF                         0x08003e33   Thumb Code    74  w5500.o(.text)
    WIZCHIP_WRITE_BUF                        0x08003e7d   Thumb Code    80  w5500.o(.text)
    getSn_TX_FSR                             0x08003ecd   Thumb Code    76  w5500.o(.text)
    getSn_RX_RSR                             0x08003f19   Thumb Code    74  w5500.o(.text)
    wiz_send_data                            0x08003f63   Thumb Code    94  w5500.o(.text)
    wiz_recv_data                            0x08003fc1   Thumb Code    92  w5500.o(.text)
    wiz_recv_ignore                          0x0800401d   Thumb Code    64  w5500.o(.text)
    eMBFuncReadCoils                         0x08004061   Thumb Code   114  mbfunccoils.o(.text)
    eMBFuncWriteCoil                         0x080040d3   Thumb Code    86  mbfunccoils.o(.text)
    eMBFuncWriteMultipleCoils                0x08004129   Thumb Code   100  mbfunccoils.o(.text)
    eMBFuncReadDiscreteInputs                0x0800418d   Thumb Code   114  mbfuncdisc.o(.text)
    eMBFuncWriteHoldingRegister              0x080041ff   Thumb Code    50  mbfuncholding.o(.text)
    eMBFuncWriteMultipleHoldingRegister      0x08004231   Thumb Code    78  mbfuncholding.o(.text)
    eMBFuncReadHoldingRegister               0x0800427f   Thumb Code    94  mbfuncholding.o(.text)
    eMBFuncReadWriteMultipleHoldingRegister  0x080042dd   Thumb Code   156  mbfuncholding.o(.text)
    eMBFuncReadInputRegister                 0x08004379   Thumb Code   120  mbfuncinput.o(.text)
    eMBSetSlaveID                            0x080043f1   Thumb Code    62  mbfuncother.o(.text)
    eMBFuncReportSlaveID                     0x0800442f   Thumb Code    26  mbfuncother.o(.text)
    xMBUtilSetBits                           0x08004451   Thumb Code    50  mbutils.o(.text)
    xMBUtilGetBits                           0x08004483   Thumb Code    34  mbutils.o(.text)
    prveMBError2Exception                    0x080044a5   Thumb Code    24  mbutils.o(.text)
    usMBCRC16                                0x080044bd   Thumb Code    40  mbcrc.o(.text)
    eMBRTUInit                               0x080044e9   Thumb Code    54  mbrtu.o(.text)
    eMBRTUStart                              0x0800451f   Thumb Code    24  mbrtu.o(.text)
    eMBRTUStop                               0x08004537   Thumb Code    18  mbrtu.o(.text)
    eMBRTUReceive                            0x08004549   Thumb Code    70  mbrtu.o(.text)
    eMBRTUSend                               0x0800458f   Thumb Code    80  mbrtu.o(.text)
    xMBRTUReceiveFSM                         0x080045df   Thumb Code    96  mbrtu.o(.text)
    xMBRTUTransmitFSM                        0x0800463f   Thumb Code    86  mbrtu.o(.text)
    xMBRTUTimerT35Expired                    0x08004695   Thumb Code    58  mbrtu.o(.text)
    xMBPortEventInit                         0x080046dd   Thumb Code    10  portevent.o(.text)
    xMBPortEventPost                         0x080046e7   Thumb Code    12  portevent.o(.text)
    xMBPortEventGet                          0x080046f3   Thumb Code    24  portevent.o(.text)
    vMBPortSerialEnable                      0x08004711   Thumb Code    46  portserial.o(.text)
    xMBPortSerialInit                        0x0800473f   Thumb Code   182  portserial.o(.text)
    xMBPortSerialPutByte                     0x080047f5   Thumb Code    28  portserial.o(.text)
    xMBPortSerialGetByte                     0x08004811   Thumb Code    16  portserial.o(.text)
    USART1_IRQHandler                        0x08004821   Thumb Code    70  portserial.o(.text)
    fputc                                    0x08004867   Thumb Code    30  portserial.o(.text)
    xMBPortTimersInit                        0x08004895   Thumb Code   128  porttimer.o(.text)
    TIM4_IRQHandler                          0x08004915   Thumb Code    36  porttimer.o(.text)
    data_transmition                         0x08004945   Thumb Code   412  demo.o(.text)
    Function_Chose                           0x08004ae1   Thumb Code   146  demo.o(.text)
    eMBPoll_USART                            0x08004b73   Thumb Code   184  demo.o(.text)
    eMBRegInputCB                            0x08004c2b   Thumb Code    62  demo.o(.text)
    eMBRegHoldingCB                          0x08004c69   Thumb Code   128  demo.o(.text)
    eMBRegCoilsCB                            0x08004ce9   Thumb Code   172  demo.o(.text)
    eMBRegDiscreteCB                         0x08004d95   Thumb Code    70  demo.o(.text)
    eMBPoll_TCP                              0x08004ddb   Thumb Code   366  demo.o(.text)
    eMBInit                                  0x08004f71   Thumb Code   140  mb.o(.text)
    eMBRegisterCB                            0x08004ffd   Thumb Code    90  mb.o(.text)
    eMBClose                                 0x08005057   Thumb Code    28  mb.o(.text)
    eMBEnable                                0x08005073   Thumb Code    28  mb.o(.text)
    eMBDisable                               0x0800508f   Thumb Code    28  mb.o(.text)
    eMBPoll                                  0x080050ab   Thumb Code   174  mb.o(.text)
    eMBASCIIInit                             0x08005195   Thumb Code    44  mbascii.o(.text)
    eMBASCIIStart                            0x080051c1   Thumb Code    24  mbascii.o(.text)
    eMBASCIIStop                             0x080051d9   Thumb Code    18  mbascii.o(.text)
    eMBASCIIReceive                          0x080051eb   Thumb Code    68  mbascii.o(.text)
    eMBASCIISend                             0x0800522f   Thumb Code    68  mbascii.o(.text)
    xMBASCIIReceiveFSM                       0x08005273   Thumb Code   222  mbascii.o(.text)
    xMBASCIITransmitFSM                      0x08005351   Thumb Code   168  mbascii.o(.text)
    xMBASCIITimerT1SExpired                  0x080053f9   Thumb Code    42  mbascii.o(.text)
    __aeabi_memcpy                           0x0800545d   Thumb Code    36  memcpya.o(.text)
    __aeabi_memcpy4                          0x0800545d   Thumb Code     0  memcpya.o(.text)
    __aeabi_memcpy8                          0x0800545d   Thumb Code     0  memcpya.o(.text)
    __aeabi_memset                           0x08005481   Thumb Code    14  memseta.o(.text)
    __aeabi_memset4                          0x08005481   Thumb Code     0  memseta.o(.text)
    __aeabi_memset8                          0x08005481   Thumb Code     0  memseta.o(.text)
    __aeabi_memclr                           0x0800548f   Thumb Code     4  memseta.o(.text)
    __aeabi_memclr4                          0x0800548f   Thumb Code     0  memseta.o(.text)
    __aeabi_memclr8                          0x0800548f   Thumb Code     0  memseta.o(.text)
    _memset$wrapper                          0x08005493   Thumb Code    18  memseta.o(.text)
    __aeabi_uidiv                            0x080054a5   Thumb Code     0  uidiv.o(.text)
    __aeabi_uidivmod                         0x080054a5   Thumb Code    44  uidiv.o(.text)
    __scatterload                            0x080054d1   Thumb Code    28  init.o(.text)
    __scatterload_rt2                        0x080054d1   Thumb Code     0  init.o(.text)
    __decompress                             0x080054f5   Thumb Code     0  __dczerorl2.o(.text)
    __decompress1                            0x080054f5   Thumb Code    86  __dczerorl2.o(.text)
    __0printf$1                              0x0800554d   Thumb Code    22  printf1.o(i.__0printf$1)
    __1printf$1                              0x0800554d   Thumb Code     0  printf1.o(i.__0printf$1)
    __2printf                                0x0800554d   Thumb Code     0  printf1.o(i.__0printf$1)
    __scatterload_copy                       0x0800556d   Thumb Code    14  handlers.o(i.__scatterload_copy)
    __scatterload_null                       0x0800557b   Thumb Code     2  handlers.o(i.__scatterload_null)
    __scatterload_zeroinit                   0x0800557d   Thumb Code    14  handlers.o(i.__scatterload_zeroinit)
    free                                     0x080056e1   Thumb Code    76  malloc.o(i.free)
    malloc                                   0x08005731   Thumb Code    92  malloc.o(i.malloc)
    vMBPortTimersDisable                     0x0800579d   Thumb Code    42  porttimer.o(i.vMBPortTimersDisable)
    vMBPortTimersEnable                      0x080057cd   Thumb Code    42  porttimer.o(i.vMBPortTimersEnable)
    Region$$Table$$Base                      0x08005a28   Number         0  anon$$obj.o(Region$$Table)
    Region$$Table$$Limit                     0x08005a48   Number         0  anon$$obj.o(Region$$Table)
    SEND_Way                                 0x20000004   Data           1  main.o(.data)
    DMA_Symbol                               0x20000005   Data           1  sample.o(.data)
    W25QXX_TYPE                              0x20000006   Data           2  w25q128.o(.data)
    SystemCoreClock                          0x20000018   Data           4  system_stm32f4xx.o(.data)
    AHBPrescTable                            0x2000001c   Data          16  system_stm32f4xx.o(.data)
    WIZCHIP                                  0x20000044   Data          32  wizchip_conf.o(.data)
    usRegInputStart                          0x20000076   Data           2  demo.o(.data)
    usRegHoldingStart                        0x20000078   Data           2  demo.o(.data)
    ucRegDiscBuf                             0x2000007a   Data           2  demo.o(.data)
    ucRegCoilsBuf                            0x2000007c   Data           2  demo.o(.data)
    pxMBFrameCBByteReceived                  0x200000a0   Data           4  mb.o(.data)
    pxMBFrameCBTransmitterEmpty              0x200000a4   Data           4  mb.o(.data)
    pxMBPortCBTimerExpired                   0x200000a8   Data           4  mb.o(.data)
    __stdout                                 0x2000013c   Data           4  stdout.o(.data)
    __microlib_freelist                      0x20000140   Data           4  mvars.o(.data)
    __microlib_freelist_initialised          0x20000144   Data           4  mvars.o(.data)
    ADC_DATA                                 0x20000148   Data       20000  sample.o(.bss)
    W25QXX_BUFFER                            0x20004f68   Data        4096  w25q128.o(.bss)
    ucRTUBuf                                 0x20005f98   Data         256  mbrtu.o(.bss)
    usRegInputBuf                            0x20006098   Data          20  demo.o(.bss)
    usRegHoldingBuf                          0x200060ac   Data         200  demo.o(.bss)
    databuffer                               0x20006174   Data         100  demo.o(.bss)
    __heap_base                              0x200061d8   Data           0  startup_stm32f4xx.o(HEAP)
    __heap_limit                             0x200091d8   Data           0  startup_stm32f4xx.o(HEAP)
    __initial_sp                             0x2001a1d8   Data           0  startup_stm32f4xx.o(STACK)



==============================================================================

Memory Map of the image

  Image Entry point : 0x08000189

  Load Region LR_IROM1 (Base: 0x08000000, Size: 0x00005b90, Max: 0x00100000, ABSOLUTE, COMPRESSED[0x00005ac4])

    Execution Region ER_IROM1 (Base: 0x08000000, Size: 0x00005a48, Max: 0x00100000, ABSOLUTE)

    Base Addr    Size         Type   Attr      Idx    E Section Name        Object

    0x08000000   0x00000188   Data   RO          312    RESET               startup_stm32f4xx.o
    0x08000188   0x00000000   Code   RO          866  * .ARM.Collect$$$$00000000  mc_w.l(entry.o)
    0x08000188   0x00000004   Code   RO         1174    .ARM.Collect$$$$00000001  mc_w.l(entry2.o)
    0x0800018c   0x00000004   Code   RO         1177    .ARM.Collect$$$$00000004  mc_w.l(entry5.o)
    0x08000190   0x00000000   Code   RO         1179    .ARM.Collect$$$$00000008  mc_w.l(entry7b.o)
    0x08000190   0x00000000   Code   RO         1181    .ARM.Collect$$$$0000000A  mc_w.l(entry8b.o)
    0x08000190   0x00000008   Code   RO         1182    .ARM.Collect$$$$0000000B  mc_w.l(entry9a.o)
    0x08000198   0x00000000   Code   RO         1184    .ARM.Collect$$$$0000000D  mc_w.l(entry10a.o)
    0x08000198   0x00000000   Code   RO         1186    .ARM.Collect$$$$0000000F  mc_w.l(entry11a.o)
    0x08000198   0x00000004   Code   RO         1175    .ARM.Collect$$$$00002712  mc_w.l(entry2.o)
    0x0800019c   0x00000010   Code   RO            2    .text               stm32f4xx_it.o
    0x080001ac   0x000000b8   Code   RO          136    .text               delay.o
    0x08000264   0x00000068   Code   RO          160    .text               flash_spi.o
    0x080002cc   0x00000350   Code   RO          179    .text               main.o
    0x0800061c   0x00000244   Code   RO          242    .text               sample.o
    0x08000860   0x000003a4   Code   RO          263    .text               w25q128.o
    0x08000c04   0x00000114   Code   RO          287    .text               inforchange.o
    0x08000d18   0x00000024   Code   RO          313    .text               startup_stm32f4xx.o
    0x08000d3c   0x000000b0   Code   RO          318    .text               misc.o
    0x08000dec   0x00000354   Code   RO          334    .text               stm32f4xx_adc.o
    0x08001140   0x00000218   Code   RO          350    .text               stm32f4xx_gpio.o
    0x08001358   0x000003d0   Code   RO          366    .text               stm32f4xx_rcc.o
    0x08001728   0x00000338   Code   RO          384    .text               stm32f4xx_usart.o
    0x08001a60   0x000002f0   Code   RO          400    .text               stm32f4xx_spi.o
    0x08001d50   0x00000320   Code   RO          416    .text               stm32f4xx_dma.o
    0x08002070   0x000009dc   Code   RO          432    .text               stm32f4xx_tim.o
    0x08002a4c   0x0000017c   Code   RO          449    .text               system_stm32f4xx.o
    0x08002bc8   0x00000b28   Code   RO          470    .text               socket.o
    0x080036f0   0x0000013c   Code   RO          489    .text               spi.o
    0x0800382c   0x00000594   Code   RO          507    .text               wizchip_conf.o
    0x08003dc0   0x000002a0   Code   RO          532    .text               w5500.o
    0x08004060   0x0000012c   Code   RO          594    .text               mbfunccoils.o
    0x0800418c   0x00000072   Code   RO          624    .text               mbfuncdisc.o
    0x080041fe   0x0000017a   Code   RO          636    .text               mbfuncholding.o
    0x08004378   0x00000078   Code   RO          648    .text               mbfuncinput.o
    0x080043f0   0x00000060   Code   RO          660    .text               mbfuncother.o
    0x08004450   0x0000006c   Code   RO          675    .text               mbutils.o
    0x080044bc   0x0000002c   Code   RO          687    .text               mbcrc.o
    0x080044e8   0x000001f4   Code   RO          701    .text               mbrtu.o
    0x080046dc   0x00000034   Code   RO          723    .text               portevent.o
    0x08004710   0x00000184   Code   RO          738    .text               portserial.o
    0x08004894   0x000000b0   Code   RO          764    .text               porttimer.o
    0x08004944   0x0000062c   Code   RO          792    .text               demo.o
    0x08004f70   0x00000224   Code   RO          816    .text               mb.o
    0x08005194   0x000002c8   Code   RO          842    .text               mbascii.o
    0x0800545c   0x00000024   Code   RO          871    .text               mc_w.l(memcpya.o)
    0x08005480   0x00000024   Code   RO          873    .text               mc_w.l(memseta.o)
    0x080054a4   0x0000002c   Code   RO         1189    .text               mc_w.l(uidiv.o)
    0x080054d0   0x00000024   Code   RO         1206    .text               mc_w.l(init.o)
    0x080054f4   0x00000056   Code   RO         1224    .text               mc_w.l(__dczerorl2.o)
    0x0800554a   0x00000002   PAD
    0x0800554c   0x00000020   Code   RO          930    i.__0printf$1       mc_w.l(printf1.o)
    0x0800556c   0x0000000e   Code   RO         1218    i.__scatterload_copy  mc_w.l(handlers.o)
    0x0800557a   0x00000002   Code   RO         1219    i.__scatterload_null  mc_w.l(handlers.o)
    0x0800557c   0x0000000e   Code   RO         1220    i.__scatterload_zeroinit  mc_w.l(handlers.o)
    0x0800558a   0x00000002   PAD
    0x0800558c   0x00000154   Code   RO          937    i._printf_core      mc_w.l(printf1.o)
    0x080056e0   0x00000050   Code   RO         1146    i.free              mc_w.l(malloc.o)
    0x08005730   0x0000006c   Code   RO         1147    i.malloc            mc_w.l(malloc.o)
    0x0800579c   0x00000030   Code   RO          782    i.vMBPortTimersDisable  porttimer.o
    0x080057cc   0x00000030   Code   RO          776    i.vMBPortTimersEnable  porttimer.o
    0x080057fc   0x00000027   Data   RO          180    .constdata          main.o
    0x08005823   0x00000200   Data   RO          688    .constdata          mbcrc.o
    0x08005a23   0x00000001   PAD
    0x08005a24   0x00000002   Data   RO          794    .constdata          demo.o
    0x08005a26   0x00000002   PAD
    0x08005a28   0x00000020   Data   RO         1216    Region$$Table       anon$$obj.o


    Execution Region RW_IRAM1 (Base: 0x20000000, Size: 0x0001a1d8, Max: 0x00020000, ABSOLUTE, COMPRESSED[0x0000007c])

    Base Addr    Size         Type   Attr      Idx    E Section Name        Object

    0x20000000   0x00000004   Data   RW          137    .data               delay.o
    0x20000004   0x00000001   Data   RW          181    .data               main.o
    0x20000005   0x00000001   Data   RW          244    .data               sample.o
    0x20000006   0x00000002   Data   RW          265    .data               w25q128.o
    0x20000008   0x00000010   Data   RW          367    .data               stm32f4xx_rcc.o
    0x20000018   0x00000014   Data   RW          450    .data               system_stm32f4xx.o
    0x2000002c   0x0000000e   Data   RW          472    .data               socket.o
    0x2000003a   0x00000002   PAD
    0x2000003c   0x00000028   Data   RW          508    .data               wizchip_conf.o
    0x20000064   0x00000002   Data   RW          662    .data               mbfuncother.o
    0x20000066   0x00000002   PAD
    0x20000068   0x0000000c   Data   RW          703    .data               mbrtu.o
    0x20000074   0x00000002   Data   RW          724    .data               portevent.o
    0x20000076   0x00000008   Data   RW          795    .data               demo.o
    0x2000007e   0x00000002   PAD
    0x20000080   0x000000ac   Data   RW          817    .data               mb.o
    0x2000012c   0x00000010   Data   RW          843    .data               mbascii.o
    0x2000013c   0x00000004   Data   RW         1188    .data               mc_w.l(stdout.o)
    0x20000140   0x00000004   Data   RW         1193    .data               mc_w.l(mvars.o)
    0x20000144   0x00000004   Data   RW         1194    .data               mc_w.l(mvars.o)
    0x20000148   0x00004e20   Zero   RW          243    .bss                sample.o
    0x20004f68   0x00001000   Zero   RW          264    .bss                w25q128.o
    0x20005f68   0x00000010   Zero   RW          471    .bss                socket.o
    0x20005f78   0x00000020   Zero   RW          661    .bss                mbfuncother.o
    0x20005f98   0x00000100   Zero   RW          702    .bss                mbrtu.o
    0x20006098   0x00000140   Zero   RW          793    .bss                demo.o
    0x200061d8   0x00003000   Zero   RW          311    HEAP                startup_stm32f4xx.o
    0x200091d8   0x00011000   Zero   RW          310    STACK               startup_stm32f4xx.o


==============================================================================

Image component sizes


      Code (inc. data)   RO Data    RW Data    ZI Data      Debug   Object Name

       184          4          0          4          0       1377   delay.o
      1580        102          2          8        320       5500   demo.o
       104          4          0          0          0        709   flash_spi.o
       276          4          0          0          0       1111   inforchange.o
       848         90         39          1          0       8237   main.o
       548         60          0        172          0       4438   mb.o
       712         10          0         16          0       4661   mbascii.o
        44          4        512          0          0       1324   mbcrc.o
       300          0          0          0          0       3418   mbfunccoils.o
       114          0          0          0          0       1576   mbfuncdisc.o
       378          0          0          0          0       3701   mbfuncholding.o
       120          0          0          0          0       1603   mbfuncinput.o
        96          8          0          2         32       1781   mbfuncother.o
       500         14          0         12        256       3697   mbrtu.o
       108          0          0          0          0       1982   mbutils.o
       176         12          0          0          0       1989   misc.o
        52          6          0          2          0       1728   portevent.o
       388         16          0          0          0       3859   portserial.o
       272         24          0          0          0       2669   porttimer.o
       580         36          0          1      20000       2583   sample.o
      2856         56          0         14         16       8811   socket.o
       316         18          0          0          0       3656   spi.o
        36          8        392          0      81920        964   startup_stm32f4xx.o
       852         20          0          0          0       9314   stm32f4xx_adc.o
       800         32          0          0          0       6225   stm32f4xx_dma.o
       536         38          0          0          0       3945   stm32f4xx_gpio.o
        16          0          0          0          0     296306   stm32f4xx_it.o
       976         36          0         16          0      10147   stm32f4xx_rcc.o
       752         22          0          0          0       6177   stm32f4xx_spi.o
      2524         52          0          0          0      18474   stm32f4xx_tim.o
       824         24          0          0          0       6928   stm32f4xx_usart.o
       380         36          0         20          0       2247   system_stm32f4xx.o
       932         12          0          2       4096       4451   w25q128.o
       672          4          0          0          0       3026   w5500.o
      1428         34          0         40          0      11208   wizchip_conf.o

    ----------------------------------------------------------------------
     21280        786        980        316     106640     449822   Object Totals
         0          0         32          0          0          0   (incl. Generated)
         0          0          3          6          0          0   (incl. Padding)

    ----------------------------------------------------------------------

      Code (inc. data)   RO Data    RW Data    ZI Data      Debug   Library Member Name

        86          0          0          0          0          0   __dczerorl2.o
         0          0          0          0          0          0   entry.o
         0          0          0          0          0          0   entry10a.o
         0          0          0          0          0          0   entry11a.o
         8          4          0          0          0          0   entry2.o
         4          0          0          0          0          0   entry5.o
         0          0          0          0          0          0   entry7b.o
         0          0          0          0          0          0   entry8b.o
         8          4          0          0          0          0   entry9a.o
        30          0          0          0          0          0   handlers.o
        36          8          0          0          0         68   init.o
       188         20          0          0          0        160   malloc.o
        36          0          0          0          0         68   memcpya.o
        36          0          0          0          0        108   memseta.o
         0          0          0          8          0          0   mvars.o
       372         14          0          0          0        184   printf1.o
         0          0          0          4          0          0   stdout.o
        44          0          0          0          0         80   uidiv.o

    ----------------------------------------------------------------------
       852         50          0         12          0        668   Library Totals
         4          0          0          0          0          0   (incl. Padding)

    ----------------------------------------------------------------------

      Code (inc. data)   RO Data    RW Data    ZI Data      Debug   Library Name

       848         50          0         12          0        668   mc_w.l

    ----------------------------------------------------------------------
       852         50          0         12          0        668   Library Totals

    ----------------------------------------------------------------------

==============================================================================


      Code (inc. data)   RO Data    RW Data    ZI Data      Debug   

     22132        836        980        328     106640     443114   Grand Totals
     22132        836        980        124     106640     443114   ELF Image Totals (compressed)
     22132        836        980        124          0          0   ROM Totals

==============================================================================

    Total RO  Size (Code + RO Data)                23112 (  22.57kB)
    Total RW  Size (RW Data + ZI Data)            106968 ( 104.46kB)
    Total ROM Size (Code + RO Data + RW Data)      23236 (  22.69kB)

==============================================================================

