<html>
<body>
<pre>
<h1>礦ision Build Log</h1>
<h2>Tool Versions:</h2>
IDE-Version: μVision V5.14.0.0
Copyright (C) 2015 ARM Ltd and ARM Germany GmbH. All rights reserved.
License Information: 1 Microsoft, Microsoft, LIC=----
 
Tool Versions:
Toolchain:       MDK-Lite  Version: 5.14.0.0
Toolchain Path:  D:\Keil_v5\ARM\ARMCC\Bin
C Compiler:      Armcc.exe V5.05 update 1 (build 106)
Assembler:       Armasm.exe V5.05 update 1 (build 106)
Linker/Locator:  ArmLink.exe V5.05 update 1 (build 106)
Library Manager: ArmAr.exe V5.05 update 1 (build 106)
Hex Converter:   FromElf.exe V5.05 update 1 (build 106)
CPU DLL:         SARMCM3.DLL V5.14.0.0
Dialog DLL:      DCM.DLL V1.13.1.0
Target DLL:      STLink\ST-LINKIII-KEIL_SWO.dll V2.0.14.0_KEIL
Dialog DLL:      TCM.DLL V1.14.4.0
 
<h2>Project:</h2>
C:\Users\Administrator\Desktop\407tcp-iap\STM32F4_w5500_iap\Project\Project.uvprojx
Project File Date:  03/16/2017

<h2>Output:</h2>
Rebuild target 'Embed-Net'
compiling main.c...
..\User\main.c(47): warning:  #1295-D: Deprecated declaration eMBPoll - give arg types
  void eMBPoll();//查询函数     
..\User\main.c(48): warning:  #1295-D: Deprecated declaration wiznet_register - give arg types
  void wiznet_register();//设备注册函数                                                                                                                 
..\User\main.c(155): warning:  #177-D: variable "add" was declared but never referenced
        uint16_t add=0,num=0,ii=0;
..\User\main.c(155): warning:  #177-D: variable "num" was declared but never referenced
        uint16_t add=0,num=0,ii=0;
..\User\main.c(155): warning:  #177-D: variable "ii" was declared but never referenced
        uint16_t add=0,num=0,ii=0;
..\User\main.c: 5 warnings, 0 errors
compiling usart.c...
compiling stm32f4xx_it.c...
compiling delay.c...
compiling core_flash.c...
compiling iap.c...
assembling startup_stm32f4xx.s...
compiling misc.c...
compiling stm32f4xx_gpio.c...
compiling stm32f4xx_rcc.c...
compiling stm32f4xx_usart.c...
compiling stm32f4xx_spi.c...
compiling stm32f4xx_adc.c...
compiling stm32f4xx_dma.c...
compiling stm32f4xx_tim.c...
compiling stm32f4xx_flash.c...
compiling system_stm32f4xx.c...
compiling socket.c...
compiling spi.c...
compiling wizchip_conf.c...
compiling w5500.c...
linking...
Program Size: Code=13056 RO-data=776 RW-data=128 ZI-data=32640  
FromELF: creating hex file...
".\Output\Project.axf" - 0 Error(s), 5 Warning(s).

<h2>Collection of Component include folders:</h2>
  C:\Users\Administrator\Desktop\407tcp-iap\STM32F4_w5500_iap\Project\RTE
  D:\Keil_v5\ARM\PACK\Keil\STM32F4xx_DFP\2.10.0

<h2>Collection of Component Files used:</h2>
</pre>
</body>
</html>
