<html>
<body>
<pre>
<h1>礦ision Build Log</h1>
<h2>Tool Versions:</h2>
IDE-Version: μVision V5.14.0.0
Copyright (C) 2015 ARM Ltd and ARM Germany GmbH. All rights reserved.
License Information: 1 Microsoft, Microsoft, LIC=JL2Y8-32HG5-ZW02V-PLKZT-BTK57-E43RY
 
Tool Versions:
Toolchain:       MDK-ARM Standard  Version: 5.14.0.0
Toolchain Path:  D:\Keil_v5\ARM\ARMCC\Bin
C Compiler:      Armcc.exe V5.05 update 1 (build 106)
Assembler:       Armasm.exe V5.05 update 1 (build 106)
Linker/Locator:  ArmLink.exe V5.05 update 1 (build 106)
Library Manager: ArmAr.exe V5.05 update 1 (build 106)
Hex Converter:   FromElf.exe V5.05 update 1 (build 106)
CPU DLL:         SARMCM3.DLL V5.14.0.0
Dialog DLL:      DCM.DLL V1.13.1.0
Target DLL:      STLink\ST-LINKIII-KEIL_SWO.dll V2.0.14.0_KEIL
Dialog DLL:      TCM.DLL V1.14.4.0
 
<h2>Project:</h2>
C:\Users\Administrator\Desktop\11\STM32F4_w5500_tcp_client最后一次修改\Project\Project.uvprojx
Project File Date:  05/06/2017

<h2>Output:</h2>
Rebuild target 'Embed-Net'
compiling stm32f4xx_it.c...
compiling delay.c...
compiling flash_spi.c...
compiling main.c...
compiling sample.c...
compiling w25q128.c...
compiling Inforchange.c...
assembling startup_stm32f4xx.s...
compiling misc.c...
compiling stm32f4xx_adc.c...
compiling stm32f4xx_gpio.c...
compiling stm32f4xx_rcc.c...
compiling stm32f4xx_usart.c...
compiling stm32f4xx_spi.c...
compiling stm32f4xx_dma.c...
compiling stm32f4xx_tim.c...
compiling system_stm32f4xx.c...
compiling socket.c...
compiling spi.c...
compiling wizchip_conf.c...
compiling w5500.c...
compiling dns.c...
compiling dhcp.c...
compiling mbfunccoils.c...
compiling mbfuncdiag.c...
compiling mbfuncdisc.c...
compiling mbfuncholding.c...
compiling mbfuncinput.c...
compiling mbfuncother.c...
compiling mbutils.c...
compiling mbcrc.c...
compiling mbrtu.c...
..\User\modbus_Driver\rtu\mbrtu.c(153): warning:  #550-D: variable "xFrameReceived" was set but never used
      BOOL            xFrameReceived = FALSE;
..\User\modbus_Driver\rtu\mbrtu.c: 1 warning, 0 errors
compiling portevent.c...
compiling portserial.c...
compiling porttimer.c...
compiling demo.c...
..\User\modbusH.h(25): warning:  #1-D: last line of file ends without a newline
                
..\User\modbus_user\demo.c(63): warning:  #111-D: statement is unreachable
    return eStatus;
..\User\modbus_user\demo.c(453): warning:  #1-D: last line of file ends without a newline
                 
..\User\modbus_user\demo.c: 3 warnings, 0 errors
compiling mb.c...
compiling mbascii.c...
compiling mbtcp.c...
linking...
Program Size: Code=22656 RO-data=976 RW-data=328 ZI-data=106680  
FromELF: creating hex file...
".\Output\Project.axf" - 0 Error(s), 4 Warning(s).

<h2>Collection of Component include folders:</h2>
  C:\Users\Administrator\Desktop\11\STM32F4_w5500_tcp_client最后一次修改\Project\RTE
  D:\Keil_v5\ARM\PACK\Keil\STM32F4xx_DFP\2.10.0

<h2>Collection of Component Files used:</h2>
</pre>
</body>
</html>
