###############################################################################
#
# IAR ELF Linker V7.70.1.11437/W32 for ARM                03/May/2017  17:24:08
# Copyright 2007-2016 IAR Systems AB.
#
#    Output file  =  
#        C:\Users\Administrator\Desktop\标准程序收集\405hal库modbus调通\EWARM\40511\Exe\40511.out
#    Map file     =  
#        C:\Users\Administrator\Desktop\标准程序收集\405hal库modbus调通\EWARM\40511\List\40511.map
#    Command line =  
#        C:\Users\Administrator\Desktop\标准程序收集\405hal库modbus调通\EWARM\40511\Obj\gpio.o
#        C:\Users\Administrator\Desktop\标准程序收集\405hal库modbus调通\EWARM\40511\Obj\main.o
#        C:\Users\Administrator\Desktop\标准程序收集\405hal库modbus调通\EWARM\40511\Obj\mb.o
#        C:\Users\Administrator\Desktop\标准程序收集\405hal库modbus调通\EWARM\40511\Obj\mbascii.o
#        C:\Users\Administrator\Desktop\标准程序收集\405hal库modbus调通\EWARM\40511\Obj\mbcrc.o
#        C:\Users\Administrator\Desktop\标准程序收集\405hal库modbus调通\EWARM\40511\Obj\mbfunccoils.o
#        C:\Users\Administrator\Desktop\标准程序收集\405hal库modbus调通\EWARM\40511\Obj\mbfuncdiag.o
#        C:\Users\Administrator\Desktop\标准程序收集\405hal库modbus调通\EWARM\40511\Obj\mbfuncdisc.o
#        C:\Users\Administrator\Desktop\标准程序收集\405hal库modbus调通\EWARM\40511\Obj\mbfuncholding.o
#        C:\Users\Administrator\Desktop\标准程序收集\405hal库modbus调通\EWARM\40511\Obj\mbfuncinput.o
#        C:\Users\Administrator\Desktop\标准程序收集\405hal库modbus调通\EWARM\40511\Obj\mbfuncother.o
#        C:\Users\Administrator\Desktop\标准程序收集\405hal库modbus调通\EWARM\40511\Obj\mbrtu.o
#        C:\Users\Administrator\Desktop\标准程序收集\405hal库modbus调通\EWARM\40511\Obj\mbtcp.o
#        C:\Users\Administrator\Desktop\标准程序收集\405hal库modbus调通\EWARM\40511\Obj\mbutils.o
#        C:\Users\Administrator\Desktop\标准程序收集\405hal库modbus调通\EWARM\40511\Obj\portevent.o
#        C:\Users\Administrator\Desktop\标准程序收集\405hal库modbus调通\EWARM\40511\Obj\portserial.o
#        C:\Users\Administrator\Desktop\标准程序收集\405hal库modbus调通\EWARM\40511\Obj\porttimer.o
#        C:\Users\Administrator\Desktop\标准程序收集\405hal库modbus调通\EWARM\40511\Obj\startup_stm32f405xx.o
#        C:\Users\Administrator\Desktop\标准程序收集\405hal库modbus调通\EWARM\40511\Obj\stm32f4xx_hal.o
#        C:\Users\Administrator\Desktop\标准程序收集\405hal库modbus调通\EWARM\40511\Obj\stm32f4xx_hal_cortex.o
#        C:\Users\Administrator\Desktop\标准程序收集\405hal库modbus调通\EWARM\40511\Obj\stm32f4xx_hal_dma.o
#        C:\Users\Administrator\Desktop\标准程序收集\405hal库modbus调通\EWARM\40511\Obj\stm32f4xx_hal_dma_ex.o
#        C:\Users\Administrator\Desktop\标准程序收集\405hal库modbus调通\EWARM\40511\Obj\stm32f4xx_hal_flash.o
#        C:\Users\Administrator\Desktop\标准程序收集\405hal库modbus调通\EWARM\40511\Obj\stm32f4xx_hal_flash_ex.o
#        C:\Users\Administrator\Desktop\标准程序收集\405hal库modbus调通\EWARM\40511\Obj\stm32f4xx_hal_flash_ramfunc.o
#        C:\Users\Administrator\Desktop\标准程序收集\405hal库modbus调通\EWARM\40511\Obj\stm32f4xx_hal_gpio.o
#        C:\Users\Administrator\Desktop\标准程序收集\405hal库modbus调通\EWARM\40511\Obj\stm32f4xx_hal_msp.o
#        C:\Users\Administrator\Desktop\标准程序收集\405hal库modbus调通\EWARM\40511\Obj\stm32f4xx_hal_pwr.o
#        C:\Users\Administrator\Desktop\标准程序收集\405hal库modbus调通\EWARM\40511\Obj\stm32f4xx_hal_pwr_ex.o
#        C:\Users\Administrator\Desktop\标准程序收集\405hal库modbus调通\EWARM\40511\Obj\stm32f4xx_hal_rcc.o
#        C:\Users\Administrator\Desktop\标准程序收集\405hal库modbus调通\EWARM\40511\Obj\stm32f4xx_hal_rcc_ex.o
#        C:\Users\Administrator\Desktop\标准程序收集\405hal库modbus调通\EWARM\40511\Obj\stm32f4xx_hal_tim.o
#        C:\Users\Administrator\Desktop\标准程序收集\405hal库modbus调通\EWARM\40511\Obj\stm32f4xx_hal_tim_ex.o
#        C:\Users\Administrator\Desktop\标准程序收集\405hal库modbus调通\EWARM\40511\Obj\stm32f4xx_hal_uart.o
#        C:\Users\Administrator\Desktop\标准程序收集\405hal库modbus调通\EWARM\40511\Obj\stm32f4xx_it.o
#        C:\Users\Administrator\Desktop\标准程序收集\405hal库modbus调通\EWARM\40511\Obj\system_stm32f4xx.o
#        C:\Users\Administrator\Desktop\标准程序收集\405hal库modbus调通\EWARM\40511\Obj\tim.o
#        C:\Users\Administrator\Desktop\标准程序收集\405hal库modbus调通\EWARM\40511\Obj\usart.o
#        --redirect _Printf=_PrintfFull --redirect _Scanf=_ScanfFull -o
#        C:\Users\Administrator\Desktop\标准程序收集\405hal库modbus调通\EWARM\40511\Exe\40511.out
#        --map
#        C:\Users\Administrator\Desktop\标准程序收集\405hal库modbus调通\EWARM\40511\List\40511.map
#        --config
#        C:\Users\Administrator\Desktop\标准程序收集\405hal库modbus调通\EWARM/stm32f405xx_flash.icf
#        --semihosting --entry __iar_program_start --vfe
#
###############################################################################

*******************************************************************************
*** RUNTIME MODEL ATTRIBUTES
***

CppFlavor       = *
__SystemLibrary = DLib


*******************************************************************************
*** PLACEMENT SUMMARY
***

"A0":  place at 0x08000000 { ro section .intvec };
"P1":  place in [from 0x08000000 to 0x080fffff] { ro };
"P2":  place in [from 0x20000000 to 0x2001ffff] { rw, block CSTACK, block HEAP };
initialize by copy { rw };

  Section            Kind        Address    Size  Object
  -------            ----        -------    ----  ------
"A0":                                      0x188
  .intvec            ro code  0x08000000   0x188  startup_stm32f405xx.o [1]
                            - 0x08000188   0x188

"P1":                                     0x2994
  .text              ro code  0x08000188   0x5b2  stm32f4xx_hal_uart.o [1]
  .text              ro code  0x0800073c    0x9c  usart.o [1]
  .text              ro code  0x080007d8     0xc  stm32f4xx_hal.o [1]
  .text              ro code  0x080007e4    0x24  stm32f4xx_hal_dma.o [1]
  .text              ro code  0x08000808     0x2  stm32f4xx_hal_uart.o [1]
  .text              ro code  0x0800080a     0x2  stm32f4xx_hal_uart.o [1]
  .text              ro code  0x0800080c     0x2  stm32f4xx_hal_uart.o [1]
  .text              ro code  0x08000810   0x1dc  stm32f4xx_hal_rcc.o [1]
  .text              ro code  0x080009ec   0x24c  main.o [1]
  .text              ro code  0x08000c38   0x1d0  stm32f4xx_hal_gpio.o [1]
  .text              ro code  0x08000e08    0xee  stm32f4xx_hal_cortex.o [1]
  .text              ro code  0x08000ef8    0x28  stm32f4xx_hal.o [1]
  .text              ro code  0x08000f20    0x34  stm32f4xx_hal.o [1]
  .text              ro code  0x08000f54    0x38  gpio.o [1]
  .text              ro code  0x08000f8c    0x98  tim.o [1]
  .text              ro code  0x08001024   0x17c  mb.o [1]
  .text              ro code  0x080011a0   0x25c  stm32f4xx_hal_rcc.o [1]
  .text              ro code  0x080013fc    0xd0  mbutils.o [1]
  .text              ro code  0x080014cc    0x60  stm32f4xx_hal_msp.o [1]
  .text              ro code  0x0800152c   0x386  stm32f4xx_hal_tim.o [1]
  .text              ro code  0x080018b4    0x4a  stm32f4xx_hal_tim_ex.o [1]
  .text              ro code  0x08001900   0x318  mbrtu.o [1]
  .text              ro code  0x08001c18    0x30  portevent.o [1]
  .text              ro code  0x08001c48   0x3e4  mbascii.o [1]
  .text              ro code  0x0800202c    0x24  ABIassert.o [6]
  .text              ro code  0x08002050     0x2  stm32f4xx_hal_tim.o [1]
  .text              ro code  0x08002052     0x2  stm32f4xx_hal_tim.o [1]
  .text              ro code  0x08002054    0x6c  stm32f4xx_it.o [1]
  .text              ro code  0x080020c0     0x2  stm32f4xx_hal_tim_ex.o [1]
  .text              ro code  0x080020c2     0x2  stm32f4xx_hal_tim.o [1]
  .text              ro code  0x080020c4     0x2  stm32f4xx_hal_tim_ex.o [1]
  .text              ro code  0x080020c6     0x2  stm32f4xx_hal_tim.o [1]
  .text              ro code  0x080020c8    0x64  portserial.o [1]
  .text              ro code  0x0800212c    0x68  porttimer.o [1]
  .text              ro code  0x08002194   0x22c  mbcrc.o [1]
  .text              ro code  0x080023c0     0x6  abort.o [3]
  .text              ro code  0x080023c8    0x10  stm32f4xx_hal.o [1]
  .text              ro code  0x080023d8    0x14  exit.o [6]
  .text              ro code  0x080023ec   0x17e  mbfuncholding.o [1]
  .text              ro code  0x0800256a   0x136  mbfunccoils.o [1]
  .text              ro code  0x080026a0    0x78  mbfuncdisc.o [1]
  .text              ro code  0x08002718    0x76  ABImemcpy_unaligned.o [5]
  .text              ro code  0x0800278e    0x60  mbfuncinput.o [1]
  .text              ro code  0x080027f0    0x50  system_stm32f4xx.o [1]
  .text              ro code  0x08002840    0x40  zero_init3.o [5]
  .text              ro code  0x08002880    0x38  packbits_init_single.o [5]
  .text              ro code  0x080028b8    0x28  data_init.o [5]
  .text              ro code  0x080028e0    0x22  fpinit_M.o [4]
  .iar.init_table    const    0x08002904    0x20  - Linker created -
  .text              ro code  0x08002924    0x20  mbfuncother.o [1]
  .text              ro code  0x08002944    0x1a  cmain.o [5]
  .text              ro code  0x0800295e     0x4  low_level_init.o [3]
  .text              ro code  0x08002962     0x4  exit.o [3]
  .text              ro code  0x08002968     0xa  cexit.o [5]
  .text              ro code  0x08002974    0x10  startup_stm32f405xx.o [1]
  .text              ro code  0x08002984     0xc  cstartup_M.o [5]
  .text              ro code  0x08002990     0x4  startup_stm32f405xx.o [1]
  .text              ro code  0x08002994     0x4  startup_stm32f405xx.o [1]
  .text              ro code  0x08002998     0x4  startup_stm32f405xx.o [1]
  .text              ro code  0x0800299c     0x4  startup_stm32f405xx.o [1]
  .text              ro code  0x080029a0     0x4  startup_stm32f405xx.o [1]
  .text              ro code  0x080029a4     0x4  startup_stm32f405xx.o [1]
  .text              ro code  0x080029a8     0x4  startup_stm32f405xx.o [1]
  .text              ro code  0x080029ac     0x4  startup_stm32f405xx.o [1]
  .text              ro code  0x080029b0     0x4  startup_stm32f405xx.o [1]
  .text              ro code  0x080029b4     0x4  startup_stm32f405xx.o [1]
  .text              ro code  0x080029b8     0x4  startup_stm32f405xx.o [1]
  .text              ro code  0x080029bc     0x4  startup_stm32f405xx.o [1]
  .text              ro code  0x080029c0     0x4  startup_stm32f405xx.o [1]
  .text              ro code  0x080029c4     0x4  startup_stm32f405xx.o [1]
  .text              ro code  0x080029c8     0x4  startup_stm32f405xx.o [1]
  .text              ro code  0x080029cc     0x4  startup_stm32f405xx.o [1]
  .text              ro code  0x080029d0     0x4  startup_stm32f405xx.o [1]
  .text              ro code  0x080029d4     0x4  startup_stm32f405xx.o [1]
  .text              ro code  0x080029d8     0x4  startup_stm32f405xx.o [1]
  .text              ro code  0x080029dc     0x4  startup_stm32f405xx.o [1]
  .text              ro code  0x080029e0     0x4  startup_stm32f405xx.o [1]
  .text              ro code  0x080029e4     0x4  startup_stm32f405xx.o [1]
  .text              ro code  0x080029e8     0x4  startup_stm32f405xx.o [1]
  .text              ro code  0x080029ec     0x4  startup_stm32f405xx.o [1]
  .text              ro code  0x080029f0     0x4  startup_stm32f405xx.o [1]
  .text              ro code  0x080029f4     0x4  startup_stm32f405xx.o [1]
  .text              ro code  0x080029f8     0x4  startup_stm32f405xx.o [1]
  .text              ro code  0x080029fc     0x4  startup_stm32f405xx.o [1]
  .text              ro code  0x08002a00     0x4  startup_stm32f405xx.o [1]
  .text              ro code  0x08002a04     0x4  startup_stm32f405xx.o [1]
  .text              ro code  0x08002a08     0x4  startup_stm32f405xx.o [1]
  .text              ro code  0x08002a0c     0x4  startup_stm32f405xx.o [1]
  .text              ro code  0x08002a10     0x4  startup_stm32f405xx.o [1]
  .text              ro code  0x08002a14     0x4  startup_stm32f405xx.o [1]
  .text              ro code  0x08002a18     0x4  startup_stm32f405xx.o [1]
  .text              ro code  0x08002a1c     0x4  startup_stm32f405xx.o [1]
  .text              ro code  0x08002a20     0x4  startup_stm32f405xx.o [1]
  .text              ro code  0x08002a24     0x4  startup_stm32f405xx.o [1]
  .text              ro code  0x08002a28     0x4  startup_stm32f405xx.o [1]
  .text              ro code  0x08002a2c     0x4  startup_stm32f405xx.o [1]
  .text              ro code  0x08002a30     0x4  startup_stm32f405xx.o [1]
  .text              ro code  0x08002a34     0x4  startup_stm32f405xx.o [1]
  .text              ro code  0x08002a38     0x4  startup_stm32f405xx.o [1]
  .text              ro code  0x08002a3c     0x4  startup_stm32f405xx.o [1]
  .text              ro code  0x08002a40     0x4  startup_stm32f405xx.o [1]
  .text              ro code  0x08002a44     0x4  startup_stm32f405xx.o [1]
  .text              ro code  0x08002a48     0x4  startup_stm32f405xx.o [1]
  .text              ro code  0x08002a4c     0x4  startup_stm32f405xx.o [1]
  .text              ro code  0x08002a50     0x4  startup_stm32f405xx.o [1]
  .text              ro code  0x08002a54     0x4  startup_stm32f405xx.o [1]
  .text              ro code  0x08002a58     0x4  startup_stm32f405xx.o [1]
  .text              ro code  0x08002a5c     0x4  startup_stm32f405xx.o [1]
  .text              ro code  0x08002a60     0x4  startup_stm32f405xx.o [1]
  .text              ro code  0x08002a64     0x4  startup_stm32f405xx.o [1]
  .text              ro code  0x08002a68     0x4  startup_stm32f405xx.o [1]
  .text              ro code  0x08002a6c     0x4  startup_stm32f405xx.o [1]
  .text              ro code  0x08002a70     0x4  startup_stm32f405xx.o [1]
  .text              ro code  0x08002a74     0x4  startup_stm32f405xx.o [1]
  .text              ro code  0x08002a78     0x4  startup_stm32f405xx.o [1]
  .text              ro code  0x08002a7c     0x4  startup_stm32f405xx.o [1]
  .text              ro code  0x08002a80     0x4  startup_stm32f405xx.o [1]
  .text              ro code  0x08002a84     0x4  startup_stm32f405xx.o [1]
  .text              ro code  0x08002a88     0x4  startup_stm32f405xx.o [1]
  .text              ro code  0x08002a8c     0x4  startup_stm32f405xx.o [1]
  .text              ro code  0x08002a90     0x4  startup_stm32f405xx.o [1]
  .text              ro code  0x08002a94     0x4  startup_stm32f405xx.o [1]
  .text              ro code  0x08002a98     0x4  startup_stm32f405xx.o [1]
  .text              ro code  0x08002a9c     0x4  startup_stm32f405xx.o [1]
  .text              ro code  0x08002aa0     0x4  startup_stm32f405xx.o [1]
  .text              ro code  0x08002aa4     0x4  startup_stm32f405xx.o [1]
  .text              ro code  0x08002aa8     0x4  startup_stm32f405xx.o [1]
  .text              ro code  0x08002aac     0x4  startup_stm32f405xx.o [1]
  .text              ro code  0x08002ab0     0x4  startup_stm32f405xx.o [1]
  .text              ro code  0x08002ab4     0x4  startup_stm32f405xx.o [1]
  .text              ro code  0x08002ab8     0x4  startup_stm32f405xx.o [1]
  .text              ro code  0x08002abc     0x4  startup_stm32f405xx.o [1]
  .rodata            const    0x08002ac0     0x0  zero_init3.o [5]
  .rodata            const    0x08002ac0     0x0  packbits_init_single.o [5]
  Initializer bytes  const    0x08002ac0    0x5c  <for P2-1>
                            - 0x08002b1c  0x2994

"P2", part 1 of 3:                          0xb0
  P2-1                        0x20000000    0xb0  <Init block>
    .data            inited   0x20000000    0x2c  mb.o [1]
    .data            inited   0x2000002c    0x80  mb.o [1]
    .data            inited   0x200000ac     0x4  system_stm32f4xx.o [1]
                            - 0x200000b0    0xb0

"P2", part 2 of 3:                        0x4000
  CSTACK                      0x200000b0  0x4000  <Block>
    CSTACK           uninit   0x200000b0  0x4000  <Block tail>
                            - 0x200040b0  0x4000

"P2", part 3 of 3:                         0x350
  .bss               zero     0x200040b0   0x100  mbrtu.o [1]
  .bss               zero     0x200041b0    0xc8  main.o [1]
  .bss               zero     0x20004278    0xc8  main.o [1]
  .bss               zero     0x20004340    0x40  usart.o [1]
  .bss               zero     0x20004380    0x3c  tim.o [1]
  .bss               zero     0x200043bc    0x22  mbfuncother.o [1]
  .bss               zero     0x200043de     0x2  main.o [1]
  .bss               zero     0x200043e0     0xc  mbascii.o [1]
  .bss               zero     0x200043ec     0xc  mbrtu.o [1]
  .bss               zero     0x200043f8     0x4  stm32f4xx_hal.o [1]
  .bss               zero     0x200043fc     0x2  main.o [1]
  .bss               zero     0x200043fe     0x2  portevent.o [1]
                            - 0x20004400   0x350


*******************************************************************************
*** INIT TABLE
***

          Address     Size
          -------     ----
Zero (__iar_zero_init3)
    1 destination range, total size 0x350:
          0x200040b0  0x350

Copy/packbits (__iar_packbits_init_single3)
    1 source range, total size 0x5c (52% of destination):
          0x08002ac0   0x5c
    1 destination range, total size 0xb0:
          0x20000000   0xb0



*******************************************************************************
*** MODULE SUMMARY
***

    Module                  ro code  ro data  rw data
    ------                  -------  -------  -------
C:\Users\Administrator\Desktop\标准程序收集\405hal库modbus调通\EWARM\40511\Obj: [1]
    gpio.o                       56
    main.o                      588               404
    mb.o                        380       89      172
    mbascii.o                   996                12
    mbcrc.o                     556
    mbfunccoils.o               310
    mbfuncdisc.o                120
    mbfuncholding.o             382
    mbfuncinput.o                96
    mbfuncother.o                32                34
    mbrtu.o                     792               268
    mbutils.o                   208
    portevent.o                  48                 2
    portserial.o                100
    porttimer.o                 104
    startup_stm32f405xx.o       712
    stm32f4xx_hal.o             120                 4
    stm32f4xx_hal_cortex.o      238
    stm32f4xx_hal_dma.o          36
    stm32f4xx_hal_gpio.o        464
    stm32f4xx_hal_msp.o          96
    stm32f4xx_hal_rcc.o       1 080
    stm32f4xx_hal_tim.o         910
    stm32f4xx_hal_tim_ex.o       78
    stm32f4xx_hal_uart.o      1 464
    stm32f4xx_it.o              108
    system_stm32f4xx.o           80        3        4
    tim.o                       152                60
    usart.o                     156                64
    -------------------------------------------------
    Total:                   10 462       92    1 024

command line: [2]
    -------------------------------------------------
    Total:

dl7M_tlf.a: [3]
    abort.o                       6
    exit.o                        4
    low_level_init.o              4
    -------------------------------------------------
    Total:                       14

m7M_tls.a: [4]
    fpinit_M.o                   34
    -------------------------------------------------
    Total:                       34

rt7M_tl.a: [5]
    ABImemcpy_unaligned.o       118
    cexit.o                      10
    cmain.o                      26
    cstartup_M.o                 12
    data_init.o                  40
    packbits_init_single.o       56
    zero_init3.o                 64
    -------------------------------------------------
    Total:                      326

shb_l.a: [6]
    ABIassert.o                  36
    exit.o                       20
    -------------------------------------------------
    Total:                       56

    Gaps                         18        2
    Linker created                        32   16 384
-----------------------------------------------------
    Grand Total:             10 910      126   17 408


*******************************************************************************
*** ENTRY LIST
***

Entry                      Address   Size  Type      Object
-----                      -------   ----  ----      ------
.iar.init_table$$Base   0x08002904          --   Gb  - Linker created -
.iar.init_table$$Limit  0x08002924          --   Gb  - Linker created -
?main                   0x08002945         Code  Gb  cmain.o [5]
APBAHBPrescTable        0x08000988   0x10  Data  Gb  stm32f4xx_hal_rcc.o [1]
BusFault_Handler        0x0800205b    0x2  Code  Gb  stm32f4xx_it.o [1]
CSTACK$$Base            0x200000b0          --   Gb  - Linker created -
CSTACK$$Limit           0x200040b0          --   Gb  - Linker created -
DebugMon_Handler        0x08002061    0x2  Code  Gb  stm32f4xx_it.o [1]
Error_Handler           0x08000c37    0x2  Code  Gb  main.o [1]
HAL_DMA_Abort_IT        0x080007e5   0x24  Code  Gb  stm32f4xx_hal_dma.o [1]
HAL_GPIO_Init           0x08000c39  0x1a4  Code  Gb  stm32f4xx_hal_gpio.o [1]
HAL_GetTick             0x080007d9    0xc  Code  Wk  stm32f4xx_hal.o [1]
HAL_IncTick             0x080023c9   0x10  Code  Wk  stm32f4xx_hal.o [1]
HAL_Init                0x08000f21   0x30  Code  Gb  stm32f4xx_hal.o [1]
HAL_InitTick            0x08000ef9   0x28  Code  Wk  stm32f4xx_hal.o [1]
HAL_MspInit             0x080014cd   0x60  Code  Gb  stm32f4xx_hal_msp.o [1]
HAL_NVIC_ClearPendingIRQ
                        0x08000eb3    0xc  Code  Gb  stm32f4xx_hal_cortex.o [1]
HAL_NVIC_EnableIRQ      0x08000e77    0xc  Code  Gb  stm32f4xx_hal_cortex.o [1]
HAL_NVIC_SetPriority    0x08000e3d   0x3a  Code  Gb  stm32f4xx_hal_cortex.o [1]
HAL_NVIC_SetPriorityGrouping
                        0x08000e23   0x1a  Code  Gb  stm32f4xx_hal_cortex.o [1]
HAL_RCC_ClockConfig     0x08000811  0x12c  Code  Gb  stm32f4xx_hal_rcc.o [1]
HAL_RCC_GetHCLKFreq     0x0800094b    0x6  Code  Gb  stm32f4xx_hal_rcc.o [1]
HAL_RCC_GetPCLK1Freq    0x08000951   0x12  Code  Gb  stm32f4xx_hal_rcc.o [1]
HAL_RCC_GetPCLK2Freq    0x08000963   0x10  Code  Gb  stm32f4xx_hal_rcc.o [1]
HAL_RCC_GetSysClockFreq
                        0x08000999   0x54  Code  Wk  stm32f4xx_hal_rcc.o [1]
HAL_RCC_OscConfig       0x080011a1  0x25c  Code  Wk  stm32f4xx_hal_rcc.o [1]
HAL_SYSTICK_CLKSourceConfig
                        0x08000ebf   0x14  Code  Gb  stm32f4xx_hal_cortex.o [1]
HAL_SYSTICK_Callback    0x08000ef5    0x2  Code  Wk  stm32f4xx_hal_cortex.o [1]
HAL_SYSTICK_Config      0x08000e8b   0x28  Code  Gb  stm32f4xx_hal_cortex.o [1]
HAL_SYSTICK_IRQHandler  0x08000ef1    0x4  Code  Gb  stm32f4xx_hal_cortex.o [1]
HAL_TIMEx_BreakCallback
                        0x080020c1    0x2  Code  Wk  stm32f4xx_hal_tim_ex.o [1]
HAL_TIMEx_CommutationCallback
                        0x080020c5    0x2  Code  Wk  stm32f4xx_hal_tim_ex.o [1]
HAL_TIMEx_MasterConfigSynchronization
                        0x080018b5   0x4a  Code  Gb  stm32f4xx_hal_tim_ex.o [1]
HAL_TIM_Base_Init       0x0800152d   0x1a  Code  Gb  stm32f4xx_hal_tim.o [1]
HAL_TIM_Base_MspInit    0x08000fe1   0x38  Code  Gb  tim.o [1]
HAL_TIM_ConfigClockSource
                        0x080016b5   0xa8  Code  Gb  stm32f4xx_hal_tim.o [1]
HAL_TIM_IC_CaptureCallback
                        0x08002051    0x2  Code  Wk  stm32f4xx_hal_tim.o [1]
HAL_TIM_IRQHandler      0x08001563  0x142  Code  Gb  stm32f4xx_hal_tim.o [1]
HAL_TIM_OC_DelayElapsedCallback
                        0x08002053    0x2  Code  Wk  stm32f4xx_hal_tim.o [1]
HAL_TIM_PWM_PulseFinishedCallback
                        0x080020c7    0x2  Code  Wk  stm32f4xx_hal_tim.o [1]
HAL_TIM_PeriodElapsedCallback
                        0x080020bd    0x4  Code  Gb  stm32f4xx_it.o [1]
HAL_TIM_TriggerCallback
                        0x080020c3    0x2  Code  Wk  stm32f4xx_hal_tim.o [1]
HAL_UART_ErrorCallback  0x08000809    0x2  Code  Wk  stm32f4xx_hal_uart.o [1]
HAL_UART_IRQHandler     0x08000353  0x14e  Code  Gb  stm32f4xx_hal_uart.o [1]
HAL_UART_Init           0x08000189   0x28  Code  Gb  stm32f4xx_hal_uart.o [1]
HAL_UART_MspInit        0x0800076f   0x58  Code  Gb  usart.o [1]
HAL_UART_Receive        0x08000297   0xa6  Code  Gb  stm32f4xx_hal_uart.o [1]
HAL_UART_RxCpltCallback
                        0x0800080d    0x2  Code  Wk  stm32f4xx_hal_uart.o [1]
HAL_UART_Transmit       0x080001f7   0xa0  Code  Gb  stm32f4xx_hal_uart.o [1]
HAL_UART_TxCpltCallback
                        0x0800080b    0x2  Code  Wk  stm32f4xx_hal_uart.o [1]
HardFault_Handler       0x08002057    0x2  Code  Gb  stm32f4xx_it.o [1]
MX_GPIO_Init            0x08000f55   0x38  Code  Gb  gpio.o [1]
MX_TIM4_Init            0x08000f8d   0x54  Code  Gb  tim.o [1]
MX_USART1_UART_Init     0x0800073d   0x32  Code  Gb  usart.o [1]
MemManage_Handler       0x08002059    0x2  Code  Gb  stm32f4xx_it.o [1]
NMI_Handler             0x08002055    0x2  Code  Gb  stm32f4xx_it.o [1]
NVIC_SetPriority        0x08000e09   0x1a  Code  Lc  stm32f4xx_hal_cortex.o [1]
PendSV_Handler          0x08002063    0x2  Code  Gb  stm32f4xx_it.o [1]
Region$$Table$$Base     0x08002904          --   Gb  - Linker created -
Region$$Table$$Limit    0x08002924          --   Gb  - Linker created -
SVC_Handler             0x0800205f    0x2  Code  Gb  stm32f4xx_it.o [1]
SysTick_Handler         0x08002065    0xe  Code  Gb  stm32f4xx_it.o [1]
SystemClock_Config      0x08000a2f   0xa6  Code  Gb  main.o [1]
SystemCoreClock         0x200000ac    0x4  Data  Gb  system_stm32f4xx.o [1]
SystemInit              0x080027f1   0x3a  Code  Gb  system_stm32f4xx.o [1]
TIM4_IRQHandler         0x08002073    0x6  Code  Gb  stm32f4xx_it.o [1]
TIM_Base_SetConfig      0x08001785   0x90  Code  Gb  stm32f4xx_hal_tim.o [1]
TIM_ETR_SetConfig       0x0800189f   0x14  Code  Lc  stm32f4xx_hal_tim.o [1]
TIM_ITRx_SetConfig      0x0800188f   0x10  Code  Lc  stm32f4xx_hal_tim.o [1]
TIM_TI1_ConfigInputStage
                        0x08001849   0x22  Code  Lc  stm32f4xx_hal_tim.o [1]
TIM_TI2_ConfigInputStage
                        0x0800186b   0x24  Code  Lc  stm32f4xx_hal_tim.o [1]
UART_DMAAbortOnError    0x08000529    0xc  Code  Lc  stm32f4xx_hal_uart.o [1]
UART_EndRxTransfer      0x0800050b   0x1c  Code  Lc  stm32f4xx_hal_uart.o [1]
UART_Receive_IT         0x08000535   0x88  Code  Lc  stm32f4xx_hal_uart.o [1]
UART_SetConfig          0x080005bd  0x13a  Code  Lc  stm32f4xx_hal_uart.o [1]
UART_WaitOnFlagUntilTimeout
                        0x080004ad   0x5e  Code  Lc  stm32f4xx_hal_uart.o [1]
USART1_IRQHandler       0x08002079   0x3a  Code  Gb  stm32f4xx_it.o [1]
UsageFault_Handler      0x0800205d    0x2  Code  Gb  stm32f4xx_it.o [1]
__aeabi_assert          0x0800202d   0x24  Code  Gb  ABIassert.o [6]
__cmain                 0x08002945         Code  Gb  cmain.o [5]
__exit                  0x080023d9   0x14  Code  Gb  exit.o [6]
__iar_data_init3        0x080028b9   0x28  Code  Gb  data_init.o [5]
__iar_init_vfp          0x080028e1         Code  Gb  fpinit_M.o [4]
__iar_packbits_init_single3
                        0x08002881   0x38  Code  Gb  packbits_init_single.o [5]
__iar_program_start     0x08002985         Code  Gb  cstartup_M.o [5]
__iar_unaligned___aeabi_memcpy
                        0x08002719         Code  Gb  ABImemcpy_unaligned.o [5]
__iar_unaligned___aeabi_memcpy4
                        0x08002739         Code  Gb  ABImemcpy_unaligned.o [5]
__iar_unaligned___aeabi_memcpy8
                        0x08002739         Code  Gb  ABImemcpy_unaligned.o [5]
__iar_zero_init3        0x08002841   0x40  Code  Gb  zero_init3.o [5]
__low_level_init        0x0800295f    0x4  Code  Gb  low_level_init.o [3]
__vector_table          0x08000000         Data  Gb  startup_stm32f405xx.o [1]
_call_main              0x08002951         Code  Gb  cmain.o [5]
_exit                   0x08002969         Code  Gb  cexit.o [5]
_main                   0x0800295b         Code  Gb  cmain.o [5]
abort                   0x080023c1    0x6  Code  Gb  abort.o [3]
aucCRCHi                0x080021c0  0x100  Data  Lc  mbcrc.o [1]
aucCRCLo                0x080022c0  0x100  Data  Lc  mbcrc.o [1]
eBytePos                0x200043e2    0x1  Data  Lc  mbascii.o [1]
eMBASCIIInit            0x08001c49   0x2a  Code  Gb  mbascii.o [1]
eMBASCIIReceive         0x08001c99   0x54  Code  Gb  mbascii.o [1]
eMBASCIISend            0x08001ced   0x40  Code  Gb  mbascii.o [1]
eMBASCIIStart           0x08001c73   0x14  Code  Gb  mbascii.o [1]
eMBASCIIStop            0x08001c87   0x12  Code  Gb  mbascii.o [1]
eMBEnable               0x080010ab   0x1a  Code  Gb  mb.o [1]
eMBFuncReadCoils        0x0800256b   0x70  Code  Gb  mbfunccoils.o [1]
eMBFuncReadDiscreteInputs
                        0x080026a1   0x78  Code  Gb  mbfuncdisc.o [1]
eMBFuncReadHoldingRegister
                        0x0800246f   0x5c  Code  Gb  mbfuncholding.o [1]
eMBFuncReadInputRegister
                        0x0800278f   0x60  Code  Gb  mbfuncinput.o [1]
eMBFuncReadWriteMultipleHoldingRegister
                        0x080024cb   0xa0  Code  Gb  mbfuncholding.o [1]
eMBFuncReportSlaveID    0x08002925   0x18  Code  Gb  mbfuncother.o [1]
eMBFuncWriteCoil        0x080025db   0x56  Code  Gb  mbfunccoils.o [1]
eMBFuncWriteHoldingRegister
                        0x080023ed   0x32  Code  Gb  mbfuncholding.o [1]
eMBFuncWriteMultipleCoils
                        0x08002631   0x60  Code  Gb  mbfunccoils.o [1]
eMBFuncWriteMultipleHoldingRegister
                        0x0800241f   0x50  Code  Gb  mbfuncholding.o [1]
eMBInit                 0x08001025   0x86  Code  Gb  mb.o [1]
eMBPoll                 0x080010c5   0x9a  Code  Gb  mb.o [1]
eMBPoll::ucFunctionCode
                        0x20000003    0x1  Data  Lc  mb.o [1]
eMBPoll::ucMBFrame      0x20000028    0x4  Data  Lc  mb.o [1]
eMBPoll::ucRcvAddress   0x20000002    0x1  Data  Lc  mb.o [1]
eMBPoll::usLength       0x20000004    0x2  Data  Lc  mb.o [1]
eMBRTUInit              0x08001901   0x34  Code  Gb  mbrtu.o [1]
eMBRTUReceive           0x0800195b   0x54  Code  Gb  mbrtu.o [1]
eMBRTUSend              0x080019af   0x4c  Code  Gb  mbrtu.o [1]
eMBRTUStart             0x08001935   0x14  Code  Gb  mbrtu.o [1]
eMBRTUStop              0x08001949   0x12  Code  Gb  mbrtu.o [1]
eMBRegCoilsCB           0x08000b65   0x6c  Code  Gb  main.o [1]
eMBRegDiscreteCB        0x08000bd1   0x44  Code  Gb  main.o [1]
eMBRegHoldingCB         0x08000b09   0x5c  Code  Gb  main.o [1]
eMBRegInputCB           0x08000ad5   0x34  Code  Gb  main.o [1]
eMBState                0x20000001    0x1  Data  Lc  mb.o [1]
eQueuedEvent            0x200043fe    0x1  Data  Lc  portevent.o [1]
eRcvState               0x200043e1    0x1  Data  Lc  mbascii.o [1]
eRcvState               0x200043ed    0x1  Data  Lc  mbrtu.o [1]
eSndState               0x200043e0    0x1  Data  Lc  mbascii.o [1]
eSndState               0x200043ec    0x1  Data  Lc  mbrtu.o [1]
exit                    0x08002963    0x4  Code  Gb  exit.o [3]
htim4                   0x20004380   0x3c  Data  Gb  tim.o [1]
huart1                  0x20004340   0x40  Data  Gb  usart.o [1]
main                    0x080009ed   0x42  Code  Gb  main.o [1]
peMBFrameReceiveCur     0x20000014    0x4  Data  Lc  mb.o [1]
peMBFrameSendCur        0x20000008    0x4  Data  Lc  mb.o [1]
prveMBError2Exception   0x0800146b   0x18  Code  Gb  mbutils.o [1]
prvucMBBIN2CHAR         0x08001ef9   0x2e  Code  Lc  mbascii.o [1]
prvucMBLRC              0x08001f35   0x1c  Code  Lc  mbascii.o [1]
prvvTIMERExpiredISR     0x08002185    0x6  Code  Gb  porttimer.o [1]
prvvUARTRxISR           0x08002129    0x4  Code  Gb  portserial.o [1]
prvvUARTTxReadyISR      0x08002119    0x6  Code  Gb  portserial.o [1]
pucSndBufferCur         0x200043e8    0x4  Data  Lc  mbascii.o [1]
pucSndBufferCur         0x200043f4    0x4  Data  Lc  mbrtu.o [1]
pvMBFrameCloseCur       0x20000018    0x4  Data  Lc  mb.o [1]
pvMBFrameStartCur       0x2000000c    0x4  Data  Lc  mb.o [1]
pvMBFrameStopCur        0x20000010    0x4  Data  Lc  mb.o [1]
pxMBFrameCBByteReceived
                        0x2000001c    0x4  Data  Gb  mb.o [1]
pxMBFrameCBTransmitterEmpty
                        0x20000020    0x4  Data  Gb  mb.o [1]
pxMBPortCBTimerExpired  0x20000024    0x4  Data  Gb  mb.o [1]
ucMBAddress             0x20000000    0x1  Data  Lc  mb.o [1]
ucMBLFCharacter         0x200043e3    0x1  Data  Lc  mbascii.o [1]
ucMBSlaveID             0x200043bc   0x20  Data  Lc  mbfuncother.o [1]
ucRTUBuf                0x200040b0  0x100  Data  Gb  mbrtu.o [1]
ucRegCoilsBuf           0x200043de    0x2  Data  Lc  main.o [1]
ucRegDiscBuf            0x200043fc    0x2  Data  Lc  main.o [1]
usMBCRC16               0x08002195   0x2c  Code  Gb  mbcrc.o [1]
usMBSlaveIDLen          0x200043dc    0x2  Data  Lc  mbfuncother.o [1]
usRcvBufferPos          0x200043e4    0x2  Data  Lc  mbascii.o [1]
usRcvBufferPos          0x200043f0    0x2  Data  Lc  mbrtu.o [1]
usRegHoldingBuf         0x20004278   0xc8  Data  Lc  main.o [1]
usRegInputBuf           0x200041b0   0xc8  Data  Lc  main.o [1]
usSndBufferCount        0x200043e6    0x2  Data  Lc  mbascii.o [1]
usSndBufferCount        0x200043ee    0x2  Data  Lc  mbrtu.o [1]
uwTick                  0x200043f8    0x4  Data  Gb  stm32f4xx_hal.o [1]
vMBPortSerialEnable     0x080020c9   0x26  Code  Gb  portserial.o [1]
vMBPortTimersDisable    0x08002151   0x34  Code  Gb  porttimer.o [1]
vMBPortTimersEnable     0x08002131   0x20  Code  Gb  porttimer.o [1]
xEventInQueue           0x200043ff    0x1  Data  Lc  portevent.o [1]
xFuncHandlers           0x2000002c   0x80  Data  Lc  mb.o [1]
xMBASCIIReceiveFSM      0x08001d2d   0xdc  Code  Gb  mbascii.o [1]
xMBASCIITimerT1SExpired
                        0x08001ebf   0x3a  Code  Gb  mbascii.o [1]
xMBASCIITransmitFSM     0x08001e09   0xae  Code  Gb  mbascii.o [1]
xMBPortEventGet         0x08001c2f   0x16  Code  Gb  portevent.o [1]
xMBPortEventInit        0x08001c19    0xa  Code  Gb  portevent.o [1]
xMBPortEventPost        0x08001c23    0xc  Code  Gb  portevent.o [1]
xMBPortSerialGetByte    0x08002103    0xe  Code  Gb  portserial.o [1]
xMBPortSerialInit       0x080020ef    0x4  Code  Gb  portserial.o [1]
xMBPortSerialPutByte    0x080020f3   0x10  Code  Gb  portserial.o [1]
xMBPortTimersInit       0x0800212d    0x4  Code  Gb  porttimer.o [1]
xMBRTUReceiveFSM        0x080019fd   0x56  Code  Gb  mbrtu.o [1]
xMBRTUTimerT35Expired   0x08001ac7   0x4e  Code  Gb  mbrtu.o [1]
xMBRTUTransmitFSM       0x08001a61   0x5e  Code  Gb  mbrtu.o [1]
xMBUtilGetBits          0x0800144b   0x20  Code  Gb  mbutils.o [1]
xMBUtilSetBits          0x080013fd   0x4e  Code  Gb  mbutils.o [1]


[1] = C:\Users\Administrator\Desktop\标准程序收集\405hal库modbus调通\EWARM\40511\Obj
[2] = command line
[3] = dl7M_tlf.a
[4] = m7M_tls.a
[5] = rt7M_tl.a
[6] = shb_l.a

  10 910 bytes of readonly  code memory
     126 bytes of readonly  data memory
  17 408 bytes of readwrite data memory

Errors: none
Warnings: none
