Component: ARM Compiler 5.05 update 1 (build 106) Tool: armlink [4d0efa]

==============================================================================

Section Cross References

    main.o(.text) refers to w5500.o(.text) for WIZCHIP_READ
    main.o(.text) refers to socket.o(.text) for disconnect
    main.o(.text) refers to mb.o(.text) for eMBPoll
    main.o(.text) refers to wizchip_conf.o(.text) for ctlnetwork
    main.o(.text) refers to printf8.o(i.__0printf$8) for __2printf
    main.o(.text) refers to system_stm32f4xx.o(.text) for SystemInit
    main.o(.text) refers to usart.o(.text) for USART_Configuration
    main.o(.text) refers to spi.o(.text) for SPI_Configuration
    main.o(.text) refers to delay.o(.text) for delay_init
    main.o(.text) refers to stm32f4xx_usart.o(.text) for USART_GetFlagStatus
    main.o(.text) refers to mbutils.o(.text) for xMBUtilGetBits
    main.o(.text) refers to main.o(.data) for .data
    main.o(.text) refers to main.o(.constdata) for .constdata
    main.o(.text) refers to main.o(.conststring) for .conststring
    main.o(.text) refers to main.o(.bss) for .bss
    usart.o(.text) refers to stm32f4xx_rcc.o(.text) for RCC_AHB1PeriphClockCmd
    usart.o(.text) refers to stm32f4xx_gpio.o(.text) for GPIO_PinAFConfig
    usart.o(.text) refers to stm32f4xx_usart.o(.text) for USART_Init
    delay.o(.text) refers to misc.o(.text) for SysTick_CLKSourceConfig
    delay.o(.text) refers to delay.o(.data) for .data
    startup_stm32f4xx.o(RESET) refers to startup_stm32f4xx.o(STACK) for __initial_sp
    startup_stm32f4xx.o(RESET) refers to startup_stm32f4xx.o(.text) for Reset_Handler
    startup_stm32f4xx.o(RESET) refers to stm32f4xx_it.o(.text) for NMI_Handler
    startup_stm32f4xx.o(.text) refers to system_stm32f4xx.o(.text) for SystemInit
    startup_stm32f4xx.o(.text) refers to entry.o(.ARM.Collect$$$$00000000) for __main
    stm32f4xx_gpio.o(.text) refers to stm32f4xx_rcc.o(.text) for RCC_AHB1PeriphResetCmd
    stm32f4xx_rcc.o(.text) refers to stm32f4xx_rcc.o(.data) for .data
    stm32f4xx_usart.o(.text) refers to stm32f4xx_rcc.o(.text) for RCC_APB2PeriphResetCmd
    stm32f4xx_spi.o(.text) refers to stm32f4xx_rcc.o(.text) for RCC_APB2PeriphResetCmd
    stm32f4xx_adc.o(.text) refers to stm32f4xx_rcc.o(.text) for RCC_APB2PeriphResetCmd
    stm32f4xx_tim.o(.text) refers to stm32f4xx_rcc.o(.text) for RCC_APB2PeriphResetCmd
    system_stm32f4xx.o(.text) refers to system_stm32f4xx.o(.data) for .data
    socket.o(.text) refers to w5500.o(.text) for WIZCHIP_WRITE
    socket.o(.text) refers to socket.o(.data) for .data
    socket.o(.text) refers to socket.o(.bss) for .bss
    spi.o(.text) refers to stm32f4xx_rcc.o(.text) for RCC_AHB1PeriphClockCmd
    spi.o(.text) refers to stm32f4xx_gpio.o(.text) for GPIO_PinAFConfig
    spi.o(.text) refers to stm32f4xx_spi.o(.text) for SPI_Init
    wizchip_conf.o(.text) refers to w5500.o(.text) for WIZCHIP_READ
    wizchip_conf.o(.text) refers to wizchip_conf.o(.data) for .data
    wizchip_conf.o(.data) refers to wizchip_conf.o(.text) for wizchip_cris_enter
    w5500.o(.text) refers to wizchip_conf.o(.data) for WIZCHIP
    mbascii.o(.text) refers to portserial.o(.text) for xMBPortSerialInit
    mbascii.o(.text) refers to porttimer.o(.text) for xMBPortTimersInit
    mbascii.o(.text) refers to portevent.o(.text) for xMBPortEventPost
    mbascii.o(.text) refers to porttimer.o(i.vMBPortTimersDisable) for vMBPortTimersDisable
    mbascii.o(.text) refers to porttimer.o(i.vMBPortTimersEnable) for vMBPortTimersEnable
    mbascii.o(.text) refers to mbascii.o(.data) for .data
    mbascii.o(.data) refers to mbrtu.o(.bss) for ucRTUBuf
    mbfunccoils.o(.text) refers to main.o(.text) for eMBRegCoilsCB
    mbfunccoils.o(.text) refers to mbutils.o(.text) for prveMBError2Exception
    mbfuncdisc.o(.text) refers to main.o(.text) for eMBRegDiscreteCB
    mbfuncdisc.o(.text) refers to mbutils.o(.text) for prveMBError2Exception
    mbfuncholding.o(.text) refers to main.o(.text) for eMBRegHoldingCB
    mbfuncholding.o(.text) refers to mbutils.o(.text) for prveMBError2Exception
    mbfuncinput.o(.text) refers to main.o(.text) for eMBRegInputCB
    mbfuncinput.o(.text) refers to mbutils.o(.text) for prveMBError2Exception
    mbfuncother.o(.text) refers to memcpya.o(.text) for __aeabi_memcpy
    mbfuncother.o(.text) refers to mbfuncother.o(.data) for .data
    mbfuncother.o(.text) refers to mbfuncother.o(.bss) for .bss
    mbcrc.o(.text) refers to mbcrc.o(.constdata) for .constdata
    mbrtu.o(.text) refers to portserial.o(.text) for xMBPortSerialInit
    mbrtu.o(.text) refers to porttimer.o(.text) for xMBPortTimersInit
    mbrtu.o(.text) refers to porttimer.o(i.vMBPortTimersEnable) for vMBPortTimersEnable
    mbrtu.o(.text) refers to porttimer.o(i.vMBPortTimersDisable) for vMBPortTimersDisable
    mbrtu.o(.text) refers to mbcrc.o(.text) for usMBCRC16
    mbrtu.o(.text) refers to portevent.o(.text) for xMBPortEventPost
    mbrtu.o(.text) refers to mbrtu.o(.data) for .data
[...]
    printf3.o(i.__0fprintf$3) refers to printf3.o(i._printf_core) for _printf_core
    printf3.o(i.__0fprintf$3) refers to usart.o(.text) for fputc
    printf3.o(i.__0printf$3) refers to printf3.o(i._printf_core) for _printf_core
    printf3.o(i.__0printf$3) refers to usart.o(.text) for fputc
    printf3.o(i.__0printf$3) refers to stdout.o(.data) for __stdout
    printf3.o(i.__0snprintf$3) refers to printf3.o(i._printf_core) for _printf_core
    printf3.o(i.__0snprintf$3) refers to printf3.o(i._snputc) for _snputc
    printf3.o(i.__0sprintf$3) refers to printf3.o(i._printf_core) for _printf_core
    printf3.o(i.__0sprintf$3) refers to printf3.o(i._sputc) for _sputc
    printf3.o(i.__0vfprintf$3) refers to printf3.o(i._printf_core) for _printf_core
    printf3.o(i.__0vfprintf$3) refers to usart.o(.text) for fputc
    printf3.o(i.__0vprintf$3) refers to printf3.o(i._printf_core) for _printf_core
    printf3.o(i.__0vprintf$3) refers to usart.o(.text) for fputc
    printf3.o(i.__0vprintf$3) refers to stdout.o(.data) for __stdout
    printf3.o(i.__0vsnprintf$3) refers to printf3.o(i._printf_core) for _printf_core
    printf3.o(i.__0vsnprintf$3) refers to printf3.o(i._snputc) for _snputc
    printf3.o(i.__0vsprintf$3) refers to printf3.o(i._printf_core) for _printf_core
    printf3.o(i.__0vsprintf$3) refers to printf3.o(i._sputc) for _sputc
    printf3.o(i._printf_core) refers to uidiv.o(.text) for __aeabi_uidivmod
    printf4.o(i.__0fprintf$4) refers to printf4.o(i._printf_core) for _printf_core
    printf4.o(i.__0fprintf$4) refers to usart.o(.text) for fputc
    printf4.o(i.__0printf$4) refers to printf4.o(i._printf_core) for _printf_core
    printf4.o(i.__0printf$4) refers to usart.o(.text) for fputc
    printf4.o(i.__0printf$4) refers to stdout.o(.data) for __stdout
    printf4.o(i.__0snprintf$4) refers to printf4.o(i._printf_core) for _printf_core
    printf4.o(i.__0snprintf$4) refers to printf4.o(i._snputc) for _snputc
    printf4.o(i.__0sprintf$4) refers to printf4.o(i._printf_core) for _printf_core
    printf4.o(i.__0sprintf$4) refers to printf4.o(i._sputc) for _sputc
    printf4.o(i.__0vfprintf$4) refers to printf4.o(i._printf_core) for _printf_core
    printf4.o(i.__0vfprintf$4) refers to usart.o(.text) for fputc
    printf4.o(i.__0vprintf$4) refers to printf4.o(i._printf_core) for _printf_core
    printf4.o(i.__0vprintf$4) refers to usart.o(.text) for fputc
    printf4.o(i.__0vprintf$4) refers to stdout.o(.data) for __stdout
    printf4.o(i.__0vsnprintf$4) refers to printf4.o(i._printf_core) for _printf_core
    printf4.o(i.__0vsnprintf$4) refers to printf4.o(i._snputc) for _snputc
    printf4.o(i.__0vsprintf$4) refers to printf4.o(i._printf_core) for _printf_core
    printf4.o(i.__0vsprintf$4) refers to printf4.o(i._sputc) for _sputc
    printf4.o(i._printf_core) refers to uldiv.o(.text) for __aeabi_uldivmod
    printf5.o(i.__0fprintf$5) refers to printf5.o(i._printf_core) for _printf_core
    printf5.o(i.__0fprintf$5) refers to usart.o(.text) for fputc
    printf5.o(i.__0printf$5) refers to printf5.o(i._printf_core) for _printf_core
    printf5.o(i.__0printf$5) refers to usart.o(.text) for fputc
    printf5.o(i.__0printf$5) refers to stdout.o(.data) for __stdout
    printf5.o(i.__0snprintf$5) refers to printf5.o(i._printf_core) for _printf_core
    printf5.o(i.__0snprintf$5) refers to printf5.o(i._snputc) for _snputc
    printf5.o(i.__0sprintf$5) refers to printf5.o(i._printf_core) for _printf_core
    printf5.o(i.__0sprintf$5) refers to printf5.o(i._sputc) for _sputc
    printf5.o(i.__0vfprintf$5) refers to printf5.o(i._printf_core) for _printf_core
    printf5.o(i.__0vfprintf$5) refers to usart.o(.text) for fputc
    printf5.o(i.__0vprintf$5) refers to printf5.o(i._printf_core) for _printf_core
    printf5.o(i.__0vprintf$5) refers to usart.o(.text) for fputc
    printf5.o(i.__0vprintf$5) refers to stdout.o(.data) for __stdout
    printf5.o(i.__0vsnprintf$5) refers to printf5.o(i._printf_core) for _printf_core
    printf5.o(i.__0vsnprintf$5) refers to printf5.o(i._snputc) for _snputc
    printf5.o(i.__0vsprintf$5) refers to printf5.o(i._printf_core) for _printf_core
    printf5.o(i.__0vsprintf$5) refers to printf5.o(i._sputc) for _sputc
    printf5.o(i._printf_core) refers to uldiv.o(.text) for __aeabi_uldivmod
    printf6.o(i.__0fprintf$6) refers to printf6.o(i._printf_core) for _printf_core
    printf6.o(i.__0fprintf$6) refers to usart.o(.text) for fputc
    printf6.o(i.__0printf$6) refers to printf6.o(i._printf_core) for _printf_core
    printf6.o(i.__0printf$6) refers to usart.o(.text) for fputc
    printf6.o(i.__0printf$6) refers to stdout.o(.data) for __stdout
    printf6.o(i.__0snprintf$6) refers to printf6.o(i._printf_core) for _printf_core
    printf6.o(i.__0snprintf$6) refers to printf6.o(i._snputc) for _snputc
    printf6.o(i.__0sprintf$6) refers to printf6.o(i._printf_core) for _printf_core
    printf6.o(i.__0sprintf$6) refers to printf6.o(i._sputc) for _sputc
    printf6.o(i.__0vfprintf$6) refers to printf6.o(i._printf_core) for _printf_core
    printf6.o(i.__0vfprintf$6) refers to usart.o(.text) for fputc
    printf6.o(i.__0vprintf$6) refers to printf6.o(i._printf_core) for _printf_core
    printf6.o(i.__0vprintf$6) refers to usart.o(.text) for fputc
    printf6.o(i.__0vprintf$6) refers to stdout.o(.data) for __stdout
    printf6.o(i.__0vsnprintf$6) refers to printf6.o(i._printf_core) for _printf_core
    printf6.o(i.__0vsnprintf$6) refers to printf6.o(i._snputc) for _snputc
    printf6.o(i.__0vsprintf$6) refers to printf6.o(i._printf_core) for _printf_core
    printf6.o(i.__0vsprintf$6) refers to printf6.o(i._sputc) for _sputc
    printf6.o(i._printf_core) refers to printf6.o(i._printf_pre_padding) for _printf_pre_padding
    printf6.o(i._printf_core) refers to uidiv.o(.text) for __aeabi_uidivmod
    printf6.o(i._printf_core) refers to printf6.o(i._printf_post_padding) for _printf_post_padding
    printf7.o(i.__0fprintf$7) refers to printf7.o(i._printf_core) for _printf_core
    printf7.o(i.__0fprintf$7) refers to usart.o(.text) for fputc
    printf7.o(i.__0printf$7) refers to printf7.o(i._printf_core) for _printf_core
    printf7.o(i.__0printf$7) refers to usart.o(.text) for fputc
    printf7.o(i.__0printf$7) refers to stdout.o(.data) for __stdout
    printf7.o(i.__0snprintf$7) refers to printf7.o(i._printf_core) for _printf_core
    printf7.o(i.__0snprintf$7) refers to printf7.o(i._snputc) for _snputc
    printf7.o(i.__0sprintf$7) refers to printf7.o(i._printf_core) for _printf_core
    printf7.o(i.__0sprintf$7) refers to printf7.o(i._sputc) for _sputc
    printf7.o(i.__0vfprintf$7) refers to printf7.o(i._printf_core) for _printf_core
    printf7.o(i.__0vfprintf$7) refers to usart.o(.text) for fputc
    printf7.o(i.__0vprintf$7) refers to printf7.o(i._printf_core) for _printf_core
    printf7.o(i.__0vprintf$7) refers to usart.o(.text) for fputc
    printf7.o(i.__0vprintf$7) refers to stdout.o(.data) for __stdout
    printf7.o(i.__0vsnprintf$7) refers to printf7.o(i._printf_core) for _printf_core
    printf7.o(i.__0vsnprintf$7) refers to printf7.o(i._snputc) for _snputc
    printf7.o(i.__0vsprintf$7) refers to printf7.o(i._printf_core) for _printf_core
    printf7.o(i.__0vsprintf$7) refers to printf7.o(i._sputc) for _sputc
    printf7.o(i._printf_core) refers to printf7.o(i._printf_pre_padding) for _printf_pre_padding
    printf7.o(i._printf_core) refers to uldiv.o(.text) for __aeabi_uldivmod
    printf7.o(i._printf_core) refers to printf7.o(i._printf_post_padding) for _printf_post_padding
    printf8.o(i.__0fprintf$8) refers to printf8.o(i._printf_core) for _printf_core
    printf8.o(i.__0fprintf$8) refers to usart.o(.text) for fputc
    printf8.o(i.__0printf$8) refers to printf8.o(i._printf_core) for _printf_core
    printf8.o(i.__0printf$8) refers to usart.o(.text) for fputc
    printf8.o(i.__0printf$8) refers to stdout.o(.data) for __stdout
    printf8.o(i.__0snprintf$8) refers to printf8.o(i._printf_core) for _printf_core
    printf8.o(i.__0snprintf$8) refers to printf8.o(i._snputc) for _snputc
    printf8.o(i.__0sprintf$8) refers to printf8.o(i._printf_core) for _printf_core
    printf8.o(i.__0sprintf$8) refers to printf8.o(i._sputc) for _sputc
    printf8.o(i.__0vfprintf$8) refers to printf8.o(i._printf_core) for _printf_core
    printf8.o(i.__0vfprintf$8) refers to usart.o(.text) for fputc
    printf8.o(i.__0vprintf$8) refers to printf8.o(i._printf_core) for _printf_core
    printf8.o(i.__0vprintf$8) refers to usart.o(.text) for fputc
    printf8.o(i.__0vprintf$8) refers to stdout.o(.data) for __stdout
    printf8.o(i.__0vsnprintf$8) refers to printf8.o(i._printf_core) for _printf_core
    printf8.o(i.__0vsnprintf$8) refers to printf8.o(i._snputc) for _snputc
    printf8.o(i.__0vsprintf$8) refers to printf8.o(i._printf_core) for _printf_core
    printf8.o(i.__0vsprintf$8) refers to printf8.o(i._sputc) for _sputc
    printf8.o(i._printf_core) refers to printf8.o(i._printf_pre_padding) for _printf_pre_padding
    printf8.o(i._printf_core) refers to uldiv.o(.text) for __aeabi_uldivmod
    printf8.o(i._printf_core) refers to printf8.o(i._printf_post_padding) for _printf_post_padding
    printfa.o(i.__0fprintf) refers (Special) to iusefp.o(.text) for __I$use$fp
    printfa.o(i.__0fprintf) refers to printfa.o(i._printf_core) for _printf_core
    printfa.o(i.__0fprintf) refers to usart.o(.text) for fputc
    printfa.o(i.__0printf) refers (Special) to iusefp.o(.text) for __I$use$fp
    printfa.o(i.__0printf) refers to printfa.o(i._printf_core) for _printf_core
    printfa.o(i.__0printf) refers to usart.o(.text) for fputc
    printfa.o(i.__0printf) refers to stdout.o(.data) for __stdout
    printfa.o(i.__0snprintf) refers (Special) to iusefp.o(.text) for __I$use$fp
    printfa.o(i.__0snprintf) refers to printfa.o(i._printf_core) for _printf_core
    printfa.o(i.__0snprintf) refers to printfa.o(i._snputc) for _snputc
    printfa.o(i.__0sprintf) refers (Special) to iusefp.o(.text) for __I$use$fp
    printfa.o(i.__0sprintf) refers to printfa.o(i._printf_core) for _printf_core
    printfa.o(i.__0sprintf) refers to printfa.o(i._sputc) for _sputc
    printfa.o(i.__0vfprintf) refers (Special) to iusefp.o(.text) for __I$use$fp
    printfa.o(i.__0vfprintf) refers to printfa.o(i._printf_core) for _printf_core
    printfa.o(i.__0vfprintf) refers to usart.o(.text) for fputc
    printfa.o(i.__0vprintf) refers (Special) to iusefp.o(.text) for __I$use$fp
    printfa.o(i.__0vprintf) refers to printfa.o(i._printf_core) for _printf_core
    printfa.o(i.__0vprintf) refers to usart.o(.text) for fputc
    printfa.o(i.__0vprintf) refers to stdout.o(.data) for __stdout
    printfa.o(i.__0vsnprintf) refers (Special) to iusefp.o(.text) for __I$use$fp
    printfa.o(i.__0vsnprintf) refers to printfa.o(i._printf_core) for _printf_core
    printfa.o(i.__0vsnprintf) refers to printfa.o(i._snputc) for _snputc
    printfa.o(i.__0vsprintf) refers (Special) to iusefp.o(.text) for __I$use$fp
    printfa.o(i.__0vsprintf) refers to printfa.o(i._printf_core) for _printf_core
    printfa.o(i.__0vsprintf) refers to printfa.o(i._sputc) for _sputc
    printfa.o(i._fp_digits) refers (Special) to iusefp.o(.text) for __I$use$fp
    printfa.o(i._fp_digits) refers to dmul.o(.text) for __aeabi_dmul
    printfa.o(i._fp_digits) refers to ddiv.o(.text) for __aeabi_ddiv
    printfa.o(i._fp_digits) refers to cdrcmple.o(.text) for __aeabi_cdrcmple
    printfa.o(i._fp_digits) refers to dadd.o(.text) for __aeabi_dadd
    printfa.o(i._fp_digits) refers to dfixul.o(.text) for __aeabi_d2ulz
    printfa.o(i._fp_digits) refers to uldiv.o(.text) for __aeabi_uldivmod
    printfa.o(i._printf_core) refers (Special) to iusefp.o(.text) for __I$use$fp
    printfa.o(i._printf_core) refers to printfa.o(i._printf_pre_padding) for _printf_pre_padding
    printfa.o(i._printf_core) refers to uldiv.o(.text) for __aeabi_uldivmod
    printfa.o(i._printf_core) refers to printfa.o(i._printf_post_padding) for _printf_post_padding
    printfa.o(i._printf_core) refers to printfa.o(i._fp_digits) for _fp_digits
    printfa.o(i._printf_core) refers to uidiv.o(.text) for __aeabi_uidivmod
    printfa.o(i._printf_post_padding) refers (Special) to iusefp.o(.text) for __I$use$fp
    printfa.o(i._printf_pre_padding) refers (Special) to iusefp.o(.text) for __I$use$fp
    printfa.o(i._snputc) refers (Special) to iusefp.o(.text) for __I$use$fp
    printfa.o(i._sputc) refers (Special) to iusefp.o(.text) for __I$use$fp
    entry2.o(.ARM.Collect$$$$00000001) refers to entry2.o(.ARM.Collect$$$$00002712) for __lit__00000000
    entry2.o(.ARM.Collect$$$$00002712) refers to startup_stm32f4xx.o(STACK) for __initial_sp
    entry2.o(__vectab_stack_and_reset_area) refers to startup_stm32f4xx.o(STACK) for __initial_sp
    entry2.o(__vectab_stack_and_reset_area) refers to entry.o(.ARM.Collect$$$$00000000) for __main
    entry5.o(.ARM.Collect$$$$00000004) refers to init.o(.text) for __scatterload
    entry9a.o(.ARM.Collect$$$$0000000B) refers to main.o(.text) for main
    entry9b.o(.ARM.Collect$$$$0000000C) refers to main.o(.text) for main
    uldiv.o(.text) refers to llushr.o(.text) for __aeabi_llsr
    uldiv.o(.text) refers to llshl.o(.text) for __aeabi_llsl
    dadd.o(.text) refers to llshl.o(.text) for __aeabi_llsl
    dadd.o(.text) refers to llsshr.o(.text) for __aeabi_lasr
    dadd.o(.text) refers to depilogue.o(.text) for _double_epilogue
    dmul.o(.text) refers to depilogue.o(.text) for _double_epilogue
    ddiv.o(.text) refers to depilogue.o(.text) for _double_round
    dfixul.o(.text) refers to llushr.o(.text) for __aeabi_llsr
    dfixul.o(.text) refers to llshl.o(.text) for __aeabi_llsl
    init.o(.text) refers to entry5.o(.ARM.Collect$$$$00000004) for __main_after_scatterload
    depilogue.o(.text) refers to llshl.o(.text) for __aeabi_llsl
    depilogue.o(.text) refers to llushr.o(.text) for __aeabi_llsr


==============================================================================

Removing Unused input sections from the image.

    Removing main.o(.emb_text), (8 bytes).
    Removing usart.o(.emb_text), (8 bytes).
    Removing stm32f4xx_it.o(.emb_text), (8 bytes).
    Removing delay.o(.emb_text), (8 bytes).
    Removing startup_stm32f4xx.o(HEAP), (8192 bytes).
    Removing misc.o(.emb_text), (8 bytes).
    Removing stm32f4xx_gpio.o(.emb_text), (8 bytes).
    Removing stm32f4xx_rcc.o(.emb_text), (8 bytes).
    Removing stm32f4xx_usart.o(.emb_text), (8 bytes).
    Removing stm32f4xx_spi.o(.emb_text), (8 bytes).
    Removing stm32f4xx_adc.o(.emb_text), (8 bytes).
    Removing stm32f4xx_adc.o(.text), (852 bytes).
    Removing stm32f4xx_dma.o(.emb_text), (8 bytes).
    Removing stm32f4xx_dma.o(.text), (800 bytes).
    Removing stm32f4xx_tim.o(.emb_text), (8 bytes).
    Removing stm32f4xx_tim.o(.text), (2524 bytes).
    Removing system_stm32f4xx.o(.emb_text), (8 bytes).
    Removing spi.o(.emb_text), (8 bytes).
    Removing mb.o(.data), (4 bytes).
    Removing mb.o(.data), (4 bytes).
    Removing dadd.o(.text), (334 bytes).
    Removing dmul.o(.text), (228 bytes).
    Removing ddiv.o(.text), (222 bytes).
    Removing dfixul.o(.text), (48 bytes).
    Removing cdrcmple.o(.text), (48 bytes).
    Removing depilogue.o(.text), (186 bytes).

26 unused section(s) (total 13554 bytes) removed from the image.

==============================================================================

Image Symbol Table

    Local Symbols

    Symbol Name                              Value     Ov Type        Size  Object(Section)

    ../clib/../cmprslib/zerorunl2.c          0x00000000   Number         0  __dczerorl2.o ABSOLUTE
    ../clib/microlib/division.c              0x00000000   Number         0  uldiv.o ABSOLUTE
    ../clib/microlib/division.c              0x00000000   Number         0  uidiv.o ABSOLUTE
    ../clib/microlib/init/entry.s            0x00000000   Number         0  entry9a.o ABSOLUTE
    ../clib/microlib/init/entry.s            0x00000000   Number         0  entry8a.o ABSOLUTE
    ../clib/microlib/init/entry.s            0x00000000   Number         0  entry7b.o ABSOLUTE
    ../clib/microlib/init/entry.s            0x00000000   Number         0  entry7a.o ABSOLUTE
    ../clib/microlib/init/entry.s            0x00000000   Number         0  entry.o ABSOLUTE
    ../clib/microlib/init/entry.s            0x00000000   Number         0  entry5.o ABSOLUTE
    ../clib/microlib/init/entry.s            0x00000000   Number         0  entry8b.o ABSOLUTE
    ../clib/microlib/init/entry.s            0x00000000   Number         0  entry9b.o ABSOLUTE
    ../clib/microlib/init/entry.s            0x00000000   Number         0  entry10b.o ABSOLUTE
    ../clib/microlib/init/entry.s            0x00000000   Number         0  entry2.o ABSOLUTE
    ../clib/microlib/init/entry.s            0x00000000   Number         0  entry11b.o ABSOLUTE
    ../clib/microlib/init/entry.s            0x00000000   Number         0  entry10a.o ABSOLUTE
    ../clib/microlib/init/entry.s            0x00000000   Number         0  entry11a.o ABSOLUTE
    ../clib/microlib/longlong.c              0x00000000   Number         0  llsshr.o ABSOLUTE
    ../clib/microlib/longlong.c              0x00000000   Number         0  llshl.o ABSOLUTE
    ../clib/microlib/longlong.c              0x00000000   Number         0  llushr.o ABSOLUTE
    ../clib/microlib/printf/printf.c         0x00000000   Number         0  printf0.o ABSOLUTE
    ../clib/microlib/printf/printf.c         0x00000000   Number         0  printfb.o ABSOLUTE
    ../clib/microlib/printf/printf.c         0x00000000   Number         0  printfa.o ABSOLUTE
    ../clib/microlib/printf/printf.c         0x00000000   Number         0  printf7.o ABSOLUTE
    ../clib/microlib/printf/printf.c         0x00000000   Number         0  printf1.o ABSOLUTE
    ../clib/microlib/printf/printf.c         0x00000000   Number         0  printf8.o ABSOLUTE
    ../clib/microlib/printf/printf.c         0x00000000   Number         0  printf5.o ABSOLUTE
    ../clib/microlib/printf/printf.c         0x00000000   Number         0  printf4.o ABSOLUTE
    ../clib/microlib/printf/printf.c         0x00000000   Number         0  printf3.o ABSOLUTE
    ../clib/microlib/printf/printf.c         0x00000000   Number         0  printf2.o ABSOLUTE
    ../clib/microlib/printf/printf.c         0x00000000   Number         0  printf6.o ABSOLUTE
    ../clib/microlib/printf/stubs.s          0x00000000   Number         0  stubs.o ABSOLUTE
    ../clib/microlib/stdio/streams.c         0x00000000   Number         0  stdout.o ABSOLUTE
    ../clib/microlib/stdlib/abort.c          0x00000000   Number         0  abort.o ABSOLUTE
    ../clib/microlib/string/memcpy.c         0x00000000   Number         0  memcpya.o ABSOLUTE
    ../clib/microlib/string/memcpy.c         0x00000000   Number         0  memcpyb.o ABSOLUTE
    ../clib/microlib/stubs.s                 0x00000000   Number         0  iusefp.o ABSOLUTE
    ../fplib/microlib/fpadd.c                0x00000000   Number         0  dadd.o ABSOLUTE
    ../fplib/microlib/fpdiv.c                0x00000000   Number         0  ddiv.o ABSOLUTE
    ../fplib/microlib/fpepilogue.c           0x00000000   Number         0  depilogue.o ABSOLUTE
    ../fplib/microlib/fpfix.c                0x00000000   Number         0  dfixul.o ABSOLUTE
    ../fplib/microlib/fpmul.c                0x00000000   Number         0  dmul.o ABSOLUTE
    ..\Libraries\CMSIS\Device\ST\STM32F4xx\Source\Templates\arm\startup_stm32f4xx.s 0x00000000   Number         0  startup_stm32f4xx.o ABSOLUTE
    ..\Libraries\CMSIS\Device\ST\STM32F4xx\Source\Templates\system_stm32f4xx.c 0x00000000   Number         0  system_stm32f4xx.o ABSOLUTE
    ..\Libraries\STM32F4xx_StdPeriph_Driver\src\misc.c 0x00000000   Number         0  misc.o ABSOLUTE
    ..\Libraries\STM32F4xx_StdPeriph_Driver\src\stm32f4xx_adc.c 0x00000000   Number         0  stm32f4xx_adc.o ABSOLUTE
    ..\Libraries\STM32F4xx_StdPeriph_Driver\src\stm32f4xx_dma.c 0x00000000   Number         0  stm32f4xx_dma.o ABSOLUTE
    ..\Libraries\STM32F4xx_StdPeriph_Driver\src\stm32f4xx_gpio.c 0x00000000   Number         0  stm32f4xx_gpio.o ABSOLUTE
    ..\Libraries\STM32F4xx_StdPeriph_Driver\src\stm32f4xx_rcc.c 0x00000000   Number         0  stm32f4xx_rcc.o ABSOLUTE
    ..\Libraries\STM32F4xx_StdPeriph_Driver\src\stm32f4xx_spi.c 0x00000000   Number         0  stm32f4xx_spi.o ABSOLUTE
    ..\Libraries\STM32F4xx_StdPeriph_Driver\src\stm32f4xx_tim.c 0x00000000   Number         0  stm32f4xx_tim.o ABSOLUTE
    ..\Libraries\STM32F4xx_StdPeriph_Driver\src\stm32f4xx_usart.c 0x00000000   Number         0  stm32f4xx_usart.o ABSOLUTE
    ..\User\Ethernet\W5500\w5500.c           0x00000000   Number         0  w5500.o ABSOLUTE
    ..\User\Ethernet\socket.c                0x00000000   Number         0  socket.o ABSOLUTE
    ..\User\Ethernet\spi.c                   0x00000000   Number         0  spi.o ABSOLUTE
    ..\User\Ethernet\wizchip_conf.c          0x00000000   Number         0  wizchip_conf.o ABSOLUTE
    ..\User\delay.c                          0x00000000   Number         0  delay.o ABSOLUTE
    ..\User\main.c                           0x00000000   Number         0  main.o ABSOLUTE
    ..\User\stm32f4xx_it.c                   0x00000000   Number         0  stm32f4xx_it.o ABSOLUTE
    ..\User\usart.c                          0x00000000   Number         0  usart.o ABSOLUTE
    ..\\Libraries\\CMSIS\\Device\\ST\\STM32F4xx\\Source\\Templates\\system_stm32f4xx.c 0x00000000   Number         0  system_stm32f4xx.o ABSOLUTE
    ..\\Libraries\\STM32F4xx_StdPeriph_Driver\\src\\misc.c 0x00000000   Number         0  misc.o ABSOLUTE
    ..\\Libraries\\STM32F4xx_StdPeriph_Driver\\src\\stm32f4xx_adc.c 0x00000000   Number         0  stm32f4xx_adc.o ABSOLUTE
    ..\\Libraries\\STM32F4xx_StdPeriph_Driver\\src\\stm32f4xx_dma.c 0x00000000   Number         0  stm32f4xx_dma.o ABSOLUTE
    ..\\Libraries\\STM32F4xx_StdPeriph_Driver\\src\\stm32f4xx_gpio.c 0x00000000   Number         0  stm32f4xx_gpio.o ABSOLUTE
    ..\\Libraries\\STM32F4xx_StdPeriph_Driver\\src\\stm32f4xx_rcc.c 0x00000000   Number         0  stm32f4xx_rcc.o ABSOLUTE
    ..\\Libraries\\STM32F4xx_StdPeriph_Driver\\src\\stm32f4xx_spi.c 0x00000000   Number         0  stm32f4xx_spi.o ABSOLUTE
    ..\\Libraries\\STM32F4xx_StdPeriph_Driver\\src\\stm32f4xx_tim.c 0x00000000   Number         0  stm32f4xx_tim.o ABSOLUTE
    ..\\Libraries\\STM32F4xx_StdPeriph_Driver\\src\\stm32f4xx_usart.c 0x00000000   Number         0  stm32f4xx_usart.o ABSOLUTE
    ..\\User\\Ethernet\\spi.c                0x00000000   Number         0  spi.o ABSOLUTE
    ..\\User\\delay.c                        0x00000000   Number         0  delay.o ABSOLUTE
    ..\\User\\main.c                         0x00000000   Number         0  main.o ABSOLUTE
    ..\\User\\stm32f4xx_it.c                 0x00000000   Number         0  stm32f4xx_it.o ABSOLUTE
    ..\\User\\usart.c                        0x00000000   Number         0  usart.o ABSOLUTE
    ..\modbus\BARE\port\portevent.c          0x00000000   Number         0  portevent.o ABSOLUTE
    ..\modbus\BARE\port\portserial.c         0x00000000   Number         0  portserial.o ABSOLUTE
    ..\modbus\BARE\port\porttimer.c          0x00000000   Number         0  porttimer.o ABSOLUTE
    ..\modbus\ascii\mbascii.c                0x00000000   Number         0  mbascii.o ABSOLUTE
    ..\modbus\functions\mbfunccoils.c        0x00000000   Number         0  mbfunccoils.o ABSOLUTE
    ..\modbus\functions\mbfuncdiag.c         0x00000000   Number         0  mbfuncdiag.o ABSOLUTE
    ..\modbus\functions\mbfuncdisc.c         0x00000000   Number         0  mbfuncdisc.o ABSOLUTE
    ..\modbus\functions\mbfuncholding.c      0x00000000   Number         0  mbfuncholding.o ABSOLUTE
    ..\modbus\functions\mbfuncinput.c        0x00000000   Number         0  mbfuncinput.o ABSOLUTE
    ..\modbus\functions\mbfuncother.c        0x00000000   Number         0  mbfuncother.o ABSOLUTE
    ..\modbus\functions\mbutils.c            0x00000000   Number         0  mbutils.o ABSOLUTE
    ..\modbus\mb.c                           0x00000000   Number         0  mb.o ABSOLUTE
    ..\modbus\porttcp.c                      0x00000000   Number         0  porttcp.o ABSOLUTE
    ..\modbus\rtu\mbcrc.c                    0x00000000   Number         0  mbcrc.o ABSOLUTE
    ..\modbus\rtu\mbrtu.c                    0x00000000   Number         0  mbrtu.o ABSOLUTE
    ..\modbus\tcp\mbtcp.c                    0x00000000   Number         0  mbtcp.o ABSOLUTE
    cdrcmple.s                               0x00000000   Number         0  cdrcmple.o ABSOLUTE
    dc.s                                     0x00000000   Number         0  dc.o ABSOLUTE
    handlers.s                               0x00000000   Number         0  handlers.o ABSOLUTE
    init.s                                   0x00000000   Number         0  init.o ABSOLUTE
    RESET                                    0x08000000   Section      392  startup_stm32f4xx.o(RESET)
    .ARM.Collect$$$$00000000                 0x08000188   Section        0  entry.o(.ARM.Collect$$$$00000000)
    .ARM.Collect$$$$00000001                 0x08000188   Section        4  entry2.o(.ARM.Collect$$$$00000001)
    .ARM.Collect$$$$00000004                 0x0800018c   Section        4  entry5.o(.ARM.Collect$$$$00000004)
    .ARM.Collect$$$$00000008                 0x08000190   Section        0  entry7b.o(.ARM.Collect$$$$00000008)
    .ARM.Collect$$$$0000000A                 0x08000190   Section        0  entry8b.o(.ARM.Collect$$$$0000000A)
    .ARM.Collect$$$$0000000B                 0x08000190   Section        8  entry9a.o(.ARM.Collect$$$$0000000B)
    .ARM.Collect$$$$0000000D                 0x08000198   Section        0  entry10a.o(.ARM.Collect$$$$0000000D)
    .ARM.Collect$$$$0000000F                 0x08000198   Section        0  entry11a.o(.ARM.Collect$$$$0000000F)
    .ARM.Collect$$$$00002712                 0x08000198   Section        4  entry2.o(.ARM.Collect$$$$00002712)
    __lit__00000000                          0x08000198   Data           4  entry2.o(.ARM.Collect$$$$00002712)
    .text                                    0x0800019c   Section        0  main.o(.text)
    .text                                    0x08000600   Section        0  usart.o(.text)
    .text                                    0x080006cc   Section        0  stm32f4xx_it.o(.text)
    .text                                    0x080006e0   Section        0  delay.o(.text)
    .text                                    0x08000798   Section       36  startup_stm32f4xx.o(.text)
    $v0                                      0x08000798   Number         0  startup_stm32f4xx.o(.text)
    .text                                    0x080007bc   Section        0  misc.o(.text)
    .text                                    0x0800086c   Section        0  stm32f4xx_gpio.o(.text)
    .text                                    0x08000a84   Section        0  stm32f4xx_rcc.o(.text)
    .text                                    0x08000e54   Section        0  stm32f4xx_usart.o(.text)
    .text                                    0x0800118c   Section        0  stm32f4xx_spi.o(.text)
    .text                                    0x0800147c   Section        0  system_stm32f4xx.o(.text)
    SetSysClock                              0x0800147d   Thumb Code   162  system_stm32f4xx.o(.text)
    .text                                    0x080015f8   Section        0  socket.o(.text)
    .text                                    0x08002120   Section        0  spi.o(.text)
    .text                                    0x0800225c   Section        0  wizchip_conf.o(.text)
    .text                                    0x080027f0   Section        0  w5500.o(.text)
    .text                                    0x08002a90   Section        0  mbascii.o(.text)
    prvucMBLRC                               0x08002d1f   Thumb Code    26  mbascii.o(.text)
    prvucMBBIN2CHAR                          0x08002d39   Thumb Code    28  mbascii.o(.text)
    .text                                    0x08002d58   Section        0  mbfunccoils.o(.text)
    .text                                    0x08002e84   Section        0  mbfuncdisc.o(.text)
    .text                                    0x08002ef6   Section        0  mbfuncholding.o(.text)
    .text                                    0x08003070   Section        0  mbfuncinput.o(.text)
    .text                                    0x080030d4   Section        0  mbfuncother.o(.text)
    .text                                    0x08003134   Section        0  mbutils.o(.text)
    .text                                    0x080031a0   Section        0  mbcrc.o(.text)
    .text                                    0x080031cc   Section        0  mbrtu.o(.text)
    .text                                    0x080033c0   Section        0  mbtcp.o(.text)
    .text                                    0x08003430   Section        0  mb.o(.text)
    .text                                    0x080036a4   Section        0  portevent.o(.text)
    .text                                    0x080036dc   Section        0  portserial.o(.text)
    .text                                    0x080036ea   Section        0  porttimer.o(.text)
    .text                                    0x080036f0   Section        0  porttcp.o(.text)
    .text                                    0x08003790   Section        0  memcpya.o(.text)
    .text                                    0x080037b4   Section        0  uldiv.o(.text)
    .text                                    0x08003818   Section       36  init.o(.text)
    .text                                    0x0800383c   Section        0  llshl.o(.text)
    .text                                    0x0800385a   Section        0  llushr.o(.text)
    .text                                    0x0800387a   Section        0  __dczerorl2.o(.text)
    i.__0printf$8                            0x080038d0   Section        0  printf8.o(i.__0printf$8)
    i.__scatterload_copy                     0x080038f0   Section       14  handlers.o(i.__scatterload_copy)
    i.__scatterload_null                     0x080038fe   Section        2  handlers.o(i.__scatterload_null)
    i.__scatterload_zeroinit                 0x08003900   Section       14  handlers.o(i.__scatterload_zeroinit)
    i._printf_core                           0x08003910   Section        0  printf8.o(i._printf_core)
    _printf_core                             0x08003911   Thumb Code   996  printf8.o(i._printf_core)
    i._printf_post_padding                   0x08003d20   Section        0  printf8.o(i._printf_post_padding)
    _printf_post_padding                     0x08003d21   Thumb Code    36  printf8.o(i._printf_post_padding)
    i._printf_pre_padding                    0x08003d44   Section        0  printf8.o(i._printf_pre_padding)
    _printf_pre_padding                      0x08003d45   Thumb Code    46  printf8.o(i._printf_pre_padding)
    i.vMBPortTimersDisable                   0x08003d72   Section        0  porttimer.o(i.vMBPortTimersDisable)
    i.vMBPortTimersEnable                    0x08003d74   Section        0  porttimer.o(i.vMBPortTimersEnable)
    .constdata                               0x08003d78   Section       16  main.o(.constdata)
    .constdata                               0x08003d88   Section      512  mbcrc.o(.constdata)
    aucCRCHi                                 0x08003d88   Data         256  mbcrc.o(.constdata)
    aucCRCLo                                 0x08003e88   Data         256  mbcrc.o(.constdata)
    .conststring                             0x08003f88   Section      334  main.o(.conststring)
    .data                                    0x20000000   Section       31  main.o(.data)
    .data                                    0x20000020   Section        4  delay.o(.data)
    fac_us                                   0x20000020   Data           1  delay.o(.data)
    fac_ms                                   0x20000022   Data           2  delay.o(.data)
    .data                                    0x20000024   Section       16  stm32f4xx_rcc.o(.data)
    APBAHBPrescTable                         0x20000024   Data          16  stm32f4xx_rcc.o(.data)
    .data                                    0x20000034   Section       20  system_stm32f4xx.o(.data)
    .data                                    0x20000048   Section       14  socket.o(.data)
    sock_any_port                            0x20000048   Data           2  socket.o(.data)
    sock_io_mode                             0x2000004a   Data           2  socket.o(.data)
    sock_is_sending                          0x2000004c   Data           2  socket.o(.data)
    sock_pack_info                           0x2000004e   Data           8  socket.o(.data)
    .data                                    0x20000058   Section       40  wizchip_conf.o(.data)
    _DHCP_                                   0x20000058   Data           1  wizchip_conf.o(.data)
    _DNS_                                    0x20000059   Data           4  wizchip_conf.o(.data)
    .data                                    0x20000080   Section       16  mbascii.o(.data)
    eSndState                                0x20000080   Data           1  mbascii.o(.data)
    eRcvState                                0x20000081   Data           1  mbascii.o(.data)
    eBytePos                                 0x20000082   Data           1  mbascii.o(.data)
    ucMBLFCharacter                          0x20000083   Data           1  mbascii.o(.data)
    usRcvBufferPos                           0x20000084   Data           2  mbascii.o(.data)
    usSndBufferCount                         0x20000086   Data           2  mbascii.o(.data)
    ucASCIIBuf                               0x20000088   Data           4  mbascii.o(.data)
    pucSndBufferCur                          0x2000008c   Data           4  mbascii.o(.data)
    .data                                    0x20000090   Section        2  mbfuncother.o(.data)
    usMBSlaveIDLen                           0x20000090   Data           2  mbfuncother.o(.data)
    .data                                    0x20000094   Section       12  mbrtu.o(.data)
    eSndState                                0x20000094   Data           1  mbrtu.o(.data)
    eRcvState                                0x20000095   Data           1  mbrtu.o(.data)
    usSndBufferCount                         0x20000096   Data           2  mbrtu.o(.data)
    usRcvBufferPos                           0x20000098   Data           2  mbrtu.o(.data)
    pucSndBufferCur                          0x2000009c   Data           4  mbrtu.o(.data)
    .data                                    0x200000a0   Section      172  mb.o(.data)
    eMBState                                 0x200000a0   Data           1  mb.o(.data)
    ucRcvAddress                             0x200000a1   Data           1  mb.o(.data)
    ucFunctionCode                           0x200000a2   Data           1  mb.o(.data)
    eException                               0x200000a3   Data           1  mb.o(.data)
    ucMBAddress                              0x200000a4   Data           1  mb.o(.data)
    eMBCurrentMode                           0x200000a5   Data           1  mb.o(.data)
    usLength                                 0x200000a6   Data           2  mb.o(.data)
    ucMBFrame                                0x200000a8   Data           4  mb.o(.data)
    peMBFrameSendCur                         0x200000ac   Data           4  mb.o(.data)
    pvMBFrameStartCur                        0x200000b0   Data           4  mb.o(.data)
    pvMBFrameStopCur                         0x200000b4   Data           4  mb.o(.data)
    peMBFrameReceiveCur                      0x200000b8   Data           4  mb.o(.data)
    pvMBFrameCloseCur                        0x200000bc   Data           4  mb.o(.data)
    xFuncHandlers                            0x200000cc   Data         128  mb.o(.data)
    .data                                    0x2000014c   Section        2  portevent.o(.data)
    eQueuedEvent                             0x2000014c   Data           1  portevent.o(.data)
    xEventInQueue                            0x2000014d   Data           1  portevent.o(.data)
    .data                                    0x2000014e   Section        2  porttcp.o(.data)
    usTCPBufLen                              0x2000014e   Data           2  porttcp.o(.data)
    .data                                    0x20000150   Section        4  stdout.o(.data)
    .bss                                     0x20000154   Section      220  main.o(.bss)
    .bss                                     0x20000230   Section       16  socket.o(.bss)
    sock_remained_size                       0x20000230   Data          16  socket.o(.bss)
    .bss                                     0x20000240   Section       32  mbfuncother.o(.bss)
    ucMBSlaveID                              0x20000240   Data          32  mbfuncother.o(.bss)
    .bss                                     0x20000260   Section      256  mbrtu.o(.bss)
    .bss                                     0x20000360   Section      263  porttcp.o(.bss)
    aucTCPBuf                                0x20000360   Data         263  porttcp.o(.bss)
    STACK                                    0x20000468   Section    20480  startup_stm32f4xx.o(STACK)

    Global Symbols

    Symbol Name                              Value     Ov Type        Size  Object(Section)

    BuildAttributes$$THM_ISAv4$E$P$D$K$B$S$7EM$VFPi3$EXTD16$VFPS$VFMA$PE$A:L22UL41UL21$X:L11$S22US41US21$IEEE1$IW$USESV6$~STKCKD$USESV7$~SHL$OSPACE$ROPI$EBA8$MICROLIB$REQ8$PRES8$EABIv2 0x00000000   Number         0  anon$$obj.o ABSOLUTE
    __ARM_use_no_argv                        0x00000000   Number         0  main.o ABSOLUTE
    _printf_a                                0x00000000   Number         0  stubs.o ABSOLUTE
    _printf_c                                0x00000000   Number         0  stubs.o ABSOLUTE
    _printf_charcount                        0x00000000   Number         0  stubs.o ABSOLUTE
    _printf_d                                0x00000000   Number         0  stubs.o ABSOLUTE
    _printf_e                                0x00000000   Number         0  stubs.o ABSOLUTE
    _printf_f                                0x00000000   Number         0  stubs.o ABSOLUTE
    _printf_flags                            0x00000000   Number         0  stubs.o ABSOLUTE
    _printf_fp_dec                           0x00000000   Number         0  stubs.o ABSOLUTE
    _printf_fp_hex                           0x00000000   Number         0  stubs.o ABSOLUTE
    _printf_g                                0x00000000   Number         0  stubs.o ABSOLUTE
    _printf_i                                0x00000000   Number         0  stubs.o ABSOLUTE
    _printf_int_dec                          0x00000000   Number         0  stubs.o ABSOLUTE
    _printf_l                                0x00000000   Number         0  stubs.o ABSOLUTE
    _printf_lc                               0x00000000   Number         0  stubs.o ABSOLUTE
    _printf_ll                               0x00000000   Number         0  stubs.o ABSOLUTE
    _printf_lld                              0x00000000   Number         0  stubs.o ABSOLUTE
    _printf_lli                              0x00000000   Number         0  stubs.o ABSOLUTE
    _printf_llo                              0x00000000   Number         0  stubs.o ABSOLUTE
    _printf_llu                              0x00000000   Number         0  stubs.o ABSOLUTE
    _printf_llx                              0x00000000   Number         0  stubs.o ABSOLUTE
    _printf_longlong_dec                     0x00000000   Number         0  stubs.o ABSOLUTE
    _printf_longlong_hex                     0x00000000   Number         0  stubs.o ABSOLUTE
    _printf_longlong_oct                     0x00000000   Number         0  stubs.o ABSOLUTE
    _printf_ls                               0x00000000   Number         0  stubs.o ABSOLUTE
    _printf_mbtowc                           0x00000000   Number         0  stubs.o ABSOLUTE
    _printf_n                                0x00000000   Number         0  stubs.o ABSOLUTE
    _printf_o                                0x00000000   Number         0  stubs.o ABSOLUTE
    _printf_p                                0x00000000   Number         0  stubs.o ABSOLUTE
    _printf_percent                          0x00000000   Number         0  stubs.o ABSOLUTE
    _printf_pre_padding                      0x00000000   Number         0  stubs.o ABSOLUTE
    _printf_return_value                     0x00000000   Number         0  stubs.o ABSOLUTE
    _printf_s                                0x00000000   Number         0  stubs.o ABSOLUTE
    _printf_sizespec                         0x00000000   Number         0  stubs.o ABSOLUTE
    _printf_str                              0x00000000   Number         0  stubs.o ABSOLUTE
    _printf_truncate_signed                  0x00000000   Number         0  stubs.o ABSOLUTE
    _printf_truncate_unsigned                0x00000000   Number         0  stubs.o ABSOLUTE
    _printf_u                                0x00000000   Number         0  stubs.o ABSOLUTE
    _printf_wc                               0x00000000   Number         0  stubs.o ABSOLUTE
    _printf_wctomb                           0x00000000   Number         0  stubs.o ABSOLUTE
    _printf_widthprec                        0x00000000   Number         0  stubs.o ABSOLUTE
    _printf_x                                0x00000000   Number         0  stubs.o ABSOLUTE
    __cpp_initialize__aeabi_                  - Undefined Weak Reference
    __cxa_finalize                            - Undefined Weak Reference
    _clock_init                               - Undefined Weak Reference
    _microlib_exit                            - Undefined Weak Reference
    __Vectors_Size                           0x00000188   Number         0  startup_stm32f4xx.o ABSOLUTE
    __Vectors                                0x08000000   Data           4  startup_stm32f4xx.o(RESET)
    __Vectors_End                            0x08000188   Data           0  startup_stm32f4xx.o(RESET)
    __main                                   0x08000189   Thumb Code     0  entry.o(.ARM.Collect$$$$00000000)
    _main_stk                                0x08000189   Thumb Code     0  entry2.o(.ARM.Collect$$$$00000001)
    _main_scatterload                        0x0800018d   Thumb Code     0  entry5.o(.ARM.Collect$$$$00000004)
    __main_after_scatterload                 0x08000191   Thumb Code     0  entry5.o(.ARM.Collect$$$$00000004)
    _main_clock                              0x08000191   Thumb Code     0  entry7b.o(.ARM.Collect$$$$00000008)
    _main_cpp_init                           0x08000191   Thumb Code     0  entry8b.o(.ARM.Collect$$$$0000000A)
    _main_init                               0x08000191   Thumb Code     0  entry9a.o(.ARM.Collect$$$$0000000B)
    __rt_final_cpp                           0x08000199   Thumb Code     0  entry10a.o(.ARM.Collect$$$$0000000D)
    __rt_final_exit                          0x08000199   Thumb Code     0  entry11a.o(.ARM.Collect$$$$0000000F)
    modbus_tcps                              0x0800019d   Thumb Code   100  main.o(.text)
    network_init                             0x08000201   Thumb Code   134  main.o(.text)
    wiznet_register                          0x08000287   Thumb Code    56  main.o(.text)
    platform_init                            0x080002bf   Thumb Code    78  main.o(.text)
    main                                     0x0800030d   Thumb Code    78  main.o(.text)
    eMBRegInputCB                            0x0800035b   Thumb Code    62  main.o(.text)
    eMBRegHoldingCB                          0x08000399   Thumb Code   128  main.o(.text)
    eMBRegCoilsCB                            0x08000419   Thumb Code   116  main.o(.text)
    eMBRegDiscreteCB                         0x0800048d   Thumb Code    70  main.o(.text)
    USART_RCC_Configuration                  0x08000601   Thumb Code    44  usart.o(.text)
    USART_GPIO_Configuration                 0x0800062d   Thumb Code    40  usart.o(.text)
    USART_Configuration                      0x08000655   Thumb Code    80  usart.o(.text)
    fputc                                    0x080006a5   Thumb Code    30  usart.o(.text)
    NMI_Handler                              0x080006cd   Thumb Code     2  stm32f4xx_it.o(.text)
    HardFault_Handler                        0x080006cf   Thumb Code     2  stm32f4xx_it.o(.text)
    MemManage_Handler                        0x080006d1   Thumb Code     2  stm32f4xx_it.o(.text)
    BusFault_Handler                         0x080006d3   Thumb Code     2  stm32f4xx_it.o(.text)
    UsageFault_Handler                       0x080006d5   Thumb Code     2  stm32f4xx_it.o(.text)
    SVC_Handler                              0x080006d7   Thumb Code     2  stm32f4xx_it.o(.text)
    DebugMon_Handler                         0x080006d9   Thumb Code     2  stm32f4xx_it.o(.text)
    PendSV_Handler                           0x080006db   Thumb Code     2  stm32f4xx_it.o(.text)
    SysTick_Handler                          0x080006dd   Thumb Code     2  stm32f4xx_it.o(.text)
    delay_init                               0x080006e1   Thumb Code    38  delay.o(.text)
    delay_us                                 0x08000707   Thumb Code    46  delay.o(.text)
    delay_xms                                0x08000735   Thumb Code    46  delay.o(.text)
    delay_ms                                 0x08000763   Thumb Code    50  delay.o(.text)
    Reset_Handler                            0x08000799   Thumb Code     8  startup_stm32f4xx.o(.text)
    ADC_IRQHandler                           0x080007b3   Thumb Code     0  startup_stm32f4xx.o(.text)
    CAN1_RX0_IRQHandler                      0x080007b3   Thumb Code     0  startup_stm32f4xx.o(.text)
    CAN1_RX1_IRQHandler                      0x080007b3   Thumb Code     0  startup_stm32f4xx.o(.text)
    CAN1_SCE_IRQHandler                      0x080007b3   Thumb Code     0  startup_stm32f4xx.o(.text)
    CAN1_TX_IRQHandler                       0x080007b3   Thumb Code     0  startup_stm32f4xx.o(.text)
    CAN2_RX0_IRQHandler                      0x080007b3   Thumb Code     0  startup_stm32f4xx.o(.text)
    CAN2_RX1_IRQHandler                      0x080007b3   Thumb Code     0  startup_stm32f4xx.o(.text)
    CAN2_SCE_IRQHandler                      0x080007b3   Thumb Code     0  startup_stm32f4xx.o(.text)
    CAN2_TX_IRQHandler                       0x080007b3   Thumb Code     0  startup_stm32f4xx.o(.text)
    CRYP_IRQHandler                          0x080007b3   Thumb Code     0  startup_stm32f4xx.o(.text)
    DCMI_IRQHandler                          0x080007b3   Thumb Code     0  startup_stm32f4xx.o(.text)
    DMA1_Stream0_IRQHandler                  0x080007b3   Thumb Code     0  startup_stm32f4xx.o(.text)
    DMA1_Stream1_IRQHandler                  0x080007b3   Thumb Code     0  startup_stm32f4xx.o(.text)
    DMA1_Stream2_IRQHandler                  0x080007b3   Thumb Code     0  startup_stm32f4xx.o(.text)
    DMA1_Stream3_IRQHandler                  0x080007b3   Thumb Code     0  startup_stm32f4xx.o(.text)
    DMA1_Stream4_IRQHandler                  0x080007b3   Thumb Code     0  startup_stm32f4xx.o(.text)
    DMA1_Stream5_IRQHandler                  0x080007b3   Thumb Code     0  startup_stm32f4xx.o(.text)
    DMA1_Stream6_IRQHandler                  0x080007b3   Thumb Code     0  startup_stm32f4xx.o(.text)
    DMA1_Stream7_IRQHandler                  0x080007b3   Thumb Code     0  startup_stm32f4xx.o(.text)
    DMA2_Stream0_IRQHandler                  0x080007b3   Thumb Code     0  startup_stm32f4xx.o(.text)
    DMA2_Stream1_IRQHandler                  0x080007b3   Thumb Code     0  startup_stm32f4xx.o(.text)
    DMA2_Stream2_IRQHandler                  0x080007b3   Thumb Code     0  startup_stm32f4xx.o(.text)
    DMA2_Stream3_IRQHandler                  0x080007b3   Thumb Code     0  startup_stm32f4xx.o(.text)
    DMA2_Stream4_IRQHandler                  0x080007b3   Thumb Code     0  startup_stm32f4xx.o(.text)
    DMA2_Stream5_IRQHandler                  0x080007b3   Thumb Code     0  startup_stm32f4xx.o(.text)
    DMA2_Stream6_IRQHandler                  0x080007b3   Thumb Code     0  startup_stm32f4xx.o(.text)
    DMA2_Stream7_IRQHandler                  0x080007b3   Thumb Code     0  startup_stm32f4xx.o(.text)
    ETH_IRQHandler                           0x080007b3   Thumb Code     0  startup_stm32f4xx.o(.text)
    ETH_WKUP_IRQHandler                      0x080007b3   Thumb Code     0  startup_stm32f4xx.o(.text)
    EXTI0_IRQHandler                         0x080007b3   Thumb Code     0  startup_stm32f4xx.o(.text)
    EXTI15_10_IRQHandler                     0x080007b3   Thumb Code     0  startup_stm32f4xx.o(.text)
    EXTI1_IRQHandler                         0x080007b3   Thumb Code     0  startup_stm32f4xx.o(.text)
    EXTI2_IRQHandler                         0x080007b3   Thumb Code     0  startup_stm32f4xx.o(.text)
    EXTI3_IRQHandler                         0x080007b3   Thumb Code     0  startup_stm32f4xx.o(.text)
    EXTI4_IRQHandler                         0x080007b3   Thumb Code     0  startup_stm32f4xx.o(.text)
    EXTI9_5_IRQHandler                       0x080007b3   Thumb Code     0  startup_stm32f4xx.o(.text)
    FLASH_IRQHandler                         0x080007b3   Thumb Code     0  startup_stm32f4xx.o(.text)
    FPU_IRQHandler                           0x080007b3   Thumb Code     0  startup_stm32f4xx.o(.text)
    FSMC_IRQHandler                          0x080007b3   Thumb Code     0  startup_stm32f4xx.o(.text)
    HASH_RNG_IRQHandler                      0x080007b3   Thumb Code     0  startup_stm32f4xx.o(.text)
    I2C1_ER_IRQHandler                       0x080007b3   Thumb Code     0  startup_stm32f4xx.o(.text)
    I2C1_EV_IRQHandler                       0x080007b3   Thumb Code     0  startup_stm32f4xx.o(.text)
    I2C2_ER_IRQHandler                       0x080007b3   Thumb Code     0  startup_stm32f4xx.o(.text)
    I2C2_EV_IRQHandler                       0x080007b3   Thumb Code     0  startup_stm32f4xx.o(.text)
    I2C3_ER_IRQHandler                       0x080007b3   Thumb Code     0  startup_stm32f4xx.o(.text)
    I2C3_EV_IRQHandler                       0x080007b3   Thumb Code     0  startup_stm32f4xx.o(.text)
    OTG_FS_IRQHandler                        0x080007b3   Thumb Code     0  startup_stm32f4xx.o(.text)
    OTG_FS_WKUP_IRQHandler                   0x080007b3   Thumb Code     0  startup_stm32f4xx.o(.text)
    OTG_HS_EP1_IN_IRQHandler                 0x080007b3   Thumb Code     0  startup_stm32f4xx.o(.text)
    OTG_HS_EP1_OUT_IRQHandler                0x080007b3   Thumb Code     0  startup_stm32f4xx.o(.text)
    OTG_HS_IRQHandler                        0x080007b3   Thumb Code     0  startup_stm32f4xx.o(.text)
    OTG_HS_WKUP_IRQHandler                   0x080007b3   Thumb Code     0  startup_stm32f4xx.o(.text)
    PVD_IRQHandler                           0x080007b3   Thumb Code     0  startup_stm32f4xx.o(.text)
    RCC_IRQHandler                           0x080007b3   Thumb Code     0  startup_stm32f4xx.o(.text)
    RTC_Alarm_IRQHandler                     0x080007b3   Thumb Code     0  startup_stm32f4xx.o(.text)
    RTC_WKUP_IRQHandler                      0x080007b3   Thumb Code     0  startup_stm32f4xx.o(.text)
    SDIO_IRQHandler                          0x080007b3   Thumb Code     0  startup_stm32f4xx.o(.text)
    SPI1_IRQHandler                          0x080007b3   Thumb Code     0  startup_stm32f4xx.o(.text)
    SPI2_IRQHandler                          0x080007b3   Thumb Code     0  startup_stm32f4xx.o(.text)
    SPI3_IRQHandler                          0x080007b3   Thumb Code     0  startup_stm32f4xx.o(.text)
    TAMP_STAMP_IRQHandler                    0x080007b3   Thumb Code     0  startup_stm32f4xx.o(.text)
    TIM1_BRK_TIM9_IRQHandler                 0x080007b3   Thumb Code     0  startup_stm32f4xx.o(.text)
    TIM1_CC_IRQHandler                       0x080007b3   Thumb Code     0  startup_stm32f4xx.o(.text)
    TIM1_TRG_COM_TIM11_IRQHandler            0x080007b3   Thumb Code     0  startup_stm32f4xx.o(.text)
    TIM1_UP_TIM10_IRQHandler                 0x080007b3   Thumb Code     0  startup_stm32f4xx.o(.text)
    TIM2_IRQHandler                          0x080007b3   Thumb Code     0  startup_stm32f4xx.o(.text)
    TIM3_IRQHandler                          0x080007b3   Thumb Code     0  startup_stm32f4xx.o(.text)
    TIM4_IRQHandler                          0x080007b3   Thumb Code     0  startup_stm32f4xx.o(.text)
    TIM5_IRQHandler                          0x080007b3   Thumb Code     0  startup_stm32f4xx.o(.text)
    TIM6_DAC_IRQHandler                      0x080007b3   Thumb Code     0  startup_stm32f4xx.o(.text)
    TIM7_IRQHandler                          0x080007b3   Thumb Code     0  startup_stm32f4xx.o(.text)
    TIM8_BRK_TIM12_IRQHandler                0x080007b3   Thumb Code     0  startup_stm32f4xx.o(.text)
    TIM8_CC_IRQHandler                       0x080007b3   Thumb Code     0  startup_stm32f4xx.o(.text)
    TIM8_TRG_COM_TIM14_IRQHandler            0x080007b3   Thumb Code     0  startup_stm32f4xx.o(.text)
    TIM8_UP_TIM13_IRQHandler                 0x080007b3   Thumb Code     0  startup_stm32f4xx.o(.text)
    UART4_IRQHandler                         0x080007b3   Thumb Code     0  startup_stm32f4xx.o(.text)
    UART5_IRQHandler                         0x080007b3   Thumb Code     0  startup_stm32f4xx.o(.text)
    USART1_IRQHandler                        0x080007b3   Thumb Code     0  startup_stm32f4xx.o(.text)
    USART2_IRQHandler                        0x080007b3   Thumb Code     0  startup_stm32f4xx.o(.text)
    USART3_IRQHandler                        0x080007b3   Thumb Code     0  startup_stm32f4xx.o(.text)
    USART6_IRQHandler                        0x080007b3   Thumb Code     0  startup_stm32f4xx.o(.text)
    WWDG_IRQHandler                          0x080007b3   Thumb Code     0  startup_stm32f4xx.o(.text)
    NVIC_PriorityGroupConfig                 0x080007bd   Thumb Code    10  misc.o(.text)
    NVIC_Init                                0x080007c7   Thumb Code    96  misc.o(.text)
    NVIC_SetVectorTable                      0x08000827   Thumb Code    14  misc.o(.text)
    NVIC_SystemLPConfig                      0x08000835   Thumb Code    20  misc.o(.text)
    SysTick_CLKSourceConfig                  0x08000849   Thumb Code    24  misc.o(.text)
    GPIO_DeInit                              0x0800086d   Thumb Code   192  stm32f4xx_gpio.o(.text)
    GPIO_Init                                0x0800092d   Thumb Code   162  stm32f4xx_gpio.o(.text)
    GPIO_StructInit                          0x080009cf   Thumb Code    18  stm32f4xx_gpio.o(.text)
    GPIO_PinLockConfig                       0x080009e1   Thumb Code    24  stm32f4xx_gpio.o(.text)
    GPIO_ReadInputDataBit                    0x080009f9   Thumb Code    14  stm32f4xx_gpio.o(.text)
    GPIO_ReadInputData                       0x08000a07   Thumb Code     6  stm32f4xx_gpio.o(.text)
    GPIO_ReadOutputDataBit                   0x08000a0d   Thumb Code    14  stm32f4xx_gpio.o(.text)
    GPIO_ReadOutputData                      0x08000a1b   Thumb Code     6  stm32f4xx_gpio.o(.text)
    GPIO_SetBits                             0x08000a21   Thumb Code     4  stm32f4xx_gpio.o(.text)
    GPIO_ResetBits                           0x08000a25   Thumb Code     4  stm32f4xx_gpio.o(.text)
    GPIO_WriteBit                            0x08000a29   Thumb Code    10  stm32f4xx_gpio.o(.text)
    GPIO_Write                               0x08000a33   Thumb Code     4  stm32f4xx_gpio.o(.text)
    GPIO_ToggleBits                          0x08000a37   Thumb Code     8  stm32f4xx_gpio.o(.text)
    GPIO_PinAFConfig                         0x08000a3f   Thumb Code    32  stm32f4xx_gpio.o(.text)
    RCC_DeInit                               0x08000a85   Thumb Code    48  stm32f4xx_rcc.o(.text)
    RCC_HSEConfig                            0x08000ab5   Thumb Code    12  stm32f4xx_rcc.o(.text)
    RCC_GetFlagStatus                        0x08000ac1   Thumb Code    46  stm32f4xx_rcc.o(.text)
    RCC_WaitForHSEStartUp                    0x08000aef   Thumb Code    44  stm32f4xx_rcc.o(.text)
    RCC_AdjustHSICalibrationValue            0x08000b1b   Thumb Code    16  stm32f4xx_rcc.o(.text)
    RCC_HSICmd                               0x08000b2b   Thumb Code     6  stm32f4xx_rcc.o(.text)
    RCC_LSEConfig                            0x08000b31   Thumb Code    24  stm32f4xx_rcc.o(.text)
    RCC_LSICmd                               0x08000b49   Thumb Code     6  stm32f4xx_rcc.o(.text)
    RCC_PLLConfig                            0x08000b4f   Thumb Code    32  stm32f4xx_rcc.o(.text)
    RCC_PLLCmd                               0x08000b6f   Thumb Code     6  stm32f4xx_rcc.o(.text)
    RCC_PLLI2SConfig                         0x08000b75   Thumb Code    14  stm32f4xx_rcc.o(.text)
    RCC_PLLI2SCmd                            0x08000b83   Thumb Code     6  stm32f4xx_rcc.o(.text)
    RCC_ClockSecuritySystemCmd               0x08000b89   Thumb Code     6  stm32f4xx_rcc.o(.text)
    RCC_MCO1Config                           0x08000b8f   Thumb Code    18  stm32f4xx_rcc.o(.text)
    RCC_MCO2Config                           0x08000ba1   Thumb Code    18  stm32f4xx_rcc.o(.text)
    RCC_SYSCLKConfig                         0x08000bb3   Thumb Code    16  stm32f4xx_rcc.o(.text)
    RCC_GetSYSCLKSource                      0x08000bc3   Thumb Code    12  stm32f4xx_rcc.o(.text)
    RCC_HCLKConfig                           0x08000bcf   Thumb Code    16  stm32f4xx_rcc.o(.text)
    RCC_PCLK1Config                          0x08000bdf   Thumb Code    16  stm32f4xx_rcc.o(.text)
    RCC_PCLK2Config                          0x08000bef   Thumb Code    18  stm32f4xx_rcc.o(.text)
    RCC_GetClocksFreq                        0x08000c01   Thumb Code   134  stm32f4xx_rcc.o(.text)
    RCC_RTCCLKConfig                         0x08000c87   Thumb Code    42  stm32f4xx_rcc.o(.text)
    RCC_RTCCLKCmd                            0x08000cb1   Thumb Code     8  stm32f4xx_rcc.o(.text)
    RCC_BackupResetCmd                       0x08000cb9   Thumb Code     8  stm32f4xx_rcc.o(.text)
    RCC_I2SCLKConfig                         0x08000cc1   Thumb Code     8  stm32f4xx_rcc.o(.text)
    RCC_AHB1PeriphClockCmd                   0x08000cc9   Thumb Code    20  stm32f4xx_rcc.o(.text)
    RCC_AHB2PeriphClockCmd                   0x08000cdd   Thumb Code    20  stm32f4xx_rcc.o(.text)
    RCC_AHB3PeriphClockCmd                   0x08000cf1   Thumb Code    20  stm32f4xx_rcc.o(.text)
    RCC_APB1PeriphClockCmd                   0x08000d05   Thumb Code    20  stm32f4xx_rcc.o(.text)
    RCC_APB2PeriphClockCmd                   0x08000d19   Thumb Code    20  stm32f4xx_rcc.o(.text)
    RCC_AHB1PeriphResetCmd                   0x08000d2d   Thumb Code    20  stm32f4xx_rcc.o(.text)
    RCC_AHB2PeriphResetCmd                   0x08000d41   Thumb Code    20  stm32f4xx_rcc.o(.text)
    RCC_AHB3PeriphResetCmd                   0x08000d55   Thumb Code    20  stm32f4xx_rcc.o(.text)
    RCC_APB1PeriphResetCmd                   0x08000d69   Thumb Code    20  stm32f4xx_rcc.o(.text)
    RCC_APB2PeriphResetCmd                   0x08000d7d   Thumb Code    20  stm32f4xx_rcc.o(.text)
    RCC_AHB1PeriphClockLPModeCmd             0x08000d91   Thumb Code    20  stm32f4xx_rcc.o(.text)
    RCC_AHB2PeriphClockLPModeCmd             0x08000da5   Thumb Code    20  stm32f4xx_rcc.o(.text)
    RCC_AHB3PeriphClockLPModeCmd             0x08000db9   Thumb Code    20  stm32f4xx_rcc.o(.text)
    RCC_APB1PeriphClockLPModeCmd             0x08000dcd   Thumb Code    20  stm32f4xx_rcc.o(.text)
    RCC_APB2PeriphClockLPModeCmd             0x08000de1   Thumb Code    20  stm32f4xx_rcc.o(.text)
    RCC_ITConfig                             0x08000df5   Thumb Code    20  stm32f4xx_rcc.o(.text)
    RCC_ClearFlag                            0x08000e09   Thumb Code    14  stm32f4xx_rcc.o(.text)
    RCC_GetITStatus                          0x08000e17   Thumb Code    18  stm32f4xx_rcc.o(.text)
    RCC_ClearITPendingBit                    0x08000e29   Thumb Code     8  stm32f4xx_rcc.o(.text)
    USART_DeInit                             0x08000e55   Thumb Code   114  stm32f4xx_usart.o(.text)
    USART_Init                               0x08000ec7   Thumb Code   164  stm32f4xx_usart.o(.text)
    USART_StructInit                         0x08000f6b   Thumb Code    22  stm32f4xx_usart.o(.text)
    USART_ClockInit                          0x08000f81   Thumb Code    28  stm32f4xx_usart.o(.text)
    USART_ClockStructInit                    0x08000f9d   Thumb Code    12  stm32f4xx_usart.o(.text)
    USART_Cmd                                0x08000fa9   Thumb Code    20  stm32f4xx_usart.o(.text)
    USART_SetPrescaler                       0x08000fbd   Thumb Code    16  stm32f4xx_usart.o(.text)
    USART_OverSampling8Cmd                   0x08000fcd   Thumb Code    20  stm32f4xx_usart.o(.text)
    USART_OneBitMethodCmd                    0x08000fe1   Thumb Code    20  stm32f4xx_usart.o(.text)
    USART_SendData                           0x08000ff5   Thumb Code     8  stm32f4xx_usart.o(.text)
    USART_ReceiveData                        0x08000ffd   Thumb Code     8  stm32f4xx_usart.o(.text)
    USART_SetAddress                         0x08001005   Thumb Code    16  stm32f4xx_usart.o(.text)
    USART_ReceiverWakeUpCmd                  0x08001015   Thumb Code    20  stm32f4xx_usart.o(.text)
    USART_WakeUpConfig                       0x08001029   Thumb Code    16  stm32f4xx_usart.o(.text)
    USART_LINBreakDetectLengthConfig         0x08001039   Thumb Code    16  stm32f4xx_usart.o(.text)
    USART_LINCmd                             0x08001049   Thumb Code    20  stm32f4xx_usart.o(.text)
    USART_SendBreak                          0x0800105d   Thumb Code    10  stm32f4xx_usart.o(.text)
    USART_HalfDuplexCmd                      0x08001067   Thumb Code    20  stm32f4xx_usart.o(.text)
    USART_SetGuardTime                       0x0800107b   Thumb Code    16  stm32f4xx_usart.o(.text)
    USART_SmartCardCmd                       0x0800108b   Thumb Code    20  stm32f4xx_usart.o(.text)
    USART_SmartCardNACKCmd                   0x0800109f   Thumb Code    20  stm32f4xx_usart.o(.text)
    USART_IrDAConfig                         0x080010b3   Thumb Code    16  stm32f4xx_usart.o(.text)
    USART_IrDACmd                            0x080010c3   Thumb Code    20  stm32f4xx_usart.o(.text)
    USART_DMACmd                             0x080010d7   Thumb Code    16  stm32f4xx_usart.o(.text)
    USART_ITConfig                           0x080010e7   Thumb Code    48  stm32f4xx_usart.o(.text)
    USART_GetFlagStatus                      0x08001117   Thumb Code    14  stm32f4xx_usart.o(.text)
    USART_ClearFlag                          0x08001125   Thumb Code     6  stm32f4xx_usart.o(.text)
    USART_GetITStatus                        0x0800112b   Thumb Code    62  stm32f4xx_usart.o(.text)
    USART_ClearITPendingBit                  0x08001169   Thumb Code    12  stm32f4xx_usart.o(.text)
    SPI_I2S_DeInit                           0x0800118d   Thumb Code    72  stm32f4xx_spi.o(.text)
    SPI_Init                                 0x080011d5   Thumb Code    56  stm32f4xx_spi.o(.text)
    I2S_Init                                 0x0800120d   Thumb Code   190  stm32f4xx_spi.o(.text)
    SPI_StructInit                           0x080012cb   Thumb Code    24  stm32f4xx_spi.o(.text)
    I2S_StructInit                           0x080012e3   Thumb Code    18  stm32f4xx_spi.o(.text)
    SPI_Cmd                                  0x080012f5   Thumb Code    20  stm32f4xx_spi.o(.text)
    I2S_Cmd                                  0x08001309   Thumb Code    20  stm32f4xx_spi.o(.text)
    SPI_DataSizeConfig                       0x0800131d   Thumb Code    16  stm32f4xx_spi.o(.text)
    SPI_BiDirectionalLineConfig              0x0800132d   Thumb Code    22  stm32f4xx_spi.o(.text)
    SPI_NSSInternalSoftwareConfig            0x08001343   Thumb Code    24  stm32f4xx_spi.o(.text)
    SPI_SSOutputCmd                          0x0800135b   Thumb Code    20  stm32f4xx_spi.o(.text)
    SPI_TIModeCmd                            0x0800136f   Thumb Code    20  stm32f4xx_spi.o(.text)
    I2S_FullDuplexConfig                     0x08001383   Thumb Code    58  stm32f4xx_spi.o(.text)
    SPI_I2S_ReceiveData                      0x080013bd   Thumb Code     4  stm32f4xx_spi.o(.text)
    SPI_I2S_SendData                         0x080013c1   Thumb Code     4  stm32f4xx_spi.o(.text)
    SPI_CalculateCRC                         0x080013c5   Thumb Code    20  stm32f4xx_spi.o(.text)
    SPI_TransmitCRC                          0x080013d9   Thumb Code    10  stm32f4xx_spi.o(.text)
    SPI_GetCRC                               0x080013e3   Thumb Code    12  stm32f4xx_spi.o(.text)
    SPI_GetCRCPolynomial                     0x080013ef   Thumb Code     4  stm32f4xx_spi.o(.text)
    SPI_I2S_DMACmd                           0x080013f3   Thumb Code    16  stm32f4xx_spi.o(.text)
    SPI_I2S_ITConfig                         0x08001403   Thumb Code    24  stm32f4xx_spi.o(.text)
    SPI_I2S_GetFlagStatus                    0x0800141b   Thumb Code    14  stm32f4xx_spi.o(.text)
    SPI_I2S_ClearFlag                        0x08001429   Thumb Code     6  stm32f4xx_spi.o(.text)
    SPI_I2S_GetITStatus                      0x0800142f   Thumb Code    42  stm32f4xx_spi.o(.text)
    SPI_I2S_ClearITPendingBit                0x08001459   Thumb Code    14  stm32f4xx_spi.o(.text)
    SystemInit                               0x0800151f   Thumb Code    74  system_stm32f4xx.o(.text)
    SystemCoreClockUpdate                    0x08001569   Thumb Code   108  system_stm32f4xx.o(.text)
    close                                    0x080015f9   Thumb Code   102  socket.o(.text)
    socket                                   0x0800165f   Thumb Code   250  socket.o(.text)
    listen                                   0x08001759   Thumb Code   122  socket.o(.text)
    connect                                  0x080017d3   Thumb Code   240  socket.o(.text)
    disconnect                               0x080018c3   Thumb Code   134  socket.o(.text)
    send                                     0x08001949   Thumb Code   286  socket.o(.text)
    recv                                     0x08001a67   Thumb Code   224  socket.o(.text)
    sendto                                   0x08001b47   Thumb Code   320  socket.o(.text)
    recvfrom                                 0x08001c87   Thumb Code   444  socket.o(.text)
    ctlsocket                                0x08001e43   Thumb Code   190  socket.o(.text)
    setsockopt                               0x08001f01   Thumb Code   258  socket.o(.text)
    getsockopt                               0x08002003   Thumb Code   276  socket.o(.text)
    SPI_Configuration                        0x08002121   Thumb Code   206  spi.o(.text)
    SPI_WriteByte                            0x080021ef   Thumb Code    26  spi.o(.text)
    SPI_ReadByte                             0x08002209   Thumb Code    30  spi.o(.text)
    SPI_CrisEnter                            0x08002227   Thumb Code     8  spi.o(.text)
    SPI_CrisExit                             0x0800222f   Thumb Code     8  spi.o(.text)
    SPI_CS_Select                            0x08002237   Thumb Code    10  spi.o(.text)
    SPI_CS_Deselect                          0x08002241   Thumb Code    10  spi.o(.text)
    wizchip_cris_enter                       0x0800225d   Thumb Code     2  wizchip_conf.o(.text)
    wizchip_cris_exit                        0x0800225f   Thumb Code     2  wizchip_conf.o(.text)
    wizchip_cs_select                        0x08002261   Thumb Code     2  wizchip_conf.o(.text)
    wizchip_cs_deselect                      0x08002263   Thumb Code     2  wizchip_conf.o(.text)
    wizchip_bus_readbyte                     0x08002265   Thumb Code     4  wizchip_conf.o(.text)
    wizchip_bus_writebyte                    0x08002269   Thumb Code     4  wizchip_conf.o(.text)
    wizchip_spi_readbyte                     0x0800226d   Thumb Code     4  wizchip_conf.o(.text)
    wizchip_spi_writebyte                    0x08002271   Thumb Code     2  wizchip_conf.o(.text)
    reg_wizchip_cris_cbfunc                  0x08002273   Thumb Code    26  wizchip_conf.o(.text)
    reg_wizchip_cs_cbfunc                    0x0800228d   Thumb Code    26  wizchip_conf.o(.text)
    reg_wizchip_bus_cbfunc                   0x080022a7   Thumb Code    34  wizchip_conf.o(.text)
    reg_wizchip_spi_cbfunc                   0x080022c9   Thumb Code    34  wizchip_conf.o(.text)
    wizphy_getphylink                        0x080022eb   Thumb Code    18  wizchip_conf.o(.text)
    wizphy_getphypmode                       0x080022fd   Thumb Code    24  wizchip_conf.o(.text)
    wizphy_reset                             0x08002315   Thumb Code    42  wizchip_conf.o(.text)
    wizphy_setphypmode                       0x0800233f   Thumb Code    80  wizchip_conf.o(.text)
    wizphy_getphyconf                        0x0800238f   Thumb Code    78  wizchip_conf.o(.text)
    wizphy_setphyconf                        0x080023dd   Thumb Code    72  wizchip_conf.o(.text)
    wizchip_getinterruptmask                 0x08002425   Thumb Code    28  wizchip_conf.o(.text)
    wizchip_setinterruptmask                 0x08002441   Thumb Code    28  wizchip_conf.o(.text)
    wizchip_getinterrupt                     0x0800245d   Thumb Code    30  wizchip_conf.o(.text)
    wizchip_clrinterrupt                     0x0800247b   Thumb Code    30  wizchip_conf.o(.text)
    wizchip_sw_reset                         0x08002499   Thumb Code   116  wizchip_conf.o(.text)
    wizchip_init                             0x0800250d   Thumb Code   122  wizchip_conf.o(.text)
    ctlwizchip                               0x08002587   Thumb Code   226  wizchip_conf.o(.text)
    wizchip_gettimeout                       0x08002669   Thumb Code    40  wizchip_conf.o(.text)
    wizchip_settimeout                       0x08002691   Thumb Code    40  wizchip_conf.o(.text)
    wizchip_getnetmode                       0x080026b9   Thumb Code     6  wizchip_conf.o(.text)
    wizchip_setnetmode                       0x080026bf   Thumb Code    36  wizchip_conf.o(.text)
    wizchip_getnetinfo                       0x080026e3   Thumb Code    82  wizchip_conf.o(.text)
    wizchip_setnetinfo                       0x08002735   Thumb Code    82  wizchip_conf.o(.text)
    ctlnetwork                               0x08002787   Thumb Code    74  wizchip_conf.o(.text)
    wizphy_getphystat                        0x080027d1   Thumb Code    26  wizchip_conf.o(.text)
    WIZCHIP_READ                             0x080027f1   Thumb Code    54  w5500.o(.text)
    WIZCHIP_WRITE                            0x08002827   Thumb Code    60  w5500.o(.text)
    WIZCHIP_READ_BUF                         0x08002863   Thumb Code    74  w5500.o(.text)
    WIZCHIP_WRITE_BUF                        0x080028ad   Thumb Code    80  w5500.o(.text)
    getSn_TX_FSR                             0x080028fd   Thumb Code    76  w5500.o(.text)
    getSn_RX_RSR                             0x08002949   Thumb Code    74  w5500.o(.text)
    wiz_send_data                            0x08002993   Thumb Code    94  w5500.o(.text)
    wiz_recv_data                            0x080029f1   Thumb Code    92  w5500.o(.text)
    wiz_recv_ignore                          0x08002a4d   Thumb Code    64  w5500.o(.text)
    eMBASCIIInit                             0x08002a91   Thumb Code    44  mbascii.o(.text)
    eMBASCIIStart                            0x08002abd   Thumb Code    24  mbascii.o(.text)
    eMBASCIIStop                             0x08002ad5   Thumb Code    18  mbascii.o(.text)
    eMBASCIIReceive                          0x08002ae7   Thumb Code    68  mbascii.o(.text)
    eMBASCIISend                             0x08002b2b   Thumb Code    68  mbascii.o(.text)
    xMBASCIIReceiveFSM                       0x08002b6f   Thumb Code   222  mbascii.o(.text)
    xMBASCIITransmitFSM                      0x08002c4d   Thumb Code   168  mbascii.o(.text)
    xMBASCIITimerT1SExpired                  0x08002cf5   Thumb Code    42  mbascii.o(.text)
    eMBFuncReadCoils                         0x08002d59   Thumb Code   114  mbfunccoils.o(.text)
    eMBFuncWriteCoil                         0x08002dcb   Thumb Code    86  mbfunccoils.o(.text)
    eMBFuncWriteMultipleCoils                0x08002e21   Thumb Code   100  mbfunccoils.o(.text)
    eMBFuncReadDiscreteInputs                0x08002e85   Thumb Code   114  mbfuncdisc.o(.text)
    eMBFuncWriteHoldingRegister              0x08002ef7   Thumb Code    50  mbfuncholding.o(.text)
    eMBFuncWriteMultipleHoldingRegister      0x08002f29   Thumb Code    78  mbfuncholding.o(.text)
    eMBFuncReadHoldingRegister               0x08002f77   Thumb Code    94  mbfuncholding.o(.text)
    eMBFuncReadWriteMultipleHoldingRegister  0x08002fd5   Thumb Code   156  mbfuncholding.o(.text)
    eMBFuncReadInputRegister                 0x08003071   Thumb Code    98  mbfuncinput.o(.text)
    eMBSetSlaveID                            0x080030d5   Thumb Code    62  mbfuncother.o(.text)
    eMBFuncReportSlaveID                     0x08003113   Thumb Code    26  mbfuncother.o(.text)
    xMBUtilSetBits                           0x08003135   Thumb Code    50  mbutils.o(.text)
    xMBUtilGetBits                           0x08003167   Thumb Code    34  mbutils.o(.text)
    prveMBError2Exception                    0x08003189   Thumb Code    24  mbutils.o(.text)
    usMBCRC16                                0x080031a1   Thumb Code    40  mbcrc.o(.text)
    eMBRTUInit                               0x080031cd   Thumb Code    54  mbrtu.o(.text)
    eMBRTUStart                              0x08003203   Thumb Code    24  mbrtu.o(.text)
    eMBRTUStop                               0x0800321b   Thumb Code    18  mbrtu.o(.text)
    eMBRTUReceive                            0x0800322d   Thumb Code    70  mbrtu.o(.text)
    eMBRTUSend                               0x08003273   Thumb Code    80  mbrtu.o(.text)
    xMBRTUReceiveFSM                         0x080032c3   Thumb Code    96  mbrtu.o(.text)
    xMBRTUTransmitFSM                        0x08003323   Thumb Code    86  mbrtu.o(.text)
    xMBRTUTimerT35Expired                    0x08003379   Thumb Code    58  mbrtu.o(.text)
    eMBTCPDoInit                             0x080033c1   Thumb Code    16  mbtcp.o(.text)
    eMBTCPStart                              0x080033d1   Thumb Code     2  mbtcp.o(.text)
    eMBTCPStop                               0x080033d3   Thumb Code     4  mbtcp.o(.text)
    eMBTCPReceive                            0x080033d7   Thumb Code    58  mbtcp.o(.text)
    eMBTCPSend                               0x08003411   Thumb Code    30  mbtcp.o(.text)
    eMBInit                                  0x08003431   Thumb Code   140  mb.o(.text)
    eMBTCPInit                               0x080034bd   Thumb Code    62  mb.o(.text)
    eMBRegisterCB                            0x080034fb   Thumb Code    92  mb.o(.text)
    eMBClose                                 0x08003557   Thumb Code    28  mb.o(.text)
    eMBEnable                                0x08003573   Thumb Code    28  mb.o(.text)
    eMBDisable                               0x0800358f   Thumb Code    28  mb.o(.text)
    eMBPoll                                  0x080035ab   Thumb Code   174  mb.o(.text)
    xMBPortEventInit                         0x080036a5   Thumb Code    10  portevent.o(.text)
    xMBPortEventPost                         0x080036af   Thumb Code    12  portevent.o(.text)
    xMBPortEventGet                          0x080036bb   Thumb Code    30  portevent.o(.text)
    vMBPortSerialEnable                      0x080036dd   Thumb Code     2  portserial.o(.text)
    xMBPortSerialInit                        0x080036df   Thumb Code     4  portserial.o(.text)
    xMBPortSerialPutByte                     0x080036e3   Thumb Code     4  portserial.o(.text)
    xMBPortSerialGetByte                     0x080036e7   Thumb Code     4  portserial.o(.text)
    xMBPortTimersInit                        0x080036eb   Thumb Code     4  porttimer.o(.text)
    xMBTCPPortInit                           0x080036f1   Thumb Code    54  porttcp.o(.text)
    vMBTCPPortClose                          0x08003727   Thumb Code     2  porttcp.o(.text)
    vMBTCPPortDisable                        0x08003729   Thumb Code     2  porttcp.o(.text)
    xMBTCPPortGetRequest                     0x0800372b   Thumb Code    18  porttcp.o(.text)
    xMBTCPPortSendResponse                   0x0800373d   Thumb Code    16  porttcp.o(.text)
    xMBPortTCPPool                           0x0800374d   Thumb Code    50  porttcp.o(.text)
    EnterCriticalSection                     0x0800377f   Thumb Code     4  porttcp.o(.text)
    ExitCriticalSection                      0x08003783   Thumb Code     4  porttcp.o(.text)
    __aeabi_memcpy                           0x08003791   Thumb Code    36  memcpya.o(.text)
    __aeabi_memcpy4                          0x08003791   Thumb Code     0  memcpya.o(.text)
    __aeabi_memcpy8                          0x08003791   Thumb Code     0  memcpya.o(.text)
    __aeabi_uldivmod                         0x080037b5   Thumb Code    98  uldiv.o(.text)
    __scatterload                            0x08003819   Thumb Code    28  init.o(.text)
    __scatterload_rt2                        0x08003819   Thumb Code     0  init.o(.text)
    __aeabi_llsl                             0x0800383d   Thumb Code    30  llshl.o(.text)
    _ll_shift_l                              0x0800383d   Thumb Code     0  llshl.o(.text)
    __aeabi_llsr                             0x0800385b   Thumb Code    32  llushr.o(.text)
    _ll_ushift_r                             0x0800385b   Thumb Code     0  llushr.o(.text)
    __decompress                             0x0800387b   Thumb Code     0  __dczerorl2.o(.text)
    __decompress1                            0x0800387b   Thumb Code    86  __dczerorl2.o(.text)
    __0printf$8                              0x080038d1   Thumb Code    22  printf8.o(i.__0printf$8)
    __1printf$8                              0x080038d1   Thumb Code     0  printf8.o(i.__0printf$8)
    __2printf                                0x080038d1   Thumb Code     0  printf8.o(i.__0printf$8)
    __scatterload_copy                       0x080038f1   Thumb Code    14  handlers.o(i.__scatterload_copy)
    __scatterload_null                       0x080038ff   Thumb Code     2  handlers.o(i.__scatterload_null)
    __scatterload_zeroinit                   0x08003901   Thumb Code    14  handlers.o(i.__scatterload_zeroinit)
    vMBPortTimersDisable                     0x08003d73   Thumb Code     2  porttimer.o(i.vMBPortTimersDisable)
    vMBPortTimersEnable                      0x08003d75   Thumb Code     2  porttimer.o(i.vMBPortTimersEnable)
    Region$$Table$$Base                      0x080040d8   Number         0  anon$$obj.o(Region$$Table)
    Region$$Table$$Limit                     0x080040f8   Number         0  anon$$obj.o(Region$$Table)
    usRegInputStart                          0x20000000   Data           2  main.o(.data)
    usRegHoldingStart                        0x20000002   Data           2  main.o(.data)
    ucRegDiscBuf                             0x20000004   Data           2  main.o(.data)
    ucRegCoilsBuf                            0x20000006   Data           2  main.o(.data)
    gWIZNETINFO                              0x20000008   Data          23  main.o(.data)
    SystemCoreClock                          0x20000034   Data           4  system_stm32f4xx.o(.data)
    AHBPrescTable                            0x20000038   Data          16  system_stm32f4xx.o(.data)
    WIZCHIP                                  0x20000060   Data          32  wizchip_conf.o(.data)
    pxMBFrameCBByteReceived                  0x200000c0   Data           4  mb.o(.data)
    pxMBFrameCBTransmitterEmpty              0x200000c4   Data           4  mb.o(.data)
    pxMBPortCBTimerExpired                   0x200000c8   Data           4  mb.o(.data)
    __stdout                                 0x20000150   Data           4  stdout.o(.data)
    usRegInputBuf                            0x20000154   Data          20  main.o(.bss)
    usRegHoldingBuf                          0x20000168   Data         200  main.o(.bss)
    ucRTUBuf                                 0x20000260   Data         256  mbrtu.o(.bss)
    __initial_sp                             0x20005468   Data           0  startup_stm32f4xx.o(STACK)



==============================================================================

Memory Map of the image

  Image Entry point : 0x08000189

  Load Region LR_IROM1 (Base: 0x08000000, Size: 0x0000424c, Max: 0x00100000, ABSOLUTE, COMPRESSED[0x00004188])

    Execution Region ER_IROM1 (Base: 0x08000000, Size: 0x000040f8, Max: 0x00100000, ABSOLUTE)

    Base Addr    Size         Type   Attr      Idx    E Section Name        Object

    0x08000000   0x00000188   Data   RO          234    RESET               startup_stm32f4xx.o
    0x08000188   0x00000000   Code   RO          722  * .ARM.Collect$$$$00000000  mc_w.l(entry.o)
    0x08000188   0x00000004   Code   RO          992    .ARM.Collect$$$$00000001  mc_w.l(entry2.o)
    0x0800018c   0x00000004   Code   RO          995    .ARM.Collect$$$$00000004  mc_w.l(entry5.o)
    0x08000190   0x00000000   Code   RO          997    .ARM.Collect$$$$00000008  mc_w.l(entry7b.o)
    0x08000190   0x00000000   Code   RO          999    .ARM.Collect$$$$0000000A  mc_w.l(entry8b.o)
    0x08000190   0x00000008   Code   RO         1000    .ARM.Collect$$$$0000000B  mc_w.l(entry9a.o)
    0x08000198   0x00000000   Code   RO         1002    .ARM.Collect$$$$0000000D  mc_w.l(entry10a.o)
    0x08000198   0x00000000   Code   RO         1004    .ARM.Collect$$$$0000000F  mc_w.l(entry11a.o)
    0x08000198   0x00000004   Code   RO          993    .ARM.Collect$$$$00002712  mc_w.l(entry2.o)
    0x0800019c   0x00000464   Code   RO            2    .text               main.o
    0x08000600   0x000000cc   Code   RO          179    .text               usart.o
    0x080006cc   0x00000012   Code   RO          196    .text               stm32f4xx_it.o
    0x080006de   0x00000002   PAD
    0x080006e0   0x000000b8   Code   RO          215    .text               delay.o
    0x08000798   0x00000024   Code   RO          235    .text               startup_stm32f4xx.o
    0x080007bc   0x000000b0   Code   RO          240    .text               misc.o
    0x0800086c   0x00000218   Code   RO          256    .text               stm32f4xx_gpio.o
    0x08000a84   0x000003d0   Code   RO          272    .text               stm32f4xx_rcc.o
    0x08000e54   0x00000338   Code   RO          290    .text               stm32f4xx_usart.o
    0x0800118c   0x000002f0   Code   RO          306    .text               stm32f4xx_spi.o
    0x0800147c   0x0000017c   Code   RO          371    .text               system_stm32f4xx.o
    0x080015f8   0x00000b28   Code   RO          392    .text               socket.o
    0x08002120   0x0000013c   Code   RO          411    .text               spi.o
    0x0800225c   0x00000594   Code   RO          429    .text               wizchip_conf.o
    0x080027f0   0x000002a0   Code   RO          454    .text               w5500.o
    0x08002a90   0x000002c8   Code   RO          469    .text               mbascii.o
    0x08002d58   0x0000012c   Code   RO          505    .text               mbfunccoils.o
    0x08002e84   0x00000072   Code   RO          520    .text               mbfuncdisc.o
    0x08002ef6   0x0000017a   Code   RO          532    .text               mbfuncholding.o
    0x08003070   0x00000062   Code   RO          544    .text               mbfuncinput.o
    0x080030d2   0x00000002   PAD
    0x080030d4   0x00000060   Code   RO          556    .text               mbfuncother.o
    0x08003134   0x0000006c   Code   RO          571    .text               mbutils.o
    0x080031a0   0x0000002c   Code   RO          583    .text               mbcrc.o
    0x080031cc   0x000001f4   Code   RO          597    .text               mbrtu.o
    0x080033c0   0x0000006e   Code   RO          616    .text               mbtcp.o
    0x0800342e   0x00000002   PAD
    0x08003430   0x00000274   Code   RO          631    .text               mb.o
    0x080036a4   0x00000038   Code   RO          654    .text               portevent.o
    0x080036dc   0x0000000e   Code   RO          668    .text               portserial.o
    0x080036ea   0x00000004   Code   RO          680    .text               porttimer.o
    0x080036ee   0x00000002   PAD
    0x080036f0   0x000000a0   Code   RO          704    .text               porttcp.o
    0x08003790   0x00000024   Code   RO          727    .text               mc_w.l(memcpya.o)
    0x080037b4   0x00000062   Code   RO         1009    .text               mc_w.l(uldiv.o)
    0x08003816   0x00000002   PAD
    0x08003818   0x00000024   Code   RO         1022    .text               mc_w.l(init.o)
    0x0800383c   0x0000001e   Code   RO         1024    .text               mc_w.l(llshl.o)
    0x0800385a   0x00000020   Code   RO         1026    .text               mc_w.l(llushr.o)
    0x0800387a   0x00000056   Code   RO         1040    .text               mc_w.l(__dczerorl2.o)
    0x080038d0   0x00000020   Code   RO          938    i.__0printf$8       mc_w.l(printf8.o)
    0x080038f0   0x0000000e   Code   RO         1034    i.__scatterload_copy  mc_w.l(handlers.o)
    0x080038fe   0x00000002   Code   RO         1035    i.__scatterload_null  mc_w.l(handlers.o)
    0x08003900   0x0000000e   Code   RO         1036    i.__scatterload_zeroinit  mc_w.l(handlers.o)
    0x0800390e   0x00000002   PAD
    0x08003910   0x00000410   Code   RO          945    i._printf_core      mc_w.l(printf8.o)
    0x08003d20   0x00000024   Code   RO          946    i._printf_post_padding  mc_w.l(printf8.o)
    0x08003d44   0x0000002e   Code   RO          947    i._printf_pre_padding  mc_w.l(printf8.o)
    0x08003d72   0x00000002   Code   RO          695    i.vMBPortTimersDisable  porttimer.o
    0x08003d74   0x00000002   Code   RO          689    i.vMBPortTimersEnable  porttimer.o
    0x08003d76   0x00000002   PAD
    0x08003d78   0x00000010   Data   RO            4    .constdata          main.o
    0x08003d88   0x00000200   Data   RO          584    .constdata          mbcrc.o
    0x08003f88   0x0000014e   Data   RO            5    .conststring        main.o
    0x080040d6   0x00000002   PAD
    0x080040d8   0x00000020   Data   RO         1032    Region$$Table       anon$$obj.o


    Execution Region RW_IRAM1 (Base: 0x20000000, Size: 0x00005468, Max: 0x00020000, ABSOLUTE, COMPRESSED[0x00000090])

    Base Addr    Size         Type   Attr      Idx    E Section Name        Object

    0x20000000   0x0000001f   Data   RW            6    .data               main.o
    0x2000001f   0x00000001   PAD
    0x20000020   0x00000004   Data   RW          216    .data               delay.o
    0x20000024   0x00000010   Data   RW          273    .data               stm32f4xx_rcc.o
    0x20000034   0x00000014   Data   RW          372    .data               system_stm32f4xx.o
    0x20000048   0x0000000e   Data   RW          394    .data               socket.o
    0x20000056   0x00000002   PAD
    0x20000058   0x00000028   Data   RW          430    .data               wizchip_conf.o
    0x20000080   0x00000010   Data   RW          470    .data               mbascii.o
    0x20000090   0x00000002   Data   RW          558    .data               mbfuncother.o
    0x20000092   0x00000002   PAD
    0x20000094   0x0000000c   Data   RW          599    .data               mbrtu.o
    0x200000a0   0x000000ac   Data   RW          632    .data               mb.o
    0x2000014c   0x00000002   Data   RW          655    .data               portevent.o
    0x2000014e   0x00000002   Data   RW          706    .data               porttcp.o
    0x20000150   0x00000004   Data   RW         1006    .data               mc_w.l(stdout.o)
    0x20000154   0x000000dc   Zero   RW            3    .bss                main.o
    0x20000230   0x00000010   Zero   RW          393    .bss                socket.o
    0x20000240   0x00000020   Zero   RW          557    .bss                mbfuncother.o
    0x20000260   0x00000100   Zero   RW          598    .bss                mbrtu.o
    0x20000360   0x00000107   Zero   RW          705    .bss                porttcp.o
    0x20000467   0x00000001   PAD
    0x20000468   0x00005000   Zero   RW          232    STACK               startup_stm32f4xx.o


==============================================================================

Image component sizes


      Code (inc. data)   RO Data    RW Data    ZI Data      Debug   Object Name

       184          4          0          4          0       1417   delay.o
      1124        302        350         31        220     259271   main.o
       628         76          0        172          0       4673   mb.o
       712         10          0         16          0       5237   mbascii.o
        44          4        512          0          0       1320   mbcrc.o
       300          0          0          0          0       2774   mbfunccoils.o
       114          0          0          0          0       1552   mbfuncdisc.o
       378          0          0          0          0       3681   mbfuncholding.o
        98          0          0          0          0       1567   mbfuncinput.o
        96          8          0          2         32       1765   mbfuncother.o
       500         14          0         12        256       3681   mbrtu.o
       110          0          0          0          0       2123   mbtcp.o
       108          0          0          0          0       1962   mbutils.o
       176         12          0          0          0       2029   misc.o
        56          4          0          2          0       1792   portevent.o
        14          0          0          0          0       1734   portserial.o
       160         10          0          2        263       2771   porttcp.o
         8          0          0          0          0       1685   porttimer.o
      2856         56          0         14         16       8875   socket.o
       316         18          0          0          0       3720   spi.o
        36          8        392          0      20480        980   startup_stm32f4xx.o
       536         38          0          0          0       3985   stm32f4xx_gpio.o
        18          0          0          0          0       1286   stm32f4xx_it.o
       976         36          0         16          0      10207   stm32f4xx_rcc.o
       752         22          0          0          0       6221   stm32f4xx_spi.o
       824         24          0          0          0       6976   stm32f4xx_usart.o
       380         36          0         20          0       2311   system_stm32f4xx.o
       204         10          0          0          0       1567   usart.o
       672          4          0          0          0       3070   w5500.o
      1428         34          0         40          0      11292   wizchip_conf.o

    ----------------------------------------------------------------------
     13818        730       1288        336      21268     361524   Object Totals
         0          0         32          0          0          0   (incl. Generated)
        10          0          2          5          1          0   (incl. Padding)

    ----------------------------------------------------------------------

      Code (inc. data)   RO Data    RW Data    ZI Data      Debug   Library Member Name

        86          0          0          0          0          0   __dczerorl2.o
         0          0          0          0          0          0   entry.o
         0          0          0          0          0          0   entry10a.o
         0          0          0          0          0          0   entry11a.o
         8          4          0          0          0          0   entry2.o
         4          0          0          0          0          0   entry5.o
         0          0          0          0          0          0   entry7b.o
         0          0          0          0          0          0   entry8b.o
         8          4          0          0          0          0   entry9a.o
        30          0          0          0          0          0   handlers.o
        36          8          0          0          0         68   init.o
        30          0          0          0          0         68   llshl.o
        32          0          0          0          0         68   llushr.o
        36          0          0          0          0         68   memcpya.o
      1154         54          0          0          0        352   printf8.o
         0          0          0          4          0          0   stdout.o
        98          0          0          0          0         92   uldiv.o

    ----------------------------------------------------------------------
      1526         70          0          4          0        716   Library Totals
         4          0          0          0          0          0   (incl. Padding)

    ----------------------------------------------------------------------

      Code (inc. data)   RO Data    RW Data    ZI Data      Debug   Library Name

      1522         70          0          4          0        716   mc_w.l

    ----------------------------------------------------------------------
      1526         70          0          4          0        716   Library Totals

    ----------------------------------------------------------------------

==============================================================================


      Code (inc. data)   RO Data    RW Data    ZI Data      Debug   

     15344        800       1288        340      21268     356012   Grand Totals
     15344        800       1288        144      21268     356012   ELF Image Totals (compressed)
     15344        800       1288        144          0          0   ROM Totals

==============================================================================

    Total RO  Size (Code + RO Data)                16632 (  16.24kB)
    Total RW  Size (RW Data + ZI Data)             21608 (  21.10kB)
    Total ROM Size (Code + RO Data + RW Data)      16776 (  16.38kB)

==============================================================================

