<html>
<body>
<pre>
<h1>礦ision Build Log</h1>
<h2>Tool Versions:</h2>
IDE-Version: μVision V5.14.0.0
Copyright (C) 2015 ARM Ltd and ARM Germany GmbH. All rights reserved.
License Information: 1 Microsoft, Microsoft, LIC=JL2Y8-32HG5-ZW02V-PLKZT-BTK57-E43RY
 
Tool Versions:
Toolchain:       MDK-ARM Standard  Version: 5.14.0.0
Toolchain Path:  D:\Keil_v5\ARM\ARMCC\Bin
C Compiler:      Armcc.exe V5.05 update 1 (build 106)
Assembler:       Armasm.exe V5.05 update 1 (build 106)
Linker/Locator:  ArmLink.exe V5.05 update 1 (build 106)
Library Manager: ArmAr.exe V5.05 update 1 (build 106)
Hex Converter:   FromElf.exe V5.05 update 1 (build 106)
CPU DLL:         SARMCM3.DLL V5.14.0.0
Dialog DLL:      DCM.DLL V1.13.1.0
Target DLL:      STLink\ST-LINKIII-KEIL_SWO.dll V2.0.14.0_KEIL
Dialog DLL:      TCM.DLL V1.14.4.0
 
<h2>Project:</h2>
C:\Users\Administrator\Desktop\缓存文件夹\STM32F4_w5500_tcp_server _tcp_modbus_led-17-1-12-10.36\Project\Project.uvprojx
Project File Date:  05/12/2017

<h2>Output:</h2>
Rebuild target 'Embed-Net'
compiling main.c...
compiling usart.c...
compiling stm32f4xx_it.c...
compiling delay.c...
assembling startup_stm32f4xx.s...
compiling misc.c...
compiling stm32f4xx_gpio.c...
compiling stm32f4xx_rcc.c...
compiling stm32f4xx_usart.c...
compiling stm32f4xx_spi.c...
compiling stm32f4xx_adc.c...
compiling stm32f4xx_dma.c...
compiling stm32f4xx_tim.c...
compiling system_stm32f4xx.c...
compiling socket.c...
compiling spi.c...
compiling wizchip_conf.c...
compiling w5500.c...
compiling mbascii.c...
compiling mbfunccoils.c...
compiling mbfuncdiag.c...
compiling mbfuncdisc.c...
compiling mbfuncholding.c...
compiling mbfuncinput.c...
compiling mbfuncother.c...
compiling mbutils.c...
compiling mbcrc.c...
compiling mbrtu.c...
..\modbus\rtu\mbrtu.c(153): warning:  #550-D: variable "xFrameReceived" was set but never used
      BOOL            xFrameReceived = FALSE;
..\modbus\rtu\mbrtu.c: 1 warning, 0 errors
compiling mbtcp.c...
compiling mb.c...
compiling portevent.c...
compiling portserial.c...
..\modbus\BARE\port\portserial.c(71): warning:  #177-D: function "prvvUARTTxReadyISR" was declared but never referenced
  static void prvvUARTTxReadyISR( void )
..\modbus\BARE\port\portserial.c(81): warning:  #177-D: function "prvvUARTRxISR" was declared but never referenced
  static void prvvUARTRxISR( void )
..\modbus\BARE\port\portserial.c: 2 warnings, 0 errors
compiling porttimer.c...
..\modbus\BARE\port\porttimer.c(56): warning:  #177-D: function "prvvTIMERExpiredISR" was declared but never referenced
  static void prvvTIMERExpiredISR( void )
..\modbus\BARE\port\porttimer.c: 1 warning, 0 errors
compiling porttcp.c...
linking...
Program Size: Code=15344 RO-data=1288 RW-data=340 ZI-data=21268  
FromELF: creating hex file...
".\Output\Project.axf" - 0 Error(s), 4 Warning(s).

<h2>Collection of Component include folders:</h2>
  C:\Users\Administrator\Desktop\缓存文件夹\STM32F4_w5500_tcp_server _tcp_modbus_led-17-1-12-10.36\Project\RTE
  D:\Keil_v5\ARM\PACK\Keil\STM32F4xx_DFP\2.10.0

<h2>Collection of Component Files used:</h2>
</pre>
</body>
</html>
